[20:40:51.904] info:  [20:40:51.904] info:  No default config found for: C:\GOG Games\Total Overdose\TOD.exe
[20:40:51.904] info:  [20:40:51.904] info:  Trying to open config file: C:\GOG Games\Total Overdose\.trex\bridge.conf
[20:40:51.904] warn:  [20:40:51.904] warn:  Option failed to parse: moduleClientChannelMemSize
[20:40:51.904] warn:  [20:40:51.904] warn:  Option failed to parse: moduleClientCmdQueueSize
[20:40:51.904] warn:  [20:40:51.904] warn:  Option failed to parse: moduleClientDataQueueSize
[20:40:51.904] warn:  [20:40:51.904] warn:  Option failed to parse: moduleServerChannelMemSize
[20:40:51.904] warn:  [20:40:51.904] warn:  Option failed to parse: moduleServerCmdQueueSize
[20:40:51.904] warn:  [20:40:51.904] warn:  Option failed to parse: moduleServerDataQueueSize
[20:40:51.904] warn:  [20:40:51.904] warn:  Option failed to parse: clientChannelMemSize
[20:40:51.904] warn:  [20:40:51.904] warn:  Option failed to parse: clientCmdQueueSize
[20:40:51.904] warn:  [20:40:51.904] warn:  Option failed to parse: clientDataQueueSize
[20:40:51.904] warn:  [20:40:51.904] warn:  Option failed to parse: serverChannelMemSize
[20:40:51.904] warn:  [20:40:51.904] warn:  Option failed to parse: serverCmdQueueSize
[20:40:51.904] warn:  [20:40:51.904] warn:  Option failed to parse: serverDataQueueSize
[20:40:51.904] warn:  [20:40:51.904] warn:  Option failed to parse: sendReadOnlyCalls
[20:40:51.904] warn:  [20:40:51.904] warn:  Option failed to parse: sendAllServerResponses
[20:40:51.904] warn:  [20:40:51.904] warn:  Option failed to parse: sendCreateFunctionServerResponses
[20:40:51.904] warn:  [20:40:51.904] warn:  Option failed to parse: logApiCalls
[20:40:51.904] warn:  [20:40:51.904] warn:  Option failed to parse: logAllCalls
[20:40:51.904] warn:  [20:40:51.904] warn:  Option failed to parse: logAllCommands
[20:40:51.904] warn:  [20:40:51.904] warn:  Option failed to parse: logServerCommands
[20:40:51.904] warn:  [20:40:51.904] warn:  Option failed to parse: commandTimeout
[20:40:51.904] warn:  [20:40:51.904] warn:  Option failed to parse: startupTimeout
[20:40:51.904] warn:  [20:40:51.904] warn:  Option failed to parse: commandRetries
[20:40:51.904] warn:  [20:40:51.904] warn:  Option failed to parse: ackTimeout
[20:40:51.904] warn:  [20:40:51.904] warn:  Option failed to parse: infiniteRetries
[20:40:51.904] warn:  [20:40:51.904] warn:  Option failed to parse: logLevel
[20:40:51.904] warn:  [20:40:51.904] warn:  Option failed to parse: keyStateCircBufMaxSize
[20:40:51.904] warn:  [20:40:51.904] warn:  Option failed to parse: presentSemaphoreMaxFrames
[20:40:51.904] warn:  [20:40:51.904] warn:  Option failed to parse: presentSemaphoreEnabled
[20:40:51.904] warn:  [20:40:51.904] warn:  Option failed to parse: commandBatchingEnabled
[20:40:51.904] warn:  [20:40:51.904] warn:  Option failed to parse: disableTimeoutsWhenDebugging
[20:40:51.904] warn:  [20:40:51.904] warn:  Option failed to parse: disableTimeouts
[20:40:51.904] warn:  [20:40:51.904] warn:  Option failed to parse: useSharedHeap
[20:40:51.904] warn:  [20:40:51.904] warn:  Option failed to parse: sharedHeapDefaultSegmentSize
[20:40:51.904] warn:  [20:40:51.904] warn:  Option failed to parse: sharedHeapChunkSize
[20:40:51.904] warn:  [20:40:51.904] warn:  Option failed to parse: sharedHeapFreeChunkWaitTimeout
[20:40:51.904] warn:  [20:40:51.904] warn:  Option failed to parse: threadSafetyPolicy
[20:40:51.904] warn:  [20:40:51.904] warn:  Option failed to parse: alwaysCopyEntireStaticBuffer
[20:40:51.904] warn:  [20:40:51.904] warn:  Option failed to parse: exposeRemixApi
[20:40:51.904] warn:  [20:40:51.904] warn:  Option failed to parse: eliminateRedundantSetterCalls
[20:40:51.904] info:  ==================
[20:40:51.904] info:  NVIDIA RTX Remix Bridge Server
[20:40:51.904] info:  ==================
[20:40:51.904] info:  Version: remix-main+cfb6edc9
[20:40:51.904] info:  Running in x64 mode!
[20:40:51.904] info:  Launched server with GUID 16ce6927-f308-4f95-89b8-57193b959080
[20:40:51.905] info:  Server started up, waiting for connection from client...
[20:40:51.905] info:  Registering exit callback in case client exits unexpectedly.
[20:40:51.905] info:  Registering message channel for asynchronous message handling.
[20:40:51.905] info:  Initializing D3D9...
[20:40:51.905] warn:  Option failed to parse: server.useVanillaDxvk
[20:40:51.994] info:  Message channel MessageChannelServer established.
[20:40:52.129] info:  D3D9 interface object creation succeeded!
[20:40:52.129] info:  Loaded D3D9 from C:\GOG Games\Total Overdose\.trex\d3d9.dll
[20:40:52.129] info:  Version of d3d9 loaded is DXVK
[20:40:52.129] info:  Feature version parity confirmed!
[20:40:52.129] info:  Sync request received, sending ACK response...
[20:40:52.129] info:  Done! Now waiting for client to consume the response...
[20:40:52.130] info:  Handshake completed! Now waiting for incoming commands...
[20:40:52.130] info:  D3D9 Module destroyed.
[20:40:54.105] info:  Server side D3D9 Device created successfully!
[20:43:55.897] info:  Client window became inactive, disabling timeouts for bridge server...
[20:43:59.776] info:  Client window became active, reenabling timeouts for bridge server!
[20:47:07.671] info:  Client window became inactive, disabling timeouts for bridge server...
[20:47:12.800] err:   996 objects discovered in Resource map at Direct3D module eviction:
[20:47:12.800] err:   	5 -> 00000198895D67B0
[20:47:12.800] err:   	6 -> 00000198895D67B0
[20:47:12.800] err:   	19a3 -> 00000198CCEC4AA0
[20:47:12.800] err:   	f -> 00000198897F0B80
[20:47:12.800] err:   	1d -> 0000019889802160
[20:47:12.800] err:   	1e -> 00000198897F09A0
[20:47:12.800] err:   	1f -> 0000019889803420
[20:47:12.800] err:   	20 -> 00000198897F13A0
[20:47:12.800] err:   	8e -> 0000019889148450
[20:47:12.800] err:   	9b -> 0000019889149760
[20:47:12.800] err:   	9e -> 0000019889145E30
[20:47:12.800] err:   	a1 -> 000001988914AA70
[20:47:12.800] err:   	a6 -> 00000198CC8CF3F0
[20:47:12.800] err:   	a9 -> 00000198CC8D2D20
[20:47:12.800] err:   	18ce -> 00000198CCE9AD80
[20:47:12.800] err:   	19ce -> 00000198CCEC70C0
[20:47:12.800] err:   	192c -> 00000198CCEB52D0
[20:47:12.800] err:   	1810 -> 00000198CCE85660
[20:47:12.800] err:   	1a5f -> 00000198CCEE2730
[20:47:12.800] err:   	1a7f -> 00000198CCEE1420
[20:47:12.800] err:   	197f -> 00000198CCEBD840
[20:47:12.800] err:   	181f -> 00000198CCE83040
[20:47:12.800] err:   	15e3 -> 00000198CCE03E80
[20:47:12.800] err:   	17ee -> 00000198CCE80A20
[20:47:12.800] err:   	1510 -> 00000198CCDD0CB0
[20:47:12.800] err:   	151a -> 00000198CCDCE690
[20:47:12.800] err:   	168e -> 00000198CCE195A0
[20:47:12.800] err:   	13d5 -> 00000198CCDA8490
[20:47:12.800] err:   	161f -> 00000198CCE0B0E0
[20:47:12.800] err:   	143a -> 00000198CCDB1D10
[20:47:12.800] err:   	1721 -> 00000198CCE2FFD0
[20:47:12.800] err:   	1710 -> 00000198CCE2ECC0
[20:47:12.800] err:   	173a -> 00000198CCE640A0
[20:47:12.800] err:   	1421 -> 00000198CCDB0A00
[20:47:12.800] err:   	13ee -> 00000198CCDA5E70
[20:47:12.800] err:   	13c3 -> 00000198CCD9EC10
[20:47:12.800] err:   	142b -> 00000198CCDAD0D0
[20:47:12.800] err:   	1370 -> 00000198CCA28640
[20:47:12.800] err:   	137a -> 00000198CCD979B0
[20:47:12.800] err:   	15d9 -> 00000198CCE02B70
[20:47:12.800] err:   	15b1 -> 00000198CCE01860
[20:47:12.800] err:   	1384 -> 00000198CCD9B2E0
[20:47:12.800] err:   	1752 -> 00000198CCE666C0
[20:47:12.800] err:   	17a2 -> 00000198CCE71250
[20:47:12.800] err:   	15a7 -> 00000198CCDFF240
[20:47:12.800] err:   	16df -> 00000198CCE21B10
[20:47:12.800] err:   	16d8 -> 00000198CCE25440
[20:47:12.800] err:   	15f7 -> 00000198CCE08AC0
[20:47:12.800] err:   	1524 -> 00000198CCDD1FC0
[20:47:12.800] err:   	152e -> 00000198CCDD32D0
[20:47:12.800] err:   	15cf -> 00000198CCE064A0
[20:47:12.800] err:   	13cc -> 00000198CCDA3850
[20:47:12.800] err:   	1763 -> 00000198CCE69FF0
[20:47:12.800] err:   	1369 -> 00000198CCA26420
[20:47:12.800] err:   	176b -> 00000198CCE679D0
[20:47:12.800] err:   	136d -> 00000198CCA27FC0
[20:47:12.800] err:   	1506 -> 00000198CCDCD380
[20:47:12.800] err:   	1556 -> 00000198CCDF46B0
[20:47:12.800] err:   	175b -> 00000198CCE6D920
[20:47:12.800] err:   	1a23 -> 00000198CCED7BA0
[20:47:12.800] err:   	1a37 -> 00000198CCEDC7E0
[20:47:12.800] err:   	163e -> 00000198CCE0C3F0
[20:47:12.800] err:   	1371 -> 00000198CCA26900
[20:47:12.800] err:   	1773 -> 00000198CCE6B300
[20:47:12.800] err:   	1574 -> 00000198CCDF59C0
[20:47:12.800] err:   	157e -> 00000198CCDFA600
[20:47:12.800] err:   	177b -> 00000198CCE6C610
[20:47:12.800] err:   	137d -> 00000198CCD966A0
[20:47:12.800] err:   	154c -> 00000198CCDF2090
[20:47:12.800] err:   	1652 -> 00000198CCE13650
[20:47:12.800] err:   	17d7 -> 00000198CCE7AAD0
[20:47:12.800] err:   	1633 -> 00000198CCE0FD20
[20:47:12.800] err:   	160b -> 00000198CCE0D700
[20:47:12.800] err:   	1454 -> 00000198CCDB4330
[20:47:12.800] err:   	14ac -> 00000198CCDC3B00
[20:47:12.800] err:   	1476 -> 00000198CCDB8F70
[20:47:12.800] err:   	1444 -> 00000198CCDB3020
[20:47:12.800] err:   	144c -> 00000198CCDB7C60
[20:47:12.800] err:   	178f -> 00000198CCE72560
[20:47:12.800] err:   	18c6 -> 00000198CCE9D3A0
[20:47:12.800] err:   	14c0 -> 00000198CCDC4E10
[20:47:12.800] err:   	18d6 -> 00000198CCE9E6B0
[20:47:12.800] err:   	1592 -> 00000198CCDFB910
[20:47:12.800] err:   	1799 -> 00000198CCE73870
[20:47:12.800] err:   	1828 -> 00000198CCE87C80
[20:47:12.800] err:   	17ac -> 00000198CCE74B80
[20:47:12.800] err:   	16bf -> 00000198CCE20800
[20:47:12.800] err:   	148a -> 00000198CCDBA280
[20:47:12.800] err:   	14a2 -> 00000198CCDBEEC0
[20:47:12.800] err:   	16a9 -> 00000198CCE1F4F0
[20:47:12.801] err:   	14f2 -> 00000198CCDCC070
[20:47:12.801] err:   	14ca -> 00000198CCDC9A50
[20:47:12.801] err:   	16c9 -> 00000198CCE22E20
[20:47:12.801] err:   	1492 -> 00000198CCDC14E0
[20:47:12.801] err:   	136a -> 00000198CCA27530
[20:47:12.801] err:   	136b -> 00000198CCA264F0
[20:47:12.801] err:   	136c -> 00000198CCA27600
[20:47:12.801] err:   	136e -> 00000198CCA284A0
[20:47:12.801] err:   	136f -> 00000198CCA28570
[20:47:12.801] err:   	1372 -> 00000198CCA287E0
[20:47:12.801] err:   	1374 -> 00000198CCD81670
[20:47:12.801] err:   	1377 -> 00000198CCD95390
[20:47:12.801] err:   	138b -> 00000198CCD9C5F0
[20:47:12.801] err:   	1392 -> 00000198CCD98CC0
[20:47:12.801] err:   	139a -> 00000198CCD9D900
[20:47:12.801] err:   	13a2 -> 00000198CCD99FD0
[20:47:12.801] err:   	13aa -> 00000198CCD9FF20
[20:47:12.801] err:   	13b2 -> 00000198CCDA1230
[20:47:12.801] err:   	13bb -> 00000198CCDA2540
[20:47:12.801] err:   	13de -> 00000198CCDA4B60
[20:47:12.801] err:   	13e6 -> 00000198CCDA97A0
[20:47:12.801] err:   	13f6 -> 00000198CCDAAAB0
[20:47:12.801] err:   	13fe -> 00000198CCDA7180
[20:47:12.801] err:   	1407 -> 00000198CCDAE3E0
[20:47:12.801] err:   	140f -> 00000198CCDAF6F0
[20:47:12.801] err:   	1418 -> 00000198CCDABDC0
[20:47:12.801] err:   	1432 -> 00000198CCDB5640
[20:47:12.801] err:   	145d -> 00000198CCDB6950
[20:47:12.801] err:   	1467 -> 00000198CCDBB590
[20:47:12.801] err:   	146f -> 00000198CCDBC8A0
[20:47:12.801] err:   	1480 -> 00000198CCDBDBB0
[20:47:12.801] err:   	149b -> 00000198CCDC01D0
[20:47:12.801] err:   	14b6 -> 00000198CCDC27F0
[20:47:12.801] err:   	14d4 -> 00000198CCDC6120
[20:47:12.801] err:   	14de -> 00000198CCDC7430
[20:47:12.801] err:   	14e8 -> 00000198CCDCAD60
[20:47:12.801] err:   	14fc -> 00000198CCDC8740
[20:47:12.801] err:   	1538 -> 00000198CCDCF9A0
[20:47:12.801] err:   	18ab -> 00000198CCE99A70
[20:47:12.801] err:   	1542 -> 00000198CCD80360
[20:47:12.801] err:   	1560 -> 00000198CCDF33A0
[20:47:12.801] err:   	156a -> 00000198CCDF7FE0
[20:47:12.801] err:   	1588 -> 00000198CCDF6CD0
[20:47:12.801] err:   	159c -> 00000198CCDF92F0
[20:47:12.801] err:   	15bb -> 00000198CCE00550
[20:47:12.801] err:   	15c5 -> 00000198CCDFDF30
[20:47:12.801] err:   	15ed -> 00000198CCE077B0
[20:47:12.801] err:   	1601 -> 00000198CCE05190
[20:47:12.801] err:   	1615 -> 00000198CCE09DD0
[20:47:12.801] err:   	1629 -> 00000198CCE0EA10
[20:47:12.801] err:   	1648 -> 00000198CCE12340
[20:47:12.801] err:   	165c -> 00000198CCE11030
[20:47:12.801] err:   	1666 -> 00000198CCE18290
[20:47:12.801] err:   	166e -> 00000198CCE15C70
[20:47:12.801] err:   	1676 -> 00000198CCE16F80
[20:47:12.801] err:   	167e -> 00000198CCE14960
[20:47:12.801] err:   	1686 -> 00000198CCE1CED0
[20:47:12.801] err:   	1696 -> 00000198CCE1E1E0
[20:47:12.801] err:   	169e -> 00000198CCE1A8B0
[20:47:12.801] err:   	16b4 -> 00000198CCE1BBC0
[20:47:12.801] err:   	16d1 -> 00000198CCE24130
[20:47:12.801] err:   	16e5 -> 00000198CCE2A080
[20:47:12.801] err:   	16eb -> 00000198CCE26750
[20:47:12.801] err:   	16f3 -> 00000198CCE2B390
[20:47:12.801] err:   	16fb -> 00000198CCE27A60
[20:47:12.801] err:   	1702 -> 00000198CCE2C6A0
[20:47:12.801] err:   	1709 -> 00000198CCE28D70
[20:47:12.801] err:   	1719 -> 00000198CCE312E0
[20:47:12.801] err:   	172a -> 00000198CCE2D9B0
[20:47:12.801] err:   	1732 -> 00000198CCD94080
[20:47:12.801] err:   	1742 -> 00000198CCE653B0
[20:47:12.801] err:   	174a -> 00000198CCE68CE0
[20:47:12.801] err:   	1785 -> 00000198CCE6FF40
[20:47:12.801] err:   	17b4 -> 00000198CCE75E90
[20:47:12.801] err:   	17bc -> 00000198CCE771A0
[20:47:12.801] err:   	17c5 -> 00000198CCE7BDE0
[20:47:12.801] err:   	17cd -> 00000198CCE784B0
[20:47:12.801] err:   	17dd -> 00000198CCE7D0F0
[20:47:12.801] err:   	17e6 -> 00000198CCE797C0
[20:47:12.801] err:   	17f6 -> 00000198CCE7F710
[20:47:12.801] err:   	17fe -> 00000198CCE81D30
[20:47:12.801] err:   	1807 -> 00000198CCE7E400
[20:47:12.801] err:   	1816 -> 00000198CCE86970
[20:47:12.801] err:   	1831 -> 00000198CCE84350
[20:47:12.801] err:   	183b -> 00000198CCE8C8C0
[20:47:12.801] err:   	1845 -> 00000198CCE88F90
[20:47:12.801] err:   	184f -> 00000198CCE8A2A0
[20:47:12.801] err:   	1858 -> 00000198CCE8B5B0
[20:47:12.801] err:   	1861 -> 00000198CCE91500
[20:47:12.801] err:   	1864 -> 00000198CCE8DBD0
[20:47:12.801] err:   	186c -> 00000198CCE92810
[20:47:12.801] err:   	1875 -> 00000198CCE8EEE0
[20:47:12.801] err:   	187e -> 00000198CCE93B20
[20:47:12.801] err:   	1887 -> 00000198CCE901F0
[20:47:12.801] err:   	1890 -> 00000198CCE96140
[20:47:12.801] err:   	1898 -> 00000198CCE98760
[20:47:12.801] err:   	18a2 -> 00000198CCE94E30
[20:47:12.801] err:   	18b4 -> 00000198CCE97450
[20:47:12.801] err:   	1b05 -> 00000198CCF90D20
[20:47:12.801] err:   	18be -> 00000198CCE9C090
[20:47:12.801] err:   	18e0 -> 00000198CCEA1FE0
[20:47:12.801] err:   	18e8 -> 00000198CCE9F9C0
[20:47:12.801] err:   	18f0 -> 00000198CCEA32F0
[20:47:12.801] err:   	18f7 -> 00000198CCEA0CD0
[20:47:12.801] err:   	1900 -> 00000198CCDFCC20
[20:47:12.801] err:   	1909 -> 00000198CCEB0690
[20:47:12.801] err:   	1911 -> 00000198CCEB19A0
[20:47:12.801] err:   	191b -> 00000198CCEAF380
[20:47:12.801] err:   	1923 -> 00000198CCEB2CB0
[20:47:12.801] err:   	1935 -> 00000198CCEB65E0
[20:47:12.801] err:   	1aa4 -> 00000198CCEED2C0
[20:47:12.801] err:   	193e -> 00000198CCEB78F0
[20:47:12.801] err:   	1946 -> 00000198CCEB3FC0
[20:47:12.801] err:   	194f -> 00000198CCEB9F10
[20:47:12.801] err:   	1958 -> 00000198CCEBC530
[20:47:12.801] err:   	1960 -> 00000198CCEB8C00
[20:47:12.801] err:   	196a -> 00000198CCEBEB50
[20:47:12.801] err:   	1971 -> 00000198CCEBB220
[20:47:12.801] err:   	1978 -> 00000198CCEBFE60
[20:47:12.801] err:   	1988 -> 00000198CCEC1170
[20:47:12.801] err:   	1991 -> 00000198CCEC2480
[20:47:12.801] err:   	199b -> 00000198CCEC3790
[20:47:12.801] err:   	19ac -> 00000198CCEC5DB0
[20:47:12.801] err:   	19b4 -> 00000198CCEC83D0
[20:47:12.801] err:   	19ba -> 00000198CCEC96E0
[20:47:12.801] err:   	19c4 -> 00000198CCECA9F0
[20:47:12.801] err:   	1a55 -> 00000198CCEE0110
[20:47:12.801] err:   	19d8 -> 00000198CCECF630
[20:47:12.801] err:   	19e1 -> 00000198CCECE320
[20:47:12.801] err:   	19ea -> 00000198CCECD010
[20:47:12.801] err:   	19f4 -> 00000198CCECBD00
[20:47:12.801] err:   	19fc -> 00000198CCED2F60
[20:47:12.801] err:   	1a04 -> 00000198CCED4270
[20:47:12.801] err:   	1a0b -> 00000198CCED0940
[20:47:12.801] err:   	1a0e -> 00000198CCED5580
[20:47:12.801] err:   	1a11 -> 00000198CCED1C50
[20:47:12.801] err:   	1a14 -> 00000198CCED8EB0
[20:47:12.801] err:   	1a17 -> 00000198CCED6890
[20:47:12.801] err:   	1a2d -> 00000198CCEDB4D0
[20:47:12.802] err:   	1a41 -> 00000198CCEDDAF0
[20:47:12.802] err:   	1a4b -> 00000198CCEDA1C0
[20:47:12.802] err:   	1a67 -> 00000198CCEDEE00
[20:47:12.802] err:   	1a6f -> 00000198CCEE3A40
[20:47:12.802] err:   	1a77 -> 00000198CCEE4D50
[20:47:12.802] err:   	1a85 -> 00000198CCEE7370
[20:47:12.802] err:   	1a8d -> 00000198CCEE8680
[20:47:12.802] err:   	1a94 -> 00000198CCEE6060
[20:47:12.802] err:   	1a9c -> 00000198CCEEBFB0
[20:47:12.802] err:   	1aab -> 00000198CCEEACA0
[20:47:12.802] err:   	1ab3 -> 00000198CCEE9990
[20:47:12.802] err:   	1aba -> 00000198CCE6EC30
[20:47:12.802] err:   	1ac2 -> 00000198CCF8D3F0
[20:47:12.802] err:   	1b0f -> 00000198CCF93340
[20:47:12.802] err:   	4fd6 -> 000001993D742F60
[20:47:12.802] err:   	4fcc -> 000001993D73E320
[20:47:12.802] err:   	4e27 -> 000001993D6E94D0
[20:47:12.802] err:   	5ece -> 000001993DA3B850
[20:47:12.802] err:   	4cdd -> 000001993D6BC070
[20:47:12.802] err:   	4b33 -> 000001993D68D160
[20:47:12.802] err:   	4f38 -> 000001993D72B220
[20:47:12.802] err:   	5c21 -> 000001993D990C90
[20:47:12.802] err:   	582b -> 000001993D8ECC90
[20:47:12.802] err:   	4e38 -> 000001993D6EBAF0
[20:47:12.802] err:   	5ac3 -> 000001993D963830
[20:47:12.802] err:   	4bcb -> 000001993D69DC40
[20:47:12.802] err:   	5fd9 -> 000001993DA5F430
[20:47:12.802] err:   	4f24 -> 000001993D729F10
[20:47:12.802] err:   	4b29 -> 000001993D685F00
[20:47:12.802] err:   	5c2b -> 000001993D98E670
[20:47:12.802] err:   	4d23 -> 000001993D6C9220
[20:47:12.802] err:   	4d37 -> 000001993D6C6C00
[20:47:12.802] err:   	4ec7 -> 000001993D7219A0
[20:47:12.802] err:   	4ed0 -> 000001993D720690
[20:47:12.802] err:   	4fdf -> 000001993D73F630
[20:47:12.802] err:   	4f2d -> 000001993D72EB50
[20:47:12.802] err:   	50d5 -> 000001993D78CCC0
[20:47:12.802] err:   	4ab2 -> 000001993D67A060
[20:47:12.802] err:   	4abb -> 000001993D67D990
[20:47:12.802] err:   	4ac5 -> 000001993D67B370
[20:47:12.802] err:   	4acf -> 000001993D67FFB0
[20:47:12.802] err:   	4ad9 -> 000001993D67C680
[20:47:12.802] err:   	4ae3 -> 000001993D6825D0
[20:47:12.802] err:   	4aed -> 000001993D684BF0
[20:47:12.802] err:   	4af7 -> 000001993D6838E0
[20:47:12.802] err:   	4b01 -> 000001993D6812C0
[20:47:12.802] err:   	4b0b -> 000001993D687210
[20:47:12.802] err:   	4b15 -> 000001993D688520
[20:47:12.802] err:   	4b1f -> 000001993D689830
[20:47:12.802] err:   	4b3d -> 000001993D68BE50
[20:47:12.802] err:   	4b47 -> 000001993D68E470
[20:47:12.802] err:   	4b52 -> 000001993D68AB40
[20:47:12.802] err:   	4b5c -> 000001993D691DA0
[20:47:12.802] err:   	4b66 -> 000001993D690A90
[20:47:12.802] err:   	4b71 -> 000001993D68F780
[20:47:12.802] err:   	4b7b -> 000001993D6943C0
[20:47:12.802] err:   	4b85 -> 000001993D6930B0
[20:47:12.802] err:   	4b8f -> 000001993D697CF0
[20:47:12.802] err:   	4b9a -> 000001993D6956D0
[20:47:12.802] err:   	4ba4 -> 000001993D6969E0
[20:47:12.802] err:   	4bae -> 000001993D69B620
[20:47:12.802] err:   	4bb8 -> 000001993D699000
[20:47:12.802] err:   	4bc2 -> 000001993D69C930
[20:47:12.802] err:   	4bd5 -> 000001993D69A310
[20:47:12.802] err:   	4bdf -> 000001993D6A0260
[20:47:12.802] err:   	4be9 -> 000001993D6A2880
[20:47:12.802] err:   	4bf3 -> 000001993D6A1570
[20:47:12.802] err:   	4bfc -> 000001993D69EF50
[20:47:12.802] err:   	4c05 -> 000001993D6A3B90
[20:47:12.802] err:   	4c0e -> 000001993D6A4EA0
[20:47:12.802] err:   	4c17 -> 000001993D6A61B0
[20:47:12.802] err:   	4c21 -> 000001993D6AADF0
[20:47:12.802] err:   	56d5 -> 000001993D8B98E0
[20:47:12.802] err:   	4c2b -> 000001993D6A87D0
[20:47:12.802] err:   	4c35 -> 000001993D6A9AE0
[20:47:12.802] err:   	4c3f -> 000001993D6A74C0
[20:47:12.802] err:   	4c49 -> 000001993D6AD410
[20:47:12.802] err:   	4c53 -> 000001993D6AE720
[20:47:12.802] err:   	4c5d -> 000001993D6AC100
[20:47:12.802] err:   	4c67 -> 000001993D6B0D40
[20:47:12.802] err:   	4c73 -> 000001993D6AFA30
[20:47:12.802] err:   	4c7f -> 000001993D6B4670
[20:47:12.802] err:   	4c88 -> 000001993D6B5980
[20:47:12.802] err:   	4c92 -> 000001993D6B2050
[20:47:12.802] err:   	4c9b -> 000001993D6B6C90
[20:47:12.802] err:   	4ca4 -> 000001993D6B3360
[20:47:12.802] err:   	4cad -> 000001993D6B7FA0
[20:47:12.802] err:   	4cb6 -> 000001993D6B92B0
[20:47:12.802] err:   	4cbf -> 000001993D675FF0
[20:47:12.802] err:   	4cc9 -> 000001993D6BD380
[20:47:12.802] err:   	4cd3 -> 000001993D6BF9A0
[20:47:12.802] err:   	4ce7 -> 000001993D6BE690
[20:47:12.802] err:   	4cf1 -> 000001993D6C32D0
[20:47:12.802] err:   	4cfb -> 000001993D6C0CB0
[20:47:12.802] err:   	4d05 -> 000001993D6C58F0
[20:47:12.802] err:   	4d0f -> 000001993D6C1FC0
[20:47:12.802] err:   	4d19 -> 000001993D6C45E0
[20:47:12.802] err:   	4d2d -> 000001993D6CA530
[20:47:12.802] err:   	4d41 -> 000001993D6C7F10
[20:47:12.802] err:   	4d4a -> 000001993D6CDE60
[20:47:12.802] err:   	4d53 -> 000001993D6CCB50
[20:47:12.802] err:   	4d5c -> 000001993D6CB840
[20:47:12.802] err:   	4d66 -> 000001993D6D0480
[20:47:12.802] err:   	4d6f -> 000001993D6D2AA0
[20:47:12.802] err:   	4d78 -> 000001993D6D50C0
[20:47:12.802] err:   	4d81 -> 000001993D6D3DB0
[20:47:12.802] err:   	4d8a -> 000001993D6CF170
[20:47:12.802] err:   	4d93 -> 000001993D6D9D00
[20:47:12.802] err:   	4d9d -> 000001993D6D63D0
[20:47:12.802] err:   	4da7 -> 000001993D6D76E0
[20:47:12.802] err:   	4db1 -> 000001993D6DB010
[20:47:12.802] err:   	4dbb -> 000001993D6DC320
[20:47:12.802] err:   	4dc5 -> 000001993D6D89F0
[20:47:12.802] err:   	4dcf -> 000001993D6E0F60
[20:47:12.802] err:   	4dd9 -> 000001993D6DD630
[20:47:12.802] err:   	4de3 -> 000001993D6E2270
[20:47:12.802] err:   	4ded -> 000001993D6DE940
[20:47:12.802] err:   	4df7 -> 000001993D6E3580
[20:47:12.802] err:   	4e01 -> 000001993D6DFC50
[20:47:12.802] err:   	4e0b -> 000001993D6E4890
[20:47:12.802] err:   	4e14 -> 000001993D6E81C0
[20:47:12.802] err:   	4e1e -> 000001993D6E6EB0
[20:47:12.802] err:   	4e2f -> 000001993D6E5BA0
[20:47:12.802] err:   	4e41 -> 000001993D6EA7E0
[20:47:12.802] err:   	4e4a -> 000001993D6EF420
[20:47:12.802] err:   	4e53 -> 000001993D6ECE00
[20:47:12.802] err:   	4e5b -> 000001993D6EE110
[20:47:12.802] err:   	4e64 -> 000001993D6F1A40
[20:47:12.802] err:   	4e6d -> 000001993D6F2D50
[20:47:12.802] err:   	4e76 -> 000001993D6F4060
[20:47:12.802] err:   	4e7f -> 000001993D6F0730
[20:47:12.802] err:   	4e88 -> 000001993D6F5370
[20:47:12.802] err:   	4e91 -> 000001993D6F9FB0
[20:47:12.802] err:   	4e9a -> 000001993D6F6680
[20:47:12.802] err:   	4ea3 -> 000001993D6FB2C0
[20:47:12.802] err:   	4eac -> 000001993D6F8CA0
[20:47:12.802] err:   	4eb5 -> 000001993D6F7990
[20:47:12.802] err:   	4ebe -> 000001993D67ECA0
[20:47:12.802] err:   	4ed9 -> 000001993D722CB0
[20:47:12.802] err:   	4ee2 -> 000001993D71E070
[20:47:12.802] err:   	4eeb -> 000001993D7278F0
[20:47:12.802] err:   	4ef3 -> 000001993D723FC0
[20:47:12.802] err:   	4efd -> 000001993D728C00
[20:47:12.802] err:   	4f07 -> 000001993D7265E0
[20:47:12.802] err:   	4f11 -> 000001993D7252D0
[20:47:12.802] err:   	4f1a -> 000001993D72D840
[20:47:12.802] err:   	4f42 -> 000001993D72FE60
[20:47:12.802] err:   	4f4c -> 000001993D72C530
[20:47:12.802] err:   	4f55 -> 000001993D731170
[20:47:12.802] err:   	4f5e -> 000001993D732480
[20:47:12.802] err:   	4f67 -> 000001993D7370C0
[20:47:12.802] err:   	4f70 -> 000001993D734AA0
[20:47:12.802] err:   	4f79 -> 000001993D735DB0
[20:47:12.802] err:   	4f82 -> 000001993D733790
[20:47:12.802] err:   	4f8c -> 000001993D7396E0
[20:47:12.802] err:   	4f95 -> 000001993D7383D0
[20:47:12.802] err:   	4f9e -> 000001993D73BD00
[20:47:12.802] err:   	4fa7 -> 000001993D73D010
[20:47:12.802] err:   	4fb0 -> 000001993D73A9F0
[20:47:12.802] err:   	4fb9 -> 000001993D741C50
[20:47:12.802] err:   	4fc3 -> 000001993D740940
[20:47:12.802] err:   	4fe9 -> 000001993D746890
[20:47:12.802] err:   	4ff2 -> 000001993D745580
[20:47:12.802] err:   	4ffb -> 000001993D747BA0
[20:47:12.802] err:   	5004 -> 000001993D744270
[20:47:12.802] err:   	500d -> 000001993D748EB0
[20:47:12.802] err:   	5016 -> 000001993D74A1C0
[20:47:12.802] err:   	501f -> 000001993D74B4D0
[20:47:12.802] err:   	5029 -> 000001993D74DAF0
[20:47:12.802] err:   	5033 -> 000001993D74EE00
[20:47:12.802] err:   	503c -> 000001993D74C7E0
[20:47:12.802] err:   	5045 -> 000001993D751420
[20:47:12.802] err:   	504f -> 000001993D750110
[20:47:12.802] err:   	5059 -> 000001993D753A40
[20:47:12.802] err:   	5063 -> 000001993D756060
[20:47:12.802] err:   	506c -> 000001993D752730
[20:47:12.802] err:   	5076 -> 000001993D757370
[20:47:12.802] err:   	5080 -> 000001993D758680
[20:47:12.802] err:   	508a -> 000001993D754D50
[20:47:12.802] err:   	5094 -> 000001993D75BFB0
[20:47:12.802] err:   	509e -> 000001993D75D2C0
[20:47:12.802] err:   	50a8 -> 000001993D759990
[20:47:12.802] err:   	50b2 -> 000001993D75ACA0
[20:47:12.802] err:   	50bb -> 000001993D6D1790
[20:47:12.802] err:   	50c3 -> 000001993D789390
[20:47:12.802] err:   	50cb -> 000001993D78B9B0
[20:47:12.802] err:   	50df -> 000001993D78DFD0
[20:47:12.802] err:   	50e9 -> 000001993D78A6A0
[20:47:12.802] err:   	50f3 -> 000001993D7905F0
[20:47:12.802] err:   	50fd -> 000001993D78F2E0
[20:47:12.802] err:   	5107 -> 000001993D795230
[20:47:12.802] err:   	5111 -> 000001993D791900
[20:47:12.802] err:   	511b -> 000001993D796540
[20:47:12.802] err:   	5125 -> 000001993D792C10
[20:47:12.802] err:   	57c8 -> 000001993D8DE7D0
[20:47:12.802] err:   	512e -> 000001993D793F20
[20:47:12.802] err:   	5bd1 -> 000001993D987410
[20:47:12.802] err:   	5137 -> 000001993D798B60
[20:47:12.802] err:   	5141 -> 000001993D799E70
[20:47:12.802] err:   	514b -> 000001993D79B180
[20:47:12.802] err:   	5154 -> 000001993D797850
[20:47:12.802] err:   	515d -> 000001993D79D7A0
[20:47:12.802] err:   	5167 -> 000001993D79EAB0
[20:47:12.802] err:   	5171 -> 000001993D79FDC0
[20:47:12.802] err:   	517b -> 000001993D79C490
[20:47:12.802] err:   	5185 -> 000001993D7A23E0
[20:47:12.802] err:   	518f -> 000001993D7A36F0
[20:47:12.802] err:   	5199 -> 000001993D7A10D0
[20:47:12.802] err:   	51a3 -> 000001993D7A5D10
[20:47:12.802] err:   	51ad -> 000001993D7A7020
[20:47:12.802] err:   	51b7 -> 000001993D7A8330
[20:47:12.802] err:   	51c0 -> 000001993D7A4A00
[20:47:12.802] err:   	51ca -> 000001993D7A9640
[20:47:12.802] err:   	51d4 -> 000001993D7AA950
[20:47:12.802] err:   	51de -> 000001993D7ACF70
[20:47:12.802] err:   	51e8 -> 000001993D7AE280
[20:47:12.802] err:   	51f2 -> 000001993D7AF590
[20:47:12.802] err:   	51fc -> 000001993D7ABC60
[20:47:12.802] err:   	5206 -> 000001993D7B41D0
[20:47:12.802] err:   	5210 -> 000001993D7B08A0
[20:47:12.802] err:   	521a -> 000001993D7B2EC0
[20:47:12.802] err:   	5224 -> 000001993D7B54E0
[20:47:12.802] err:   	522e -> 000001993D7B1BB0
[20:47:12.802] err:   	5238 -> 000001993D7B7B00
[20:47:12.802] err:   	5242 -> 000001993D7B8E10
[20:47:12.802] err:   	524c -> 000001993D7B67F0
[20:47:12.802] err:   	5256 -> 000001993D7BB430
[20:47:12.802] err:   	5260 -> 000001993D7BA120
[20:47:12.802] err:   	526a -> 000001993D7C0070
[20:47:12.802] err:   	5274 -> 000001993D7BC740
[20:47:12.802] err:   	527d -> 000001993D7BED60
[20:47:12.802] err:   	5287 -> 000001993D7BDA50
[20:47:12.802] err:   	5291 -> 000001993D7C2690
[20:47:12.802] err:   	529a -> 000001993D7C39A0
[20:47:12.802] err:   	52a2 -> 000001993D7C4CB0
[20:47:12.802] err:   	52ac -> 000001993D7C1380
[20:47:12.802] err:   	52b6 -> 000001993D7C5FC0
[20:47:12.802] err:   	52c0 -> 000001993D7C72D0
[20:47:12.802] err:   	52ca -> 000001993D71F380
[20:47:12.802] err:   	52d4 -> 000001993D7EA070
[20:47:12.802] err:   	52de -> 000001993D7EECB0
[20:47:12.802] err:   	52e1 -> 000001993D7EB380
[20:47:12.802] err:   	52eb -> 000001993D7EC690
[20:47:12.802] err:   	52f5 -> 000001993D7EFFC0
[20:47:12.802] err:   	52ff -> 000001993D7ED9A0
[20:47:12.802] err:   	5309 -> 000001993D7F25E0
[20:47:12.802] err:   	5313 -> 000001993D7F12D0
[20:47:12.802] err:   	531d -> 000001993D7F4C00
[20:47:12.802] err:   	5327 -> 000001993D7F7220
[20:47:12.802] err:   	5331 -> 000001993D7F5F10
[20:47:12.802] err:   	533b -> 000001993D7FAB50
[20:47:12.802] err:   	5345 -> 000001993D7FBE60
[20:47:12.802] err:   	534f -> 000001993D7F8530
[20:47:12.802] err:   	5359 -> 000001993D7FD170
[20:47:12.802] err:   	5363 -> 000001993D7F9840
[20:47:12.802] err:   	536d -> 000001993D7FF790
[20:47:12.802] err:   	5377 -> 000001993D800AA0
[20:47:12.802] err:   	5381 -> 000001993D7FE480
[20:47:12.802] err:   	5389 -> 000001993D8030C0
[20:47:12.802] err:   	5392 -> 000001993D801DB0
[20:47:12.802] err:   	539c -> 000001993D807D00
[20:47:12.802] err:   	53a6 -> 000001993D8056E0
[20:47:12.802] err:   	53b0 -> 000001993D8043D0
[20:47:12.802] err:   	53b3 -> 000001993D809010
[20:47:12.802] err:   	53bd -> 000001993D80A320
[20:47:12.802] err:   	53c7 -> 000001993D8069F0
[20:47:12.802] err:   	53d1 -> 000001993D80C940
[20:47:12.802] err:   	53da -> 000001993D80EF60
[20:47:12.802] err:   	53e3 -> 000001993D80DC50
[20:47:12.802] err:   	53ec -> 000001993D80B630
[20:47:12.802] err:   	53f5 -> 000001993D813BA0
[20:47:12.802] err:   	53fe -> 000001993D810270
[20:47:12.802] err:   	5407 -> 000001993D814EB0
[20:47:12.802] err:   	5410 -> 000001993D811580
[20:47:12.802] err:   	5419 -> 000001993D8161C0
[20:47:12.802] err:   	5422 -> 000001993D812890
[20:47:12.802] err:   	542b -> 000001993D819AF0
[20:47:12.802] err:   	5434 -> 000001993D8187E0
[20:47:12.802] err:   	543d -> 000001993D8174D0
[20:47:12.802] err:   	5446 -> 000001993D81C110
[20:47:12.802] err:   	544f -> 000001993D81D420
[20:47:12.802] err:   	5458 -> 000001993D81AE00
[20:47:12.802] err:   	5461 -> 000001993D822060
[20:47:12.802] err:   	546b -> 000001993D81E730
[20:47:12.802] err:   	5475 -> 000001993D823370
[20:47:12.802] err:   	547d -> 000001993D81FA40
[20:47:12.802] err:   	5487 -> 000001993D824680
[20:47:12.802] err:   	5490 -> 000001993D820D50
[20:47:12.802] err:   	549a -> 000001993D826CA0
[20:47:12.802] err:   	54a2 -> 000001993D827FB0
[20:47:12.802] err:   	54aa -> 000001993D825990
[20:47:12.802] err:   	54b3 -> 000001993D8292C0
[20:47:12.802] err:   	54bc -> 000001993D788080
[20:47:12.802] err:   	54c5 -> 000001993D8719A0
[20:47:12.802] err:   	54ce -> 000001993D872CB0
[20:47:12.802] err:   	54d7 -> 000001993D86E070
[20:47:12.802] err:   	54e0 -> 000001993D86F380
[20:47:12.802] err:   	54e9 -> 000001993D870690
[20:47:12.802] err:   	54f2 -> 000001993D878C00
[20:47:12.802] err:   	54fb -> 000001993D873FC0
[20:47:12.802] err:   	5504 -> 000001993D8752D0
[20:47:12.802] err:   	550d -> 000001993D8778F0
[20:47:12.802] err:   	5515 -> 000001993D87C530
[20:47:12.802] err:   	551e -> 000001993D8765E0
[20:47:12.802] err:   	5526 -> 000001993D87D840
[20:47:12.802] err:   	552e -> 000001993D879F10
[20:47:12.802] err:   	5536 -> 000001993D87B220
[20:47:12.802] err:   	553f -> 000001993D882480
[20:47:12.802] err:   	5547 -> 000001993D881170
[20:47:12.802] err:   	554f -> 000001993D87EB50
[20:47:12.802] err:   	5557 -> 000001993D87FE60
[20:47:12.802] err:   	5560 -> 000001993D883790
[20:47:12.802] err:   	5568 -> 000001993D8870C0
[20:47:12.802] err:   	5570 -> 000001993D884AA0
[20:47:12.802] err:   	5579 -> 000001993D885DB0
[20:47:12.802] err:   	5581 -> 000001993D88A9F0
[20:47:12.802] err:   	5589 -> 000001993D8883D0
[20:47:12.802] err:   	5591 -> 000001993D88F630
[20:47:12.802] err:   	559a -> 000001993D8896E0
[20:47:12.802] err:   	55a2 -> 000001993D88E320
[20:47:12.802] err:   	55ab -> 000001993D88BD00
[20:47:12.802] err:   	55b3 -> 000001993D892F60
[20:47:12.802] err:   	55bc -> 000001993D891C50
[20:47:12.802] err:   	55c4 -> 000001993D88D010
[20:47:12.802] err:   	55cd -> 000001993D890940
[20:47:12.802] err:   	55d5 -> 000001993D894270
[20:47:12.802] err:   	55dd -> 000001993D895580
[20:47:12.802] err:   	55e6 -> 000001993D898EB0
[20:47:12.802] err:   	55ee -> 000001993D896890
[20:47:12.803] err:   	55f6 -> 000001993D89B4D0
[20:47:12.803] err:   	55fe -> 000001993D897BA0
[20:47:12.803] err:   	5606 -> 000001993D89C7E0
[20:47:12.803] err:   	560e -> 000001993D89A1C0
[20:47:12.803] err:   	5616 -> 000001993D8A0110
[20:47:12.803] err:   	561e -> 000001993D89DAF0
[20:47:12.803] err:   	5626 -> 000001993D8A2730
[20:47:12.803] err:   	5630 -> 000001993D8A3A40
[20:47:12.803] err:   	563a -> 000001993D8A1420
[20:47:12.803] err:   	5643 -> 000001993D8A4D50
[20:47:12.803] err:   	564b -> 000001993D8A6060
[20:47:12.803] err:   	5654 -> 000001993D8A8680
[20:47:12.803] err:   	565c -> 000001993D8AACA0
[20:47:12.803] err:   	5664 -> 000001993D8A9990
[20:47:12.803] err:   	566e -> 000001993D8A7370
[20:47:12.803] err:   	5676 -> 000001993D8ABFB0
[20:47:12.803] err:   	567f -> 000001993D8AD2C0
[20:47:12.803] err:   	5687 -> 000001993D7F38F0
[20:47:12.803] err:   	5690 -> 000001993D8B3990
[20:47:12.803] err:   	5699 -> 000001993D8B0060
[20:47:12.803] err:   	56a2 -> 000001993D8B1370
[20:47:12.803] err:   	56ab -> 000001993D8B5FB0
[20:47:12.803] err:   	56b4 -> 000001993D8B2680
[20:47:12.803] err:   	56bd -> 000001993D8B85D0
[20:47:12.803] err:   	56c6 -> 000001993D8BABF0
[20:47:12.803] err:   	56ce -> 000001993D8B72C0
[20:47:12.803] err:   	56dd -> 000001993D8BBF00
[20:47:12.803] err:   	56e6 -> 000001993D8BE520
[20:47:12.803] err:   	56ee -> 000001993D8BF830
[20:47:12.803] err:   	56f7 -> 000001993D8C0B40
[20:47:12.803] err:   	5700 -> 000001993D8BD210
[20:47:12.803] err:   	5708 -> 000001993D8C3160
[20:47:12.803] err:   	570f -> 000001993D8C1E50
[20:47:12.803] err:   	5717 -> 000001993D8C7DA0
[20:47:12.803] err:   	571f -> 000001993D8C4470
[20:47:12.803] err:   	5727 -> 000001993D8C90B0
[20:47:12.803] err:   	572f -> 000001993D8C5780
[20:47:12.803] err:   	5739 -> 000001993D8CA3C0
[20:47:12.803] err:   	5741 -> 000001993D8C6A90
[20:47:12.803] err:   	574b -> 000001993D8CC9E0
[20:47:12.803] err:   	5755 -> 000001993D8CB6D0
[20:47:12.803] err:   	575d -> 000001993D8D0310
[20:47:12.803] err:   	5765 -> 000001993D8CDCF0
[20:47:12.803] err:   	576d -> 000001993D8CF000
[20:47:12.803] err:   	5775 -> 000001993D8D1620
[20:47:12.803] err:   	577d -> 000001993D8D4F50
[20:47:12.803] err:   	5785 -> 000001993D8D6260
[20:47:12.803] err:   	578d -> 000001993D8D2930
[20:47:12.803] err:   	5795 -> 000001993D8D7570
[20:47:12.803] err:   	579d -> 000001993D8D3C40
[20:47:12.803] err:   	57a6 -> 000001993D8DC1B0
[20:47:12.803] err:   	57af -> 000001993D8D8880
[20:47:12.803] err:   	57b7 -> 000001993D8D9B90
[20:47:12.803] err:   	57c0 -> 000001993D8DAEA0
[20:47:12.803] err:   	5d37 -> 000001993D9AFDC0
[20:47:12.803] err:   	57d1 -> 000001993D8DFAE0
[20:47:12.803] err:   	57d9 -> 000001993D8E0DF0
[20:47:12.803] err:   	57e1 -> 000001993D8DD4C0
[20:47:12.803] err:   	57ea -> 000001993D8E2100
[20:47:12.803] err:   	57f2 -> 000001993D8E5A30
[20:47:12.803] err:   	57fa -> 000001993D8E6D40
[20:47:12.803] err:   	5802 -> 000001993D8E3410
[20:47:12.803] err:   	580b -> 000001993D8E8050
[20:47:12.803] err:   	5813 -> 000001993D8E4720
[20:47:12.803] err:   	581b -> 000001993D8EA670
[20:47:12.803] err:   	5823 -> 000001993D8EB980
[20:47:12.803] err:   	5833 -> 000001993D8E9360
[20:47:12.803] err:   	583b -> 000001993D8EDFA0
[20:47:12.803] err:   	5844 -> 000001993D8EF2B0
[20:47:12.803] err:   	584d -> 000001993D89EE00
[20:47:12.803] err:   	5856 -> 000001993D9133A0
[20:47:12.803] err:   	585e -> 000001993D912090
[20:47:12.803] err:   	5866 -> 000001993D9159C0
[20:47:12.803] err:   	586e -> 000001993D916CD0
[20:47:12.803] err:   	5876 -> 000001993D9146B0
[20:47:12.803] err:   	587e -> 000001993D91A600
[20:47:12.803] err:   	5886 -> 000001993D91B910
[20:47:12.803] err:   	588e -> 000001993D917FE0
[20:47:12.803] err:   	5896 -> 000001993D91F240
[20:47:12.803] err:   	589e -> 000001993D920550
[20:47:12.803] err:   	58a6 -> 000001993D9192F0
[20:47:12.803] err:   	58ae -> 000001993D921860
[20:47:12.803] err:   	58b6 -> 000001993D91DF30
[20:47:12.803] err:   	58bf -> 000001993D9264A0
[20:47:12.803] err:   	5e25 -> 000001993D9D1380
[20:47:12.803] err:   	58c7 -> 000001993D925190
[20:47:12.803] err:   	58cf -> 000001993D922B70
[20:47:12.803] err:   	58d7 -> 000001993D923E80
[20:47:12.803] err:   	58df -> 000001993D92B0E0
[20:47:12.803] err:   	58e7 -> 000001993D9277B0
[20:47:12.803] err:   	58ef -> 000001993D928AC0
[20:47:12.803] err:   	58f7 -> 000001993D92C3F0
[20:47:12.803] err:   	58ff -> 000001993D92D700
[20:47:12.803] err:   	5907 -> 000001993D929DD0
[20:47:12.803] err:   	5911 -> 000001993D932340
[20:47:12.803] err:   	591b -> 000001993D92EA10
[20:47:12.803] err:   	5fc7 -> 000001993DA581D0
[20:47:12.803] err:   	5925 -> 000001993D92FD20
[20:47:12.803] err:   	592f -> 000001993D933650
[20:47:12.803] err:   	5939 -> 000001993D934960
[20:47:12.803] err:   	5943 -> 000001993D931030
[20:47:12.803] err:   	594d -> 000001993D935C70
[20:47:12.803] err:   	5957 -> 000001993D936F80
[20:47:12.803] err:   	5960 -> 000001993D9395A0
[20:47:12.803] err:   	596a -> 000001993D938290
[20:47:12.803] err:   	5974 -> 000001993D93CED0
[20:47:12.803] err:   	597e -> 000001993D93E1E0
[20:47:12.803] err:   	5988 -> 000001993D93BBC0
[20:47:12.803] err:   	5992 -> 000001993D93A8B0
[20:47:12.803] err:   	599c -> 000001993D93F4F0
[20:47:12.803] err:   	59a6 -> 000001993D941B10
[20:47:12.803] err:   	59b0 -> 000001993D942E20
[20:47:12.803] err:   	59b9 -> 000001993D940800
[20:47:12.803] err:   	59c2 -> 000001993D944130
[20:47:12.803] err:   	59cc -> 000001993D947A60
[20:47:12.803] err:   	59d6 -> 000001993D945440
[20:47:12.803] err:   	59e0 -> 000001993D948D70
[20:47:12.803] err:   	59e9 -> 000001993D94A080
[20:47:12.803] err:   	59f3 -> 000001993D946750
[20:47:12.803] err:   	59fc -> 000001993D94ECC0
[20:47:12.803] err:   	5a06 -> 000001993D94B390
[20:47:12.803] err:   	5a0f -> 000001993D94FFD0
[20:47:12.803] err:   	5a19 -> 000001993D94C6A0
[20:47:12.803] err:   	5a23 -> 000001993D9512E0
[20:47:12.803] err:   	5a2d -> 000001993D94D9B0
[20:47:12.803] err:   	5a37 -> 000001993D8B4CA0
[20:47:12.803] err:   	5a41 -> 000001993D955370
[20:47:12.803] err:   	5a4b -> 000001993D957990
[20:47:12.803] err:   	5a55 -> 000001993D954060
[20:47:12.803] err:   	5a5f -> 000001993D95B2C0
[20:47:12.803] err:   	5a69 -> 000001993D958CA0
[20:47:12.803] err:   	5a73 -> 000001993D95C5D0
[20:47:12.803] err:   	5a7d -> 000001993D956680
[20:47:12.803] err:   	5a87 -> 000001993D959FB0
[20:47:12.803] err:   	5a91 -> 000001993D961210
[20:47:12.803] err:   	5a9b -> 000001993D95D8E0
[20:47:12.803] err:   	5aa5 -> 000001993D95EBF0
[20:47:12.803] err:   	5aaf -> 000001993D95FF00
[20:47:12.803] err:   	5ab9 -> 000001993D965E50
[20:47:12.803] err:   	5acd -> 000001993D968470
[20:47:12.803] err:   	5ad7 -> 000001993D962520
[20:47:12.803] err:   	5ae1 -> 000001993D964B40
[20:47:12.803] err:   	5aeb -> 000001993D967160
[20:47:12.803] err:   	5af5 -> 000001993D96BDA0
[20:47:12.803] err:   	5aff -> 000001993D96D0B0
[20:47:12.803] err:   	5b09 -> 000001993D96E3C0
[20:47:12.803] err:   	5b13 -> 000001993D969780
[20:47:12.803] err:   	5b1d -> 000001993D96F6D0
[20:47:12.803] err:   	5b27 -> 000001993D974310
[20:47:12.803] err:   	5b31 -> 000001993D9709E0
[20:47:12.803] err:   	5b3b -> 000001993D975620
[20:47:12.803] err:   	5b45 -> 000001993D971CF0
[20:47:12.803] err:   	5b4f -> 000001993D976930
[20:47:12.803] err:   	5b59 -> 000001993D973000
[20:47:12.803] err:   	5b63 -> 000001993D97B570
[20:47:12.803] err:   	5b6d -> 000001993D977C40
[20:47:12.803] err:   	5b77 -> 000001993D97A260
[20:47:12.803] err:   	5b81 -> 000001993D97C880
[20:47:12.803] err:   	5b8b -> 000001993D978F50
[20:47:12.803] err:   	5b95 -> 000001993D97EEA0
[20:47:12.803] err:   	5b9f -> 000001993D9814C0
[20:47:12.803] err:   	5ba9 -> 000001993D9801B0
[20:47:12.803] err:   	5bb3 -> 000001993D97DB90
[20:47:12.803] err:   	5bbd -> 000001993D9827D0
[20:47:12.803] err:   	5bc7 -> 000001993D984DF0
[20:47:12.803] err:   	5bdb -> 000001993D986100
[20:47:12.803] err:   	5be5 -> 000001993D983AE0
[20:47:12.803] err:   	5bef -> 000001993D98C050
[20:47:12.803] err:   	5bf9 -> 000001993D98AD40
[20:47:12.803] err:   	5c03 -> 000001993D988720
[20:47:12.803] err:   	5c0d -> 000001993D98D360
[20:47:12.803] err:   	5c17 -> 000001993D989A30
[20:47:12.803] err:   	5c34 -> 000001993D9932B0
[20:47:12.803] err:   	5c3d -> 000001993D98F980
[20:47:12.803] err:   	5c47 -> 000001993D991FA0
[20:47:12.803] err:   	5c51 -> 000001993D91CC20
[20:47:12.803] err:   	5c5b -> 000001993D999390
[20:47:12.803] err:   	5c65 -> 000001993D99DFD0
[20:47:12.803] err:   	5c6f -> 000001993D99B9B0
[20:47:12.803] err:   	5c79 -> 000001993D998080
[20:47:12.803] err:   	5c83 -> 000001993D99A6A0
[20:47:12.803] err:   	5c8d -> 000001993D9A05F0
[20:47:12.803] err:   	5c97 -> 000001993D99CCC0
[20:47:12.803] err:   	5ca1 -> 000001993D99F2E0
[20:47:12.803] err:   	5cab -> 000001993D9A2C10
[20:47:12.803] err:   	5cb5 -> 000001993D9A5230
[20:47:12.803] err:   	5cbf -> 000001993D9A1900
[20:47:12.803] err:   	5cc9 -> 000001993D9A7850
[20:47:12.803] err:   	5cd3 -> 000001993D9A3F20
[20:47:12.803] err:   	5cdd -> 000001993D9A9E70
[20:47:12.803] err:   	5ce7 -> 000001993D9A8B60
[20:47:12.803] err:   	5cf1 -> 000001993D9AD7A0
[20:47:12.803] err:   	5cfb -> 000001993D9AC490
[20:47:12.803] err:   	5d05 -> 000001993D9AEAB0
[20:47:12.803] err:   	5d0f -> 000001993D9AB180
[20:47:12.803] err:   	5d19 -> 000001993D9B10D0
[20:47:12.803] err:   	5d23 -> 000001993D9B36F0
[20:47:12.803] err:   	5d2d -> 000001993D9B23E0
[20:47:12.803] err:   	5d41 -> 000001993D9B4A00
[20:47:12.803] err:   	5d4b -> 000001993D9B9640
[20:47:12.803] err:   	5d55 -> 000001993D9B7020
[20:47:12.803] err:   	5d5f -> 000001993D9B5D10
[20:47:12.803] err:   	5d69 -> 000001993D9BA950
[20:47:12.803] err:   	5d73 -> 000001993D9BBC60
[20:47:12.803] err:   	5d7d -> 000001993D9B8330
[20:47:12.803] err:   	5d87 -> 000001993D9C08A0
[20:47:12.803] err:   	5d91 -> 000001993D9BE280
[20:47:12.803] err:   	5d9b -> 000001993D9BF590
[20:47:12.803] err:   	5da5 -> 000001993D9BCF70
[20:47:12.803] err:   	5daf -> 000001993D9C1BB0
[20:47:12.803] err:   	5db9 -> 000001993D9C41D0
[20:47:12.803] err:   	5dc2 -> 000001993D9C2EC0
[20:47:12.803] err:   	5dcc -> 000001993D9C54E0
[20:47:12.803] err:   	5dd6 -> 000001993D9CA120
[20:47:12.803] err:   	5de0 -> 000001993D9C8E10
[20:47:12.803] err:   	5dea -> 000001993D9C67F0
[20:47:12.803] err:   	5df4 -> 000001993D9C7B00
[20:47:12.803] err:   	5dfe -> 000001993D9CC740
[20:47:12.803] err:   	5e08 -> 000001993D9CB430
[20:47:12.803] err:   	5e11 -> 000001993D9D0070
[20:47:12.803] err:   	5e1b -> 000001993D9CED60
[20:47:12.803] err:   	5e2f -> 000001993D9CDA50
[20:47:12.803] err:   	5e38 -> 000001993D9D4CB0
[20:47:12.803] err:   	5e42 -> 000001993D9D39A0
[20:47:12.803] err:   	5e4c -> 000001993D9D5FC0
[20:47:12.803] err:   	5e54 -> 000001993D9D2690
[20:47:12.803] err:   	5e5e -> 000001993D9D72D0
[20:47:12.803] err:   	5e67 -> 000001993D96AA90
[20:47:12.803] err:   	5e71 -> 000001993DA2D390
[20:47:12.803] err:   	5e7a -> 000001993DA2C080
[20:47:12.803] err:   	5e83 -> 000001993DA332E0
[20:47:12.803] err:   	5e8c -> 000001993DA30CC0
[20:47:12.803] err:   	5e95 -> 000001993DA2E6A0
[20:47:12.803] err:   	5e9e -> 000001993DA2F9B0
[20:47:12.803] err:   	5ea7 -> 000001993DA35900
[20:47:12.803] err:   	5eb1 -> 000001993DA345F0
[20:47:12.803] err:   	5ebb -> 000001993DA36C10
[20:47:12.803] err:   	5ec5 -> 000001993DA3A540
[20:47:12.803] err:   	5ed7 -> 000001993DA39230
[20:47:12.803] err:   	5ee0 -> 000001993DA37F20
[20:47:12.803] err:   	5eea -> 000001993DA3DE70
[20:47:12.803] err:   	5ef3 -> 000001993DA3CB60
[20:47:12.803] err:   	5ef6 -> 000001993DA417A0
[20:47:12.803] err:   	5f00 -> 000001993DA40490
[20:47:12.803] err:   	5f0a -> 000001993DA42AB0
[20:47:12.803] err:   	5f14 -> 000001993DA3F180
[20:47:12.803] err:   	5f1e -> 000001993DA43DC0
[20:47:12.803] err:   	5f28 -> 000001993DA48A00
[20:47:12.803] err:   	5f32 -> 000001993DA450D0
[20:47:12.803] err:   	5f3c -> 000001993DA463E0
[20:47:12.803] err:   	5f46 -> 000001993DA49D10
[20:47:12.803] err:   	5f4e -> 000001993DA4B020
[20:47:12.803] err:   	5f56 -> 000001993DA476F0
[20:47:12.803] err:   	5f5e -> 000001993DA4C330
[20:47:12.803] err:   	5f61 -> 000001993DA4FC60
[20:47:12.803] err:   	5f64 -> 000001993DA50F70
[20:47:12.803] err:   	5f67 -> 000001993DA4D640
[20:47:12.803] err:   	5f71 -> 000001993DA52280
[20:47:12.803] err:   	5f7b -> 000001993DA4E950
[20:47:12.803] err:   	5f85 -> 000001993DA53590
[20:47:12.803] err:   	5f8f -> 000001993DA548A0
[20:47:12.803] err:   	5f98 -> 000001993DA594E0
[20:47:12.803] err:   	5fa1 -> 000001993DA55BB0
[20:47:12.803] err:   	5fab -> 000001993DA56EC0
[20:47:12.803] err:   	5fb4 -> 000001993DA5A7F0
[20:47:12.803] err:   	5fbd -> 000001993DA5BB00
[20:47:12.803] err:   	5fd0 -> 000001993DA5E120
[20:47:12.803] err:   	5fe3 -> 000001993DA60740
[20:47:12.803] err:   	5fed -> 000001993DA5CE10
[20:47:12.803] err:   	5ff7 -> 000001993DA61A50
[20:47:12.803] err:   	6000 -> 000001993DA62D60
[20:47:12.803] err:   	600a -> 000001993DA65380
[20:47:12.803] err:   	6013 -> 000001993DA66690
[20:47:12.803] err:   	6016 -> 000001993DA679A0
[20:47:12.803] err:   	6020 -> 000001993DA64070
[20:47:12.803] err:   	602a -> 000001993DA6B2D0
[20:47:12.803] err:   	6034 -> 000001993DA68CB0
[20:47:12.803] err:   	603d -> 000001993DA69FC0
[20:47:12.803] err:   	6046 -> 000001993D9A6540
[20:47:12.803] err:   	604f -> 000001993DA71990
[20:47:12.803] err:   	605a -> 000001993DA70680
[20:47:12.803] err:   	6064 -> 000001993DA72CA0
[20:47:12.803] err:   	606e -> 000001993DA6E060
[20:47:12.803] err:   	6077 -> 000001993DA778E0
[20:47:12.803] err:   	6081 -> 000001993DA73FB0
[20:47:12.803] err:   	608b -> 000001993DA78BF0
[20:47:12.803] err:   	6094 -> 000001993DA765D0
[20:47:12.803] err:   	609e -> 000001993DA752C0
[20:47:12.803] err:   	60a8 -> 000001993DA7B210
[20:47:12.803] err:   	60b2 -> 000001993DA79F00
[20:47:12.803] err:   	60bc -> 000001993DA7EB40
[20:47:12.803] err:   	60c5 -> 000001993DA7C520
[20:47:12.803] err:   	60ce -> 000001993DA81160
[20:47:12.803] err:   	60d8 -> 000001993DA7FE50
[20:47:12.803] err:   	60e1 -> 000001993DA7D830
[20:47:12.803] err:   	60e9 -> 000001993DA82470
[20:47:12.803] err:   	60f2 -> 000001993DA870B0
[20:47:12.803] err:   	60fb -> 000001993DA84A90
[20:47:12.803] err:   	6104 -> 000001993DA85DA0
[20:47:12.803] err:   	610c -> 000001993DA83780
[20:47:12.803] err:   	6115 -> 000001993DA8BCF0
[20:47:12.803] err:   	611f -> 000001993DA8A9E0
[20:47:12.803] err:   	6127 -> 000001993DA896D0
[20:47:12.803] err:   	6131 -> 000001993DA883C0
[20:47:12.803] err:   	613b -> 000001993DA8D000
[20:47:12.803] err:   	6145 -> 000001993DA91C40
[20:47:12.803] err:   	614f -> 000001993DA8E310
[20:47:12.803] err:   	6159 -> 000001993DA8F620
[20:47:12.803] err:   	6163 -> 000001993DA92F50
[20:47:12.803] err:   	616d -> 000001993DA90930
[20:47:12.803] err:   	6177 -> 000001993DA96880
[20:47:12.803] err:   	6181 -> 000001993DA94260
[20:47:12.803] err:   	618b -> 000001993DA97B90
[20:47:12.803] err:   	6195 -> 000001993DA98EA0
[20:47:12.803] err:   	619f -> 000001993DA95570
[20:47:12.803] err:   	61a9 -> 000001993DA9A1B0
[20:47:12.803] err:   	61b3 -> 000001993DA9DAE0
[20:47:12.803] err:   	61be -> 000001993DA9EDF0
[20:47:12.803] err:   	61c8 -> 000001993DA9B4C0
[20:47:12.803] err:   	61d2 -> 000001993DAA0100
[20:47:12.803] err:   	61da -> 000001993DA9C7D0
[20:47:12.803] err:   	61e4 -> 000001993DAA3A30
[20:47:12.803] err:   	61ee -> 000001993DAA1410
[20:47:12.803] err:   	61f8 -> 000001993DAA6050
[20:47:12.803] err:   	6202 -> 000001993DAA2720
[20:47:12.803] err:   	620c -> 000001993DAA7360
[20:47:12.803] err:   	6215 -> 000001993DAA8670
[20:47:12.803] err:   	621f -> 000001993DAA4D40
[20:47:12.803] err:   	6229 -> 000001993DAAAC90
[20:47:12.803] err:   	6233 -> 000001993DAA9980
[20:47:12.803] err:   	623d -> 000001993DAAD2B0
[20:47:12.803] err:   	6247 -> 000001993DAABFA0
[20:47:12.803] err:   	6251 -> 000001993DA31FD0
[20:47:12.803] err:   	625b -> 000001993DAD59C0
[20:47:12.803] err:   	6265 -> 000001993DAD46B0
[20:47:12.803] err:   	626f -> 000001993DAD6CD0
[20:47:12.803] err:   	6279 -> 000001993DAD33A0
[20:47:12.803] err:   	6283 -> 000001993DADA600
[20:47:12.803] err:   	628d -> 000001993DADB910
[20:47:12.803] err:   	6297 -> 000001993DAD7FE0
[20:47:12.803] err:   	62a1 -> 000001993DADCC20
[20:47:12.803] err:   	62ab -> 000001993DAD92F0
[20:47:12.803] err:   	62b5 -> 000001993DADF240
[20:47:12.803] err:   	62bf -> 000001993DAE0550
[20:47:12.803] err:   	62c9 -> 000001993DAE1860
[20:47:12.803] err:   	62d3 -> 000001993DADDF30
[20:47:12.803] err:   	62dd -> 000001993DAE3E80
[20:47:12.803] err:   	62e7 -> 000001993DAE5190
[20:47:12.804] err:   	62f1 -> 000001993DAE64A0
[20:47:12.804] err:   	62fb -> 000001993DAE2B70
[20:47:12.804] err:   	6305 -> 000001993DAE9DD0
[20:47:12.804] err:   	630f -> 000001993DAE8AC0
[20:47:12.804] err:   	6319 -> 000001993DAEB0E0
[20:47:12.804] err:   	6323 -> 000001993DAE77B0
[20:47:12.804] err:   	65cf -> 000001993DB821C0
[20:47:12.804] err:   	632d -> 000001993DAEFD20
[20:47:12.804] err:   	6337 -> 000001993DAED700
[20:47:12.804] err:   	6341 -> 000001993DAEC3F0
[20:47:12.804] err:   	634b -> 000001993DAEEA10
[20:47:12.804] err:   	6355 -> 000001993DAF3650
[20:47:12.804] err:   	635f -> 000001993DAF2340
[20:47:12.804] err:   	6369 -> 000001993DAF4960
[20:47:12.804] err:   	6373 -> 000001993DAF1030
[20:47:12.804] err:   	637d -> 000001993DAF8290
[20:47:12.804] err:   	6387 -> 000001993DAF95A0
[20:47:12.804] err:   	6391 -> 000001993DAF5C70
[20:47:12.804] err:   	639b -> 000001993DAFA8B0
[20:47:12.804] err:   	63a5 -> 000001993DAF6F80
[20:47:12.804] err:   	63af -> 000001993DAFCED0
[20:47:12.804] err:   	63b9 -> 000001993DAFE1E0
[20:47:12.804] err:   	63c3 -> 000001993DAFF4F0
[20:47:12.804] err:   	63cd -> 000001993DAFBBC0
[20:47:12.804] err:   	63d7 -> 000001993DB01B10
[20:47:12.804] err:   	63e1 -> 000001993DB00800
[20:47:12.804] err:   	63eb -> 000001993DB02E20
[20:47:12.804] err:   	63f5 -> 000001993DB07A60
[20:47:12.804] err:   	63ff -> 000001993DB06750
[20:47:12.804] err:   	6409 -> 000001993DB04130
[20:47:12.804] err:   	6413 -> 000001993DB05440
[20:47:12.804] err:   	641d -> 000001993DB0B390
[20:47:12.804] err:   	6427 -> 000001993DB0A080
[20:47:12.804] err:   	6431 -> 000001993DB0C6A0
[20:47:12.804] err:   	643b -> 000001993DB08D70
[20:47:12.804] err:   	6445 -> 000001993DB112E0
[20:47:12.804] err:   	644f -> 000001993DB0D9B0
[20:47:12.804] err:   	6459 -> 000001993DB0ECC0
[20:47:12.804] err:   	6463 -> 000001993DB0FFD0
[20:47:12.804] err:   	646d -> 000001993DA6F370
[20:47:12.804] err:   	6477 -> 000001993DB56070
[20:47:12.804] err:   	6481 -> 000001993DB599A0
[20:47:12.804] err:   	648b -> 000001993DB5ACB0
[20:47:12.804] err:   	6495 -> 000001993DB57380
[20:47:12.804] err:   	649f -> 000001993DB58690
[20:47:12.804] err:   	64a9 -> 000001993DB5D2D0
[20:47:12.804] err:   	64b3 -> 000001993DB5BFC0
[20:47:12.804] err:   	64bd -> 000001993DB60C00
[20:47:12.804] err:   	64c7 -> 000001993DB61F10
[20:47:12.804] err:   	64d1 -> 000001993DB5F8F0
[20:47:12.804] err:   	64da -> 000001993DB65840
[20:47:12.804] err:   	64e3 -> 000001993DB63220
[20:47:12.804] err:   	64ed -> 000001993DB66B50
[20:47:12.804] err:   	64f7 -> 000001993DB67E60
[20:47:12.804] err:   	6501 -> 000001993DB64530
[20:47:12.804] err:   	650a -> 000001993DB69170
[20:47:12.804] err:   	6514 -> 000001993DB6A480
[20:47:12.804] err:   	651e -> 000001993DB6F0C0
[20:47:12.804] err:   	6528 -> 000001993DB6B790
[20:47:12.804] err:   	6532 -> 000001993DB6CAA0
[20:47:12.804] err:   	653c -> 000001993DB703D0
[20:47:12.804] err:   	6546 -> 000001993DB6DDB0
[20:47:12.804] err:   	6550 -> 000001993DB73D00
[20:47:12.804] err:   	655a -> 000001993DB75010
[20:47:12.804] err:   	6564 -> 000001993DB716E0
[20:47:12.804] err:   	656e -> 000001993DB76320
[20:47:12.804] err:   	6578 -> 000001993DB729F0
[20:47:12.804] err:   	6581 -> 000001993DB78940
[20:47:12.804] err:   	658b -> 000001993DB7AF60
[20:47:12.804] err:   	6595 -> 000001993DB79C50
[20:47:12.804] err:   	659f -> 000001993DB77630
[20:47:12.804] err:   	65a8 -> 000001993DB7D580
[20:47:12.804] err:   	65b1 -> 000001993DB7E890
[20:47:12.804] err:   	65bb -> 000001993DB7FBA0
[20:47:12.804] err:   	65c5 -> 000001993DB7C270
[20:47:12.804] err:   	65d9 -> 000001993DB834D0
[20:47:12.804] err:   	65e3 -> 000001993DB847E0
[20:47:12.804] err:   	65ec -> 000001993DB80EB0
[20:47:12.804] err:   	65f6 -> 000001993DB89420
[20:47:12.804] err:   	65ff -> 000001993DB86E00
[20:47:12.804] err:   	6608 -> 000001993DB85AF0
[20:47:12.804] err:   	6610 -> 000001993DB88110
[20:47:12.804] err:   	6618 -> 000001993DB8E060
[20:47:12.804] err:   	6620 -> 000001993DB8A730
[20:47:12.804] err:   	6629 -> 000001993DB8BA40
[20:47:12.804] err:   	6630 -> 000001993DB90680
[20:47:12.804] err:   	6633 -> 000001993DB91990
[20:47:12.804] err:   	663b -> 000001993DB92CA0
[20:47:12.804] err:   	6642 -> 000001993DB8F370
[20:47:12.804] err:   	664a -> 000001993DB93FB0
[20:47:12.804] err:   4 objects discovered in Vertex Declaration map at Direct3D module eviction:
[20:47:12.804] err:   	292c -> 00000198CCF0A040
[20:47:12.804] err:   	292d -> 00000198CCF0A090
[20:47:12.804] err:   	292e -> 00000198CCF09BE0
[20:47:12.804] err:   	292f -> 00000198CCF09C80
[20:47:12.804] err:   1 objects discovered in Swapchain map at Direct3D module eviction:
[20:47:12.804] err:   	4 -> 000001980F3C3460
[20:47:12.804] err:   1 objects discovered in Device map at Direct3D module eviction:
[20:47:12.804] err:   	3 -> 00000155E5B42040
[20:47:12.804] info:  Command processing loop finished, cleaning up and exiting...
[20:47:12.804] info:  Shutdown cleanup successful, exiting now!
[20:47:12.804] info:  [Uptime]: 380s
