[21:32:48.302] info:  [21:32:48.302] info:  No default config found for: C:\GOG Games\Total Overdose\TOD.exe
[21:32:48.302] info:  [21:32:48.302] info:  Trying to open config file: C:\GOG Games\Total Overdose\.trex\bridge.conf
[21:32:48.303] warn:  [21:32:48.302] warn:  Option failed to parse: moduleClientChannelMemSize
[21:32:48.303] warn:  [21:32:48.302] warn:  Option failed to parse: moduleClientCmdQueueSize
[21:32:48.303] warn:  [21:32:48.302] warn:  Option failed to parse: moduleClientDataQueueSize
[21:32:48.303] warn:  [21:32:48.302] warn:  Option failed to parse: moduleServerChannelMemSize
[21:32:48.303] warn:  [21:32:48.302] warn:  Option failed to parse: moduleServerCmdQueueSize
[21:32:48.303] warn:  [21:32:48.302] warn:  Option failed to parse: moduleServerDataQueueSize
[21:32:48.303] warn:  [21:32:48.302] warn:  Option failed to parse: clientChannelMemSize
[21:32:48.303] warn:  [21:32:48.302] warn:  Option failed to parse: clientCmdQueueSize
[21:32:48.303] warn:  [21:32:48.302] warn:  Option failed to parse: clientDataQueueSize
[21:32:48.303] warn:  [21:32:48.302] warn:  Option failed to parse: serverChannelMemSize
[21:32:48.303] warn:  [21:32:48.302] warn:  Option failed to parse: serverCmdQueueSize
[21:32:48.303] warn:  [21:32:48.302] warn:  Option failed to parse: serverDataQueueSize
[21:32:48.303] warn:  [21:32:48.302] warn:  Option failed to parse: sendReadOnlyCalls
[21:32:48.303] warn:  [21:32:48.302] warn:  Option failed to parse: sendAllServerResponses
[21:32:48.303] warn:  [21:32:48.302] warn:  Option failed to parse: sendCreateFunctionServerResponses
[21:32:48.303] warn:  [21:32:48.302] warn:  Option failed to parse: logApiCalls
[21:32:48.303] warn:  [21:32:48.302] warn:  Option failed to parse: logAllCalls
[21:32:48.303] warn:  [21:32:48.302] warn:  Option failed to parse: logAllCommands
[21:32:48.303] warn:  [21:32:48.302] warn:  Option failed to parse: logServerCommands
[21:32:48.303] warn:  [21:32:48.302] warn:  Option failed to parse: commandTimeout
[21:32:48.303] warn:  [21:32:48.302] warn:  Option failed to parse: startupTimeout
[21:32:48.303] warn:  [21:32:48.302] warn:  Option failed to parse: commandRetries
[21:32:48.303] warn:  [21:32:48.302] warn:  Option failed to parse: ackTimeout
[21:32:48.303] warn:  [21:32:48.302] warn:  Option failed to parse: infiniteRetries
[21:32:48.303] warn:  [21:32:48.302] warn:  Option failed to parse: logLevel
[21:32:48.303] warn:  [21:32:48.302] warn:  Option failed to parse: keyStateCircBufMaxSize
[21:32:48.303] warn:  [21:32:48.302] warn:  Option failed to parse: presentSemaphoreMaxFrames
[21:32:48.303] warn:  [21:32:48.302] warn:  Option failed to parse: presentSemaphoreEnabled
[21:32:48.303] warn:  [21:32:48.302] warn:  Option failed to parse: commandBatchingEnabled
[21:32:48.303] warn:  [21:32:48.302] warn:  Option failed to parse: disableTimeoutsWhenDebugging
[21:32:48.303] warn:  [21:32:48.302] warn:  Option failed to parse: disableTimeouts
[21:32:48.303] warn:  [21:32:48.302] warn:  Option failed to parse: useSharedHeap
[21:32:48.303] warn:  [21:32:48.302] warn:  Option failed to parse: sharedHeapDefaultSegmentSize
[21:32:48.303] warn:  [21:32:48.302] warn:  Option failed to parse: sharedHeapChunkSize
[21:32:48.303] warn:  [21:32:48.302] warn:  Option failed to parse: sharedHeapFreeChunkWaitTimeout
[21:32:48.303] warn:  [21:32:48.302] warn:  Option failed to parse: threadSafetyPolicy
[21:32:48.303] warn:  [21:32:48.302] warn:  Option failed to parse: alwaysCopyEntireStaticBuffer
[21:32:48.303] warn:  [21:32:48.302] warn:  Option failed to parse: exposeRemixApi
[21:32:48.303] warn:  [21:32:48.302] warn:  Option failed to parse: eliminateRedundantSetterCalls
[21:32:48.304] warn:  Option failed to parse: client.setExceptionHandler
[21:32:48.305] info:  ==================
[21:32:48.305] info:  NVIDIA RTX Remix Bridge Client
[21:32:48.305] info:  ==================
[21:32:48.305] info:  Version: remix-main+cfb6edc9
[21:32:48.305] info:  Loaded d3d9.dll from C
[21:32:48.305] warn:  Option failed to parse: client.hookMessagePump
[21:32:48.305] warn:  Option failed to parse: client.overrideCustomWinHooks
[21:32:48.313] info:  DirectInput8 hook attached.
[21:32:48.320] info:  DirectInput hook attached.
[21:32:48.320] warn:  Option failed to parse: client.DirectInput.forward.mousePolicy
[21:32:48.320] warn:  Option failed to parse: client.DirectInput.forward.keyboardPolicy
[21:32:48.321] info:  Initializing new shared memory object.
[21:32:48.322] info:  Initializing new shared memory object.
[21:32:48.323] info:  Initializing new shared memory object.
[21:32:48.347] info:  Initializing new shared memory object.
[21:32:48.360] warn:  Option failed to parse: client.setExceptionHandler
[21:32:48.360] info:  Launching server with GUID 09866b2f-beca-4240-b931-cddaa2dfc102
[21:32:48.364] warn:  Option failed to parse: client.enableDpiAwareness
[21:32:48.364] info:  Process set as DPI aware
[21:32:48.365] info:  Sending SYN command, waiting for ACK from server...
[21:32:48.404] warn:  Option failed to parse: client.DirectInput.disableExclusiveInput
[21:32:48.404] warn:  Option failed to parse: client.DirectInput.disableExclusiveInput
[21:32:48.542] warn:  Option failed to parse: client.setExceptionHandler
[21:32:48.639] info:  Ack received! Handshake completed! Telling server to continue waiting for commands...
[21:32:48.666] warn:  Option failed to parse: client.forceWindowed
[21:32:48.666] warn:  Window extent != backbuffer extent in fullscreen mode. Forcing window extent to backbuffer size (2560x1440).
[21:32:48.668] info:  Creating a NON thread-safe D3D9 device.
[21:32:48.669] warn:  Option failed to parse: client.setExceptionHandler
[21:32:51.087] warn:  Option failed to parse: client.forceWindowed
[21:32:51.370] info:  Setting display mode: 2560x1440@60
[21:32:51.791] info:  Window's position is reset. New window's position - Left: 0, Top: 0, Right: 2560, Bottom: 1440
[21:32:51.815] warn:  Option failed to parse: client.optimizedDynamicLock
[21:32:51.816] warn:  Option failed to parse: client.optimizedDynamicLock
[21:32:51.816] warn:  Option failed to parse: client.optimizedDynamicLock
[21:32:51.816] warn:  Option failed to parse: client.optimizedDynamicLock
[21:32:51.819] warn:  Option failed to parse: client.optimizedDynamicLock
[21:32:51.820] warn:  Option failed to parse: client.optimizedDynamicLock
[21:32:51.952] info:  Message channel UWM_REMIX_BRIDGE_REGISTER_THREADPROC_MSG handshake complete.
[21:32:51.958] info:  Remix UI deactivated.
[21:32:57.899] warn:  Option failed to parse: client.optimizedDynamicLock
[21:32:57.900] warn:  Option failed to parse: client.optimizedDynamicLock
[21:32:57.900] warn:  Option failed to parse: client.optimizedDynamicLock
[21:32:57.900] warn:  Option failed to parse: client.optimizedDynamicLock
[21:32:57.900] warn:  Option failed to parse: client.optimizedDynamicLock
[21:32:57.900] warn:  Option failed to parse: client.optimizedDynamicLock
[21:32:57.900] warn:  Option failed to parse: client.optimizedDynamicLock
[21:32:57.900] warn:  Option failed to parse: client.optimizedDynamicLock
[21:32:57.900] warn:  Option failed to parse: client.optimizedDynamicLock
[21:32:57.900] warn:  Option failed to parse: client.optimizedDynamicLock
[21:32:57.900] warn:  Option failed to parse: client.optimizedDynamicLock
[21:32:57.900] warn:  Option failed to parse: client.optimizedDynamicLock
[21:32:57.901] warn:  Option failed to parse: client.optimizedDynamicLock
[21:32:57.901] warn:  Option failed to parse: client.optimizedDynamicLock
[21:32:57.901] warn:  Option failed to parse: client.optimizedDynamicLock
[21:32:57.901] warn:  Option failed to parse: client.optimizedDynamicLock
[21:32:57.901] warn:  Option failed to parse: client.optimizedDynamicLock
[21:32:57.901] warn:  Option failed to parse: client.optimizedDynamicLock
[21:32:57.901] warn:  Option failed to parse: client.optimizedDynamicLock
[21:32:57.901] warn:  Option failed to parse: client.optimizedDynamicLock
[21:32:57.901] warn:  Option failed to parse: client.optimizedDynamicLock
[21:32:57.901] warn:  Option failed to parse: client.optimizedDynamicLock
[21:32:57.902] warn:  Option failed to parse: client.optimizedDynamicLock
[21:32:57.902] warn:  Option failed to parse: client.optimizedDynamicLock
[21:32:57.948] warn:  Option failed to parse: client.optimizedDynamicLock
[21:32:57.948] warn:  Option failed to parse: client.optimizedDynamicLock
[21:32:57.985] warn:  Option failed to parse: client.optimizedDynamicLock
[21:32:57.986] warn:  Option failed to parse: client.optimizedDynamicLock
[21:32:57.986] warn:  Option failed to parse: client.optimizedDynamicLock
[21:32:57.986] warn:  Option failed to parse: client.optimizedDynamicLock
[21:32:57.986] warn:  Option failed to parse: client.optimizedDynamicLock
[21:32:57.986] warn:  Option failed to parse: client.optimizedDynamicLock
[21:32:57.986] warn:  Option failed to parse: client.optimizedDynamicLock
[21:32:57.986] warn:  Option failed to parse: client.optimizedDynamicLock
[21:32:57.986] warn:  Option failed to parse: client.optimizedDynamicLock
[21:32:57.986] warn:  Option failed to parse: client.optimizedDynamicLock
[21:32:57.986] warn:  Option failed to parse: client.optimizedDynamicLock
[21:32:57.986] warn:  Option failed to parse: client.optimizedDynamicLock
[21:32:57.986] warn:  Option failed to parse: client.optimizedDynamicLock
[21:32:57.986] warn:  Option failed to parse: client.optimizedDynamicLock
[21:32:57.987] warn:  Option failed to parse: client.optimizedDynamicLock
[21:32:57.987] warn:  Option failed to parse: client.optimizedDynamicLock
[21:32:57.987] warn:  Option failed to parse: client.optimizedDynamicLock
[21:32:57.987] warn:  Option failed to parse: client.optimizedDynamicLock
[21:32:57.987] warn:  Option failed to parse: client.optimizedDynamicLock
[21:32:57.987] warn:  Option failed to parse: client.optimizedDynamicLock
[21:32:57.987] warn:  Option failed to parse: client.optimizedDynamicLock
[21:32:57.987] warn:  Option failed to parse: client.optimizedDynamicLock
[21:32:57.987] warn:  Option failed to parse: client.optimizedDynamicLock
[21:32:57.987] warn:  Option failed to parse: client.optimizedDynamicLock
[21:32:57.987] warn:  Option failed to parse: client.optimizedDynamicLock
[21:32:57.987] warn:  Option failed to parse: client.optimizedDynamicLock
[21:32:57.987] warn:  Option failed to parse: client.optimizedDynamicLock
[21:32:57.988] warn:  Option failed to parse: client.optimizedDynamicLock
[21:32:57.988] warn:  Option failed to parse: client.optimizedDynamicLock
[21:32:57.988] warn:  Option failed to parse: client.optimizedDynamicLock
[21:32:58.055] warn:  Option failed to parse: client.optimizedDynamicLock
[21:32:58.055] warn:  Option failed to parse: client.optimizedDynamicLock
[21:32:58.055] warn:  Option failed to parse: client.optimizedDynamicLock
[21:32:58.056] warn:  Option failed to parse: client.optimizedDynamicLock
[21:32:58.056] warn:  Option failed to parse: client.optimizedDynamicLock
[21:32:58.056] warn:  Option failed to parse: client.optimizedDynamicLock
[21:32:58.056] warn:  Option failed to parse: client.optimizedDynamicLock
[21:32:58.056] warn:  Option failed to parse: client.optimizedDynamicLock
[21:32:58.056] warn:  Option failed to parse: client.optimizedDynamicLock
[21:32:58.056] warn:  Option failed to parse: client.optimizedDynamicLock
[21:32:58.056] warn:  Option failed to parse: client.optimizedDynamicLock
[21:32:58.056] warn:  Option failed to parse: client.optimizedDynamicLock
[21:32:58.057] warn:  Option failed to parse: client.optimizedDynamicLock
[21:32:58.057] warn:  Option failed to parse: client.optimizedDynamicLock
[21:32:58.057] warn:  Option failed to parse: client.optimizedDynamicLock
[21:32:58.057] warn:  Option failed to parse: client.optimizedDynamicLock
[21:32:58.057] warn:  Option failed to parse: client.optimizedDynamicLock
[21:32:58.057] warn:  Option failed to parse: client.optimizedDynamicLock
[21:32:58.057] warn:  Option failed to parse: client.optimizedDynamicLock
[21:32:58.057] warn:  Option failed to parse: client.optimizedDynamicLock
[21:32:58.057] warn:  Option failed to parse: client.optimizedDynamicLock
[21:32:58.057] warn:  Option failed to parse: client.optimizedDynamicLock
[21:32:58.058] warn:  Option failed to parse: client.optimizedDynamicLock
[21:32:58.058] warn:  Option failed to parse: client.optimizedDynamicLock
[21:32:58.058] warn:  Option failed to parse: client.optimizedDynamicLock
[21:32:58.058] warn:  Option failed to parse: client.optimizedDynamicLock
[21:32:58.058] warn:  Option failed to parse: client.optimizedDynamicLock
[21:32:58.058] warn:  Option failed to parse: client.optimizedDynamicLock
[21:32:58.058] warn:  Option failed to parse: client.optimizedDynamicLock
[21:32:58.058] warn:  Option failed to parse: client.optimizedDynamicLock
[21:32:59.315] warn:  DirectInput: unable to translate VSC: 208
[21:32:59.332] warn:  DirectInput: unable to translate VSC: 208
[21:32:59.349] warn:  DirectInput: unable to translate VSC: 208
[21:32:59.365] warn:  DirectInput: unable to translate VSC: 208
[21:32:59.383] warn:  DirectInput: unable to translate VSC: 208
[21:32:59.399] warn:  DirectInput: unable to translate VSC: 208
[21:32:59.633] warn:  DirectInput: unable to translate VSC: 200
[21:32:59.650] warn:  DirectInput: unable to translate VSC: 200
[21:32:59.666] warn:  DirectInput: unable to translate VSC: 200
[21:32:59.683] warn:  DirectInput: unable to translate VSC: 200
[21:32:59.700] warn:  DirectInput: unable to translate VSC: 200
[21:32:59.716] warn:  DirectInput: unable to translate VSC: 200
[21:32:59.733] warn:  DirectInput: unable to translate VSC: 200
[21:33:00.984] warn:  Option failed to parse: client.optimizedDynamicLock
[21:33:00.985] warn:  Option failed to parse: client.optimizedDynamicLock
[21:33:00.985] warn:  Option failed to parse: client.optimizedDynamicLock
[21:33:00.985] warn:  Option failed to parse: client.optimizedDynamicLock
[21:33:00.985] warn:  Option failed to parse: client.optimizedDynamicLock
[21:33:00.985] warn:  Option failed to parse: client.optimizedDynamicLock
[21:33:00.985] warn:  Option failed to parse: client.optimizedDynamicLock
[21:33:00.985] warn:  Option failed to parse: client.optimizedDynamicLock
[21:33:00.985] warn:  Option failed to parse: client.optimizedDynamicLock
[21:33:00.985] warn:  Option failed to parse: client.optimizedDynamicLock
[21:33:00.985] warn:  Option failed to parse: client.optimizedDynamicLock
[21:33:00.985] warn:  Option failed to parse: client.optimizedDynamicLock
[21:33:00.986] warn:  Option failed to parse: client.optimizedDynamicLock
[21:33:00.986] warn:  Option failed to parse: client.optimizedDynamicLock
[21:33:00.986] warn:  Option failed to parse: client.optimizedDynamicLock
[21:33:00.986] warn:  Option failed to parse: client.optimizedDynamicLock
[21:33:00.986] warn:  Option failed to parse: client.optimizedDynamicLock
[21:33:00.986] warn:  Option failed to parse: client.optimizedDynamicLock
[21:33:00.986] warn:  Option failed to parse: client.optimizedDynamicLock
[21:33:00.986] warn:  Option failed to parse: client.optimizedDynamicLock
[21:33:00.986] warn:  Option failed to parse: client.optimizedDynamicLock
[21:33:00.986] warn:  Option failed to parse: client.optimizedDynamicLock
[21:33:00.986] warn:  Option failed to parse: client.optimizedDynamicLock
[21:33:00.986] warn:  Option failed to parse: client.optimizedDynamicLock
[21:33:00.987] warn:  Option failed to parse: client.optimizedDynamicLock
[21:33:00.988] warn:  Option failed to parse: client.optimizedDynamicLock
[21:33:00.988] warn:  Option failed to parse: client.optimizedDynamicLock
[21:33:00.988] warn:  Option failed to parse: client.optimizedDynamicLock
[21:33:00.988] warn:  Option failed to parse: client.optimizedDynamicLock
[21:33:00.988] warn:  Option failed to parse: client.optimizedDynamicLock
[21:33:01.077] warn:  Option failed to parse: client.optimizedDynamicLock
[21:33:01.078] warn:  Option failed to parse: client.optimizedDynamicLock
[21:33:01.078] warn:  Option failed to parse: client.optimizedDynamicLock
[21:33:01.078] warn:  Option failed to parse: client.optimizedDynamicLock
[21:33:01.078] warn:  Option failed to parse: client.optimizedDynamicLock
[21:33:01.078] warn:  Option failed to parse: client.optimizedDynamicLock
[21:33:01.078] warn:  Option failed to parse: client.optimizedDynamicLock
[21:33:01.078] warn:  Option failed to parse: client.optimizedDynamicLock
[21:33:01.078] warn:  Option failed to parse: client.optimizedDynamicLock
[21:33:01.078] warn:  Option failed to parse: client.optimizedDynamicLock
[21:33:01.078] warn:  Option failed to parse: client.optimizedDynamicLock
[21:33:01.078] warn:  Option failed to parse: client.optimizedDynamicLock
[21:33:01.079] warn:  Option failed to parse: client.optimizedDynamicLock
[21:33:01.079] warn:  Option failed to parse: client.optimizedDynamicLock
[21:33:01.079] warn:  Option failed to parse: client.optimizedDynamicLock
[21:33:01.079] warn:  Option failed to parse: client.optimizedDynamicLock
[21:33:01.079] warn:  Option failed to parse: client.optimizedDynamicLock
[21:33:01.079] warn:  Option failed to parse: client.optimizedDynamicLock
[21:34:42.550] warn:  Option failed to parse: client.optimizedDynamicLock
[21:34:42.550] warn:  Option failed to parse: client.optimizedDynamicLock
[21:34:42.550] warn:  Option failed to parse: client.optimizedDynamicLock
[21:34:42.550] warn:  Option failed to parse: client.optimizedDynamicLock
[21:34:42.550] warn:  Option failed to parse: client.optimizedDynamicLock
[21:34:42.550] warn:  Option failed to parse: client.optimizedDynamicLock
[21:34:42.551] warn:  Option failed to parse: client.optimizedDynamicLock
[21:34:42.551] warn:  Option failed to parse: client.optimizedDynamicLock
[21:34:42.551] warn:  Option failed to parse: client.optimizedDynamicLock
[21:34:42.551] warn:  Option failed to parse: client.optimizedDynamicLock
[21:34:42.551] warn:  Option failed to parse: client.optimizedDynamicLock
[21:34:42.551] warn:  Option failed to parse: client.optimizedDynamicLock
[21:34:42.551] warn:  Option failed to parse: client.optimizedDynamicLock
[21:34:42.551] warn:  Option failed to parse: client.optimizedDynamicLock
[21:34:42.551] warn:  Option failed to parse: client.optimizedDynamicLock
[21:34:42.551] warn:  Option failed to parse: client.optimizedDynamicLock
[21:34:42.551] warn:  Option failed to parse: client.optimizedDynamicLock
[21:34:42.551] warn:  Option failed to parse: client.optimizedDynamicLock
[21:34:42.552] warn:  Option failed to parse: client.optimizedDynamicLock
[21:34:42.552] warn:  Option failed to parse: client.optimizedDynamicLock
[21:34:42.552] warn:  Option failed to parse: client.optimizedDynamicLock
[21:34:42.552] warn:  Option failed to parse: client.optimizedDynamicLock
[21:34:42.552] warn:  Option failed to parse: client.optimizedDynamicLock
[21:34:42.552] warn:  Option failed to parse: client.optimizedDynamicLock
[21:34:42.552] warn:  Option failed to parse: client.optimizedDynamicLock
[21:34:42.552] warn:  Option failed to parse: client.optimizedDynamicLock
[21:34:42.552] warn:  Option failed to parse: client.optimizedDynamicLock
[21:34:42.552] warn:  Option failed to parse: client.optimizedDynamicLock
[21:34:42.552] warn:  Option failed to parse: client.optimizedDynamicLock
[21:34:42.552] warn:  Option failed to parse: client.optimizedDynamicLock
[21:34:48.446] warn:  Option failed to parse: client.optimizedDynamicLock
[21:34:48.447] warn:  Option failed to parse: client.optimizedDynamicLock
[21:34:48.447] warn:  Option failed to parse: client.optimizedDynamicLock
[21:34:48.447] warn:  Option failed to parse: client.optimizedDynamicLock
[21:34:48.447] warn:  Option failed to parse: client.optimizedDynamicLock
[21:34:48.447] warn:  Option failed to parse: client.optimizedDynamicLock
[21:34:48.447] warn:  Option failed to parse: client.optimizedDynamicLock
[21:34:48.447] warn:  Option failed to parse: client.optimizedDynamicLock
[21:34:48.447] warn:  Option failed to parse: client.optimizedDynamicLock
[21:34:48.447] warn:  Option failed to parse: client.optimizedDynamicLock
[21:34:48.448] warn:  Option failed to parse: client.optimizedDynamicLock
[21:34:48.448] warn:  Option failed to parse: client.optimizedDynamicLock
[21:34:48.448] warn:  Option failed to parse: client.optimizedDynamicLock
[21:34:48.448] warn:  Option failed to parse: client.optimizedDynamicLock
[21:34:48.448] warn:  Option failed to parse: client.optimizedDynamicLock
[21:34:48.448] warn:  Option failed to parse: client.optimizedDynamicLock
[21:34:48.448] warn:  Option failed to parse: client.optimizedDynamicLock
[21:34:48.448] warn:  Option failed to parse: client.optimizedDynamicLock
[21:34:48.448] warn:  Option failed to parse: client.optimizedDynamicLock
[21:34:48.448] warn:  Option failed to parse: client.optimizedDynamicLock
[21:34:48.448] warn:  Option failed to parse: client.optimizedDynamicLock
[21:34:48.448] warn:  Option failed to parse: client.optimizedDynamicLock
[21:34:48.449] warn:  Option failed to parse: client.optimizedDynamicLock
[21:34:48.449] warn:  Option failed to parse: client.optimizedDynamicLock
[21:34:48.449] warn:  Option failed to parse: client.optimizedDynamicLock
[21:34:48.449] warn:  Option failed to parse: client.optimizedDynamicLock
[21:34:48.449] warn:  Option failed to parse: client.optimizedDynamicLock
[21:34:48.449] warn:  Option failed to parse: client.optimizedDynamicLock
[21:34:48.449] warn:  Option failed to parse: client.optimizedDynamicLock
[21:34:48.449] warn:  Option failed to parse: client.optimizedDynamicLock
[21:34:48.504] warn:  Option failed to parse: client.optimizedDynamicLock
[21:34:48.505] warn:  Option failed to parse: client.optimizedDynamicLock
[21:34:48.505] warn:  Option failed to parse: client.optimizedDynamicLock
[21:34:48.505] warn:  Option failed to parse: client.optimizedDynamicLock
[21:34:48.507] warn:  Option failed to parse: client.optimizedDynamicLock
[21:34:48.507] warn:  Option failed to parse: client.optimizedDynamicLock
[21:34:48.507] warn:  Option failed to parse: client.optimizedDynamicLock
[21:34:48.507] warn:  Option failed to parse: client.optimizedDynamicLock
[21:34:48.512] warn:  Option failed to parse: client.optimizedDynamicLock
[21:34:48.513] warn:  Option failed to parse: client.optimizedDynamicLock
[21:34:48.513] warn:  Option failed to parse: client.optimizedDynamicLock
[21:34:48.513] warn:  Option failed to parse: client.optimizedDynamicLock
[21:34:48.513] warn:  Option failed to parse: client.optimizedDynamicLock
[21:34:48.513] warn:  Option failed to parse: client.optimizedDynamicLock
[21:34:48.513] warn:  Option failed to parse: client.optimizedDynamicLock
[21:34:48.513] warn:  Option failed to parse: client.optimizedDynamicLock
[21:34:48.513] warn:  Option failed to parse: client.optimizedDynamicLock
[21:34:48.513] warn:  Option failed to parse: client.optimizedDynamicLock
[21:34:48.513] warn:  Option failed to parse: client.optimizedDynamicLock
[21:34:48.513] warn:  Option failed to parse: client.optimizedDynamicLock
[21:34:48.513] warn:  Option failed to parse: client.optimizedDynamicLock
[21:34:48.513] warn:  Option failed to parse: client.optimizedDynamicLock
[21:34:48.513] warn:  Option failed to parse: client.optimizedDynamicLock
[21:34:48.514] warn:  Option failed to parse: client.optimizedDynamicLock
[21:34:48.514] warn:  Option failed to parse: client.optimizedDynamicLock
[21:34:48.514] warn:  Option failed to parse: client.optimizedDynamicLock
[21:34:48.514] warn:  Option failed to parse: client.optimizedDynamicLock
[21:34:48.514] warn:  Option failed to parse: client.optimizedDynamicLock
[21:34:48.514] warn:  Option failed to parse: client.optimizedDynamicLock
[21:34:48.514] warn:  Option failed to parse: client.optimizedDynamicLock
[21:34:48.514] warn:  Option failed to parse: client.optimizedDynamicLock
[21:34:48.514] warn:  Option failed to parse: client.optimizedDynamicLock
[21:34:48.514] warn:  Option failed to parse: client.optimizedDynamicLock
[21:34:48.514] warn:  Option failed to parse: client.optimizedDynamicLock
[21:34:48.514] warn:  Option failed to parse: client.optimizedDynamicLock
[21:34:48.514] warn:  Option failed to parse: client.optimizedDynamicLock
[21:34:48.514] warn:  Option failed to parse: client.optimizedDynamicLock
[21:34:48.514] warn:  Option failed to parse: client.optimizedDynamicLock
[21:36:35.050] warn:  Option failed to parse: client.optimizedDynamicLock
[21:36:35.051] warn:  Option failed to parse: client.optimizedDynamicLock
[21:36:35.051] warn:  Option failed to parse: client.optimizedDynamicLock
[21:36:35.051] warn:  Option failed to parse: client.optimizedDynamicLock
[21:36:35.051] warn:  Option failed to parse: client.optimizedDynamicLock
[21:36:35.051] warn:  Option failed to parse: client.optimizedDynamicLock
[21:36:35.051] warn:  Option failed to parse: client.optimizedDynamicLock
[21:36:35.051] warn:  Option failed to parse: client.optimizedDynamicLock
[21:36:35.051] warn:  Option failed to parse: client.optimizedDynamicLock
[21:36:35.051] warn:  Option failed to parse: client.optimizedDynamicLock
[21:36:35.051] warn:  Option failed to parse: client.optimizedDynamicLock
[21:36:35.052] warn:  Option failed to parse: client.optimizedDynamicLock
[21:36:35.052] warn:  Option failed to parse: client.optimizedDynamicLock
[21:36:35.052] warn:  Option failed to parse: client.optimizedDynamicLock
[21:36:35.052] warn:  Option failed to parse: client.optimizedDynamicLock
[21:36:35.052] warn:  Option failed to parse: client.optimizedDynamicLock
[21:36:35.052] warn:  Option failed to parse: client.optimizedDynamicLock
[21:36:35.052] warn:  Option failed to parse: client.optimizedDynamicLock
[21:36:35.052] warn:  Option failed to parse: client.optimizedDynamicLock
[21:36:35.052] warn:  Option failed to parse: client.optimizedDynamicLock
[21:36:35.052] warn:  Option failed to parse: client.optimizedDynamicLock
[21:36:35.052] warn:  Option failed to parse: client.optimizedDynamicLock
[21:36:35.052] warn:  Option failed to parse: client.optimizedDynamicLock
[21:36:35.053] warn:  Option failed to parse: client.optimizedDynamicLock
[21:36:35.053] warn:  Option failed to parse: client.optimizedDynamicLock
[21:36:35.053] warn:  Option failed to parse: client.optimizedDynamicLock
[21:36:35.053] warn:  Option failed to parse: client.optimizedDynamicLock
[21:36:35.053] warn:  Option failed to parse: client.optimizedDynamicLock
[21:36:35.053] warn:  Option failed to parse: client.optimizedDynamicLock
[21:36:35.053] warn:  Option failed to parse: client.optimizedDynamicLock
[21:36:41.655] warn:  Option failed to parse: client.optimizedDynamicLock
[21:36:41.655] warn:  Option failed to parse: client.optimizedDynamicLock
[21:36:41.655] warn:  Option failed to parse: client.optimizedDynamicLock
[21:36:41.655] warn:  Option failed to parse: client.optimizedDynamicLock
[21:36:41.655] warn:  Option failed to parse: client.optimizedDynamicLock
[21:36:41.655] warn:  Option failed to parse: client.optimizedDynamicLock
[21:36:41.655] warn:  Option failed to parse: client.optimizedDynamicLock
[21:36:41.656] warn:  Option failed to parse: client.optimizedDynamicLock
[21:36:41.656] warn:  Option failed to parse: client.optimizedDynamicLock
[21:36:41.656] warn:  Option failed to parse: client.optimizedDynamicLock
[21:36:41.656] warn:  Option failed to parse: client.optimizedDynamicLock
[21:36:41.656] warn:  Option failed to parse: client.optimizedDynamicLock
[21:36:41.656] warn:  Option failed to parse: client.optimizedDynamicLock
[21:36:41.656] warn:  Option failed to parse: client.optimizedDynamicLock
[21:36:41.656] warn:  Option failed to parse: client.optimizedDynamicLock
[21:36:41.656] warn:  Option failed to parse: client.optimizedDynamicLock
[21:36:41.656] warn:  Option failed to parse: client.optimizedDynamicLock
[21:36:41.657] warn:  Option failed to parse: client.optimizedDynamicLock
[21:36:41.657] warn:  Option failed to parse: client.optimizedDynamicLock
[21:36:41.657] warn:  Option failed to parse: client.optimizedDynamicLock
[21:36:41.657] warn:  Option failed to parse: client.optimizedDynamicLock
[21:36:41.657] warn:  Option failed to parse: client.optimizedDynamicLock
[21:36:41.657] warn:  Option failed to parse: client.optimizedDynamicLock
[21:36:41.657] warn:  Option failed to parse: client.optimizedDynamicLock
[21:36:41.657] warn:  Option failed to parse: client.optimizedDynamicLock
[21:36:41.657] warn:  Option failed to parse: client.optimizedDynamicLock
[21:36:41.657] warn:  Option failed to parse: client.optimizedDynamicLock
[21:36:41.657] warn:  Option failed to parse: client.optimizedDynamicLock
[21:36:41.657] warn:  Option failed to parse: client.optimizedDynamicLock
[21:36:41.659] warn:  Option failed to parse: client.optimizedDynamicLock
[21:36:41.753] warn:  Option failed to parse: client.optimizedDynamicLock
[21:36:41.753] warn:  Option failed to parse: client.optimizedDynamicLock
[21:36:41.771] warn:  Option failed to parse: client.optimizedDynamicLock
[21:36:41.771] warn:  Option failed to parse: client.optimizedDynamicLock
[21:36:41.771] warn:  Option failed to parse: client.optimizedDynamicLock
[21:36:41.772] warn:  Option failed to parse: client.optimizedDynamicLock
[21:36:41.772] warn:  Option failed to parse: client.optimizedDynamicLock
[21:36:41.772] warn:  Option failed to parse: client.optimizedDynamicLock
[21:36:41.780] warn:  Option failed to parse: client.optimizedDynamicLock
[21:36:41.780] warn:  Option failed to parse: client.optimizedDynamicLock
[21:36:41.780] warn:  Option failed to parse: client.optimizedDynamicLock
[21:36:41.780] warn:  Option failed to parse: client.optimizedDynamicLock
[21:36:41.781] warn:  Option failed to parse: client.optimizedDynamicLock
[21:36:41.781] warn:  Option failed to parse: client.optimizedDynamicLock
[21:36:41.781] warn:  Option failed to parse: client.optimizedDynamicLock
[21:36:41.781] warn:  Option failed to parse: client.optimizedDynamicLock
[21:36:41.781] warn:  Option failed to parse: client.optimizedDynamicLock
[21:36:41.781] warn:  Option failed to parse: client.optimizedDynamicLock
[21:36:41.781] warn:  Option failed to parse: client.optimizedDynamicLock
[21:36:41.781] warn:  Option failed to parse: client.optimizedDynamicLock
[21:36:41.781] warn:  Option failed to parse: client.optimizedDynamicLock
[21:36:41.781] warn:  Option failed to parse: client.optimizedDynamicLock
[21:36:41.781] warn:  Option failed to parse: client.optimizedDynamicLock
[21:36:41.781] warn:  Option failed to parse: client.optimizedDynamicLock
[21:36:41.781] warn:  Option failed to parse: client.optimizedDynamicLock
[21:36:41.781] warn:  Option failed to parse: client.optimizedDynamicLock
[21:36:41.782] warn:  Option failed to parse: client.optimizedDynamicLock
[21:36:41.782] warn:  Option failed to parse: client.optimizedDynamicLock
[21:36:41.782] warn:  Option failed to parse: client.optimizedDynamicLock
[21:36:41.782] warn:  Option failed to parse: client.optimizedDynamicLock
[21:36:41.782] warn:  Option failed to parse: client.optimizedDynamicLock
[21:36:41.782] warn:  Option failed to parse: client.optimizedDynamicLock
[21:36:41.782] warn:  Option failed to parse: client.optimizedDynamicLock
[21:36:41.782] warn:  Option failed to parse: client.optimizedDynamicLock
[21:36:41.782] warn:  Option failed to parse: client.optimizedDynamicLock
[21:36:41.782] warn:  Option failed to parse: client.optimizedDynamicLock
[21:36:41.782] warn:  Option failed to parse: client.optimizedDynamicLock
[21:36:41.782] warn:  Option failed to parse: client.optimizedDynamicLock
[21:36:41.783] warn:  Option failed to parse: client.optimizedDynamicLock
[21:36:41.783] warn:  Option failed to parse: client.optimizedDynamicLock
[21:36:41.783] warn:  Option failed to parse: client.optimizedDynamicLock
[21:36:41.783] warn:  Option failed to parse: client.optimizedDynamicLock
[21:36:41.783] warn:  Option failed to parse: client.optimizedDynamicLock
[21:36:41.783] warn:  Option failed to parse: client.optimizedDynamicLock
[21:37:14.806] warn:  Option failed to parse: client.optimizedDynamicLock
[21:37:14.806] warn:  Option failed to parse: client.optimizedDynamicLock
[21:37:14.806] warn:  Option failed to parse: client.optimizedDynamicLock
[21:37:14.806] warn:  Option failed to parse: client.optimizedDynamicLock
[21:37:14.806] warn:  Option failed to parse: client.optimizedDynamicLock
[21:37:14.806] warn:  Option failed to parse: client.optimizedDynamicLock
[21:37:14.807] warn:  Option failed to parse: client.optimizedDynamicLock
[21:37:14.807] warn:  Option failed to parse: client.optimizedDynamicLock
[21:37:14.807] warn:  Option failed to parse: client.optimizedDynamicLock
[21:37:14.807] warn:  Option failed to parse: client.optimizedDynamicLock
[21:37:14.807] warn:  Option failed to parse: client.optimizedDynamicLock
[21:37:14.807] warn:  Option failed to parse: client.optimizedDynamicLock
[21:37:14.807] warn:  Option failed to parse: client.optimizedDynamicLock
[21:37:14.808] warn:  Option failed to parse: client.optimizedDynamicLock
[21:37:14.808] warn:  Option failed to parse: client.optimizedDynamicLock
[21:37:14.808] warn:  Option failed to parse: client.optimizedDynamicLock
[21:37:14.808] warn:  Option failed to parse: client.optimizedDynamicLock
[21:37:14.808] warn:  Option failed to parse: client.optimizedDynamicLock
[21:37:14.808] warn:  Option failed to parse: client.optimizedDynamicLock
[21:37:14.808] warn:  Option failed to parse: client.optimizedDynamicLock
[21:37:14.808] warn:  Option failed to parse: client.optimizedDynamicLock
[21:37:14.808] warn:  Option failed to parse: client.optimizedDynamicLock
[21:37:14.808] warn:  Option failed to parse: client.optimizedDynamicLock
[21:37:14.808] warn:  Option failed to parse: client.optimizedDynamicLock
[21:37:14.808] warn:  Option failed to parse: client.optimizedDynamicLock
[21:37:14.809] warn:  Option failed to parse: client.optimizedDynamicLock
[21:37:14.809] warn:  Option failed to parse: client.optimizedDynamicLock
[21:37:14.809] warn:  Option failed to parse: client.optimizedDynamicLock
[21:37:14.809] warn:  Option failed to parse: client.optimizedDynamicLock
[21:37:14.809] warn:  Option failed to parse: client.optimizedDynamicLock
[21:37:21.456] warn:  Option failed to parse: client.optimizedDynamicLock
[21:37:21.456] warn:  Option failed to parse: client.optimizedDynamicLock
[21:37:21.456] warn:  Option failed to parse: client.optimizedDynamicLock
[21:37:21.456] warn:  Option failed to parse: client.optimizedDynamicLock
[21:37:21.456] warn:  Option failed to parse: client.optimizedDynamicLock
[21:37:21.456] warn:  Option failed to parse: client.optimizedDynamicLock
[21:37:21.456] warn:  Option failed to parse: client.optimizedDynamicLock
[21:37:21.456] warn:  Option failed to parse: client.optimizedDynamicLock
[21:37:21.456] warn:  Option failed to parse: client.optimizedDynamicLock
[21:37:21.456] warn:  Option failed to parse: client.optimizedDynamicLock
[21:37:21.456] warn:  Option failed to parse: client.optimizedDynamicLock
[21:37:21.456] warn:  Option failed to parse: client.optimizedDynamicLock
[21:37:21.456] warn:  Option failed to parse: client.optimizedDynamicLock
[21:37:21.457] warn:  Option failed to parse: client.optimizedDynamicLock
[21:37:21.457] warn:  Option failed to parse: client.optimizedDynamicLock
[21:37:21.457] warn:  Option failed to parse: client.optimizedDynamicLock
[21:37:21.457] warn:  Option failed to parse: client.optimizedDynamicLock
[21:37:21.457] warn:  Option failed to parse: client.optimizedDynamicLock
[21:37:21.457] warn:  Option failed to parse: client.optimizedDynamicLock
[21:37:21.457] warn:  Option failed to parse: client.optimizedDynamicLock
[21:37:21.457] warn:  Option failed to parse: client.optimizedDynamicLock
[21:37:21.457] warn:  Option failed to parse: client.optimizedDynamicLock
[21:37:21.457] warn:  Option failed to parse: client.optimizedDynamicLock
[21:37:21.457] warn:  Option failed to parse: client.optimizedDynamicLock
[21:37:21.457] warn:  Option failed to parse: client.optimizedDynamicLock
[21:37:21.458] warn:  Option failed to parse: client.optimizedDynamicLock
[21:37:21.458] warn:  Option failed to parse: client.optimizedDynamicLock
[21:37:21.458] warn:  Option failed to parse: client.optimizedDynamicLock
[21:37:21.458] warn:  Option failed to parse: client.optimizedDynamicLock
[21:37:21.458] warn:  Option failed to parse: client.optimizedDynamicLock
[21:37:21.572] warn:  Option failed to parse: client.optimizedDynamicLock
[21:37:21.572] warn:  Option failed to parse: client.optimizedDynamicLock
[21:37:21.587] warn:  Option failed to parse: client.optimizedDynamicLock
[21:37:21.588] warn:  Option failed to parse: client.optimizedDynamicLock
[21:37:21.588] warn:  Option failed to parse: client.optimizedDynamicLock
[21:37:21.588] warn:  Option failed to parse: client.optimizedDynamicLock
[21:37:21.588] warn:  Option failed to parse: client.optimizedDynamicLock
[21:37:21.588] warn:  Option failed to parse: client.optimizedDynamicLock
[21:37:21.589] warn:  Option failed to parse: client.optimizedDynamicLock
[21:37:21.589] warn:  Option failed to parse: client.optimizedDynamicLock
[21:37:21.589] warn:  Option failed to parse: client.optimizedDynamicLock
[21:37:21.589] warn:  Option failed to parse: client.optimizedDynamicLock
[21:37:21.589] warn:  Option failed to parse: client.optimizedDynamicLock
[21:37:21.589] warn:  Option failed to parse: client.optimizedDynamicLock
[21:37:21.589] warn:  Option failed to parse: client.optimizedDynamicLock
[21:37:21.589] warn:  Option failed to parse: client.optimizedDynamicLock
[21:37:21.589] warn:  Option failed to parse: client.optimizedDynamicLock
[21:37:21.589] warn:  Option failed to parse: client.optimizedDynamicLock
[21:37:21.589] warn:  Option failed to parse: client.optimizedDynamicLock
[21:37:21.589] warn:  Option failed to parse: client.optimizedDynamicLock
[21:37:21.590] warn:  Option failed to parse: client.optimizedDynamicLock
[21:37:21.590] warn:  Option failed to parse: client.optimizedDynamicLock
[21:37:21.590] warn:  Option failed to parse: client.optimizedDynamicLock
[21:37:21.590] warn:  Option failed to parse: client.optimizedDynamicLock
[21:37:21.590] warn:  Option failed to parse: client.optimizedDynamicLock
[21:37:21.590] warn:  Option failed to parse: client.optimizedDynamicLock
[21:37:21.590] warn:  Option failed to parse: client.optimizedDynamicLock
[21:37:21.590] warn:  Option failed to parse: client.optimizedDynamicLock
[21:37:21.590] warn:  Option failed to parse: client.optimizedDynamicLock
[21:37:21.590] warn:  Option failed to parse: client.optimizedDynamicLock
[21:37:21.590] warn:  Option failed to parse: client.optimizedDynamicLock
[21:37:21.590] warn:  Option failed to parse: client.optimizedDynamicLock
[21:37:21.591] warn:  Option failed to parse: client.optimizedDynamicLock
[21:37:21.591] warn:  Option failed to parse: client.optimizedDynamicLock
[21:37:21.591] warn:  Option failed to parse: client.optimizedDynamicLock
[21:37:21.591] warn:  Option failed to parse: client.optimizedDynamicLock
[21:37:21.591] warn:  Option failed to parse: client.optimizedDynamicLock
[21:37:21.591] warn:  Option failed to parse: client.optimizedDynamicLock
[21:37:21.591] warn:  Option failed to parse: client.optimizedDynamicLock
[21:37:21.591] warn:  Option failed to parse: client.optimizedDynamicLock
[21:37:21.591] warn:  Option failed to parse: client.optimizedDynamicLock
[21:37:21.591] warn:  Option failed to parse: client.optimizedDynamicLock
[21:37:21.591] warn:  Option failed to parse: client.optimizedDynamicLock
[21:37:21.591] warn:  Option failed to parse: client.optimizedDynamicLock
[21:37:21.591] warn:  Option failed to parse: client.optimizedDynamicLock
[21:37:21.592] warn:  Option failed to parse: client.optimizedDynamicLock
[21:40:39.881] warn:  Option failed to parse: client.optimizedDynamicLock
[21:40:39.881] warn:  Option failed to parse: client.optimizedDynamicLock
[21:40:39.881] warn:  Option failed to parse: client.optimizedDynamicLock
[21:40:39.881] warn:  Option failed to parse: client.optimizedDynamicLock
[21:40:39.881] warn:  Option failed to parse: client.optimizedDynamicLock
[21:40:39.881] warn:  Option failed to parse: client.optimizedDynamicLock
[21:40:39.882] warn:  Option failed to parse: client.optimizedDynamicLock
[21:40:39.882] warn:  Option failed to parse: client.optimizedDynamicLock
[21:40:39.882] warn:  Option failed to parse: client.optimizedDynamicLock
[21:40:39.882] warn:  Option failed to parse: client.optimizedDynamicLock
[21:40:39.882] warn:  Option failed to parse: client.optimizedDynamicLock
[21:40:39.882] warn:  Option failed to parse: client.optimizedDynamicLock
[21:40:39.882] warn:  Option failed to parse: client.optimizedDynamicLock
[21:40:39.882] warn:  Option failed to parse: client.optimizedDynamicLock
[21:40:39.882] warn:  Option failed to parse: client.optimizedDynamicLock
[21:40:39.882] warn:  Option failed to parse: client.optimizedDynamicLock
[21:40:39.882] warn:  Option failed to parse: client.optimizedDynamicLock
[21:40:39.882] warn:  Option failed to parse: client.optimizedDynamicLock
[21:40:39.883] warn:  Option failed to parse: client.optimizedDynamicLock
[21:40:39.883] warn:  Option failed to parse: client.optimizedDynamicLock
[21:40:39.883] warn:  Option failed to parse: client.optimizedDynamicLock
[21:40:39.883] warn:  Option failed to parse: client.optimizedDynamicLock
[21:40:39.883] warn:  Option failed to parse: client.optimizedDynamicLock
[21:40:39.883] warn:  Option failed to parse: client.optimizedDynamicLock
[21:40:39.883] warn:  Option failed to parse: client.optimizedDynamicLock
[21:40:39.883] warn:  Option failed to parse: client.optimizedDynamicLock
[21:40:39.883] warn:  Option failed to parse: client.optimizedDynamicLock
[21:40:39.883] warn:  Option failed to parse: client.optimizedDynamicLock
[21:40:39.883] warn:  Option failed to parse: client.optimizedDynamicLock
[21:40:39.883] warn:  Option failed to parse: client.optimizedDynamicLock
[21:40:40.043] warn:  Option failed to parse: client.optimizedDynamicLock
[21:40:40.043] warn:  Option failed to parse: client.optimizedDynamicLock
[21:40:40.061] warn:  Option failed to parse: client.optimizedDynamicLock
[21:40:40.061] warn:  Option failed to parse: client.optimizedDynamicLock
[21:40:40.062] warn:  Option failed to parse: client.optimizedDynamicLock
[21:40:40.062] warn:  Option failed to parse: client.optimizedDynamicLock
[21:40:40.062] warn:  Option failed to parse: client.optimizedDynamicLock
[21:40:40.062] warn:  Option failed to parse: client.optimizedDynamicLock
[21:41:52.533] info:  Remix UI activated.
[21:41:52.534] warn:  Option failed to parse: client.overrideCustomWinHooks
[21:41:53.905] info:  Remix UI activated.
[21:42:06.347] info:  Remix UI deactivated.
[21:42:08.370] info:  Remix UI activated.
[21:42:08.370] warn:  Option failed to parse: client.overrideCustomWinHooks
[21:42:09.710] info:  Remix UI activated.
[21:42:15.655] info:  Remix UI deactivated.
[21:42:18.032] info:  Remix UI activated.
[21:42:18.032] warn:  Option failed to parse: client.overrideCustomWinHooks
[21:42:19.176] info:  Remix UI activated.
[21:42:22.358] info:  Remix UI deactivated.
[21:42:24.665] info:  Remix UI activated.
[21:42:24.665] warn:  Option failed to parse: client.overrideCustomWinHooks
[21:42:26.164] info:  Remix UI activated.
[21:42:55.257] info:  Remix UI deactivated.
[21:43:13.840] info:  Remix UI activated.
[21:43:13.840] warn:  Option failed to parse: client.overrideCustomWinHooks
[21:43:14.857] info:  Remix UI activated.
[21:43:17.690] info:  Remix UI deactivated.
[21:43:19.109] info:  Remix UI activated.
[21:43:19.110] warn:  Option failed to parse: client.overrideCustomWinHooks
[21:43:20.054] info:  Remix UI activated.
[21:43:23.753] info:  Remix UI deactivated.
[21:43:25.174] info:  Remix UI activated.
[21:43:25.175] warn:  Option failed to parse: client.overrideCustomWinHooks
[21:43:26.227] info:  Remix UI activated.
[21:43:27.020] info:  Remix UI deactivated.
[21:43:30.401] info:  Remix UI activated.
[21:43:30.401] warn:  Option failed to parse: client.overrideCustomWinHooks
[21:43:32.223] info:  Remix UI activated.
[21:43:34.926] info:  Remix UI deactivated.
[21:43:49.011] info:  Remix UI activated.
[21:43:49.011] warn:  Option failed to parse: client.overrideCustomWinHooks
[21:43:50.318] info:  Remix UI activated.
[21:43:51.918] info:  Remix UI deactivated.
[21:45:22.896] info:  Remix UI activated.
[21:45:22.896] warn:  Option failed to parse: client.overrideCustomWinHooks
[21:45:24.526] info:  Remix UI activated.
[21:45:31.952] info:  Remix UI deactivated.
[21:45:38.229] info:  Remix UI activated.
[21:45:38.229] warn:  Option failed to parse: client.overrideCustomWinHooks
[21:45:39.562] info:  Remix UI activated.
[21:45:44.024] info:  Remix UI deactivated.
[21:46:13.950] warn:  Option failed to parse: client.optimizedDynamicLock
[21:46:13.951] warn:  Option failed to parse: client.optimizedDynamicLock
[21:46:13.951] warn:  Option failed to parse: client.optimizedDynamicLock
[21:46:13.951] warn:  Option failed to parse: client.optimizedDynamicLock
[21:46:13.951] warn:  Option failed to parse: client.optimizedDynamicLock
[21:46:13.951] warn:  Option failed to parse: client.optimizedDynamicLock
[21:46:13.951] warn:  Option failed to parse: client.optimizedDynamicLock
[21:46:13.951] warn:  Option failed to parse: client.optimizedDynamicLock
[21:46:13.951] warn:  Option failed to parse: client.optimizedDynamicLock
[21:46:13.951] warn:  Option failed to parse: client.optimizedDynamicLock
[21:46:13.951] warn:  Option failed to parse: client.optimizedDynamicLock
[21:46:13.952] warn:  Option failed to parse: client.optimizedDynamicLock
[21:46:13.952] warn:  Option failed to parse: client.optimizedDynamicLock
[21:46:13.952] warn:  Option failed to parse: client.optimizedDynamicLock
[21:46:13.952] warn:  Option failed to parse: client.optimizedDynamicLock
[21:46:13.952] warn:  Option failed to parse: client.optimizedDynamicLock
[21:46:13.952] warn:  Option failed to parse: client.optimizedDynamicLock
[21:46:13.952] warn:  Option failed to parse: client.optimizedDynamicLock
[21:46:13.952] warn:  Option failed to parse: client.optimizedDynamicLock
[21:46:13.952] warn:  Option failed to parse: client.optimizedDynamicLock
[21:46:13.952] warn:  Option failed to parse: client.optimizedDynamicLock
[21:46:13.952] warn:  Option failed to parse: client.optimizedDynamicLock
[21:46:13.952] warn:  Option failed to parse: client.optimizedDynamicLock
[21:46:13.952] warn:  Option failed to parse: client.optimizedDynamicLock
[21:46:13.953] warn:  Option failed to parse: client.optimizedDynamicLock
[21:46:13.953] warn:  Option failed to parse: client.optimizedDynamicLock
[21:46:13.953] warn:  Option failed to parse: client.optimizedDynamicLock
[21:46:13.953] warn:  Option failed to parse: client.optimizedDynamicLock
[21:46:13.953] warn:  Option failed to parse: client.optimizedDynamicLock
[21:46:13.953] warn:  Option failed to parse: client.optimizedDynamicLock
[21:46:20.190] warn:  Option failed to parse: client.optimizedDynamicLock
[21:46:20.190] warn:  Option failed to parse: client.optimizedDynamicLock
[21:46:20.190] warn:  Option failed to parse: client.optimizedDynamicLock
[21:46:20.190] warn:  Option failed to parse: client.optimizedDynamicLock
[21:46:20.190] warn:  Option failed to parse: client.optimizedDynamicLock
[21:46:20.190] warn:  Option failed to parse: client.optimizedDynamicLock
[21:46:20.190] warn:  Option failed to parse: client.optimizedDynamicLock
[21:46:20.190] warn:  Option failed to parse: client.optimizedDynamicLock
[21:46:20.190] warn:  Option failed to parse: client.optimizedDynamicLock
[21:46:20.191] warn:  Option failed to parse: client.optimizedDynamicLock
[21:46:20.191] warn:  Option failed to parse: client.optimizedDynamicLock
[21:46:20.191] warn:  Option failed to parse: client.optimizedDynamicLock
[21:46:20.191] warn:  Option failed to parse: client.optimizedDynamicLock
[21:46:20.191] warn:  Option failed to parse: client.optimizedDynamicLock
[21:46:20.191] warn:  Option failed to parse: client.optimizedDynamicLock
[21:46:20.191] warn:  Option failed to parse: client.optimizedDynamicLock
[21:46:20.191] warn:  Option failed to parse: client.optimizedDynamicLock
[21:46:20.191] warn:  Option failed to parse: client.optimizedDynamicLock
[21:46:20.191] warn:  Option failed to parse: client.optimizedDynamicLock
[21:46:20.191] warn:  Option failed to parse: client.optimizedDynamicLock
[21:46:20.191] warn:  Option failed to parse: client.optimizedDynamicLock
[21:46:20.192] warn:  Option failed to parse: client.optimizedDynamicLock
[21:46:20.192] warn:  Option failed to parse: client.optimizedDynamicLock
[21:46:20.192] warn:  Option failed to parse: client.optimizedDynamicLock
[21:46:20.192] warn:  Option failed to parse: client.optimizedDynamicLock
[21:46:20.192] warn:  Option failed to parse: client.optimizedDynamicLock
[21:46:20.192] warn:  Option failed to parse: client.optimizedDynamicLock
[21:46:20.192] warn:  Option failed to parse: client.optimizedDynamicLock
[21:46:20.192] warn:  Option failed to parse: client.optimizedDynamicLock
[21:46:20.192] warn:  Option failed to parse: client.optimizedDynamicLock
[21:46:20.245] warn:  Option failed to parse: client.optimizedDynamicLock
[21:46:20.245] warn:  Option failed to parse: client.optimizedDynamicLock
[21:46:20.248] warn:  Option failed to parse: client.optimizedDynamicLock
[21:46:20.248] warn:  Option failed to parse: client.optimizedDynamicLock
[21:46:20.248] warn:  Option failed to parse: client.optimizedDynamicLock
[21:46:20.249] warn:  Option failed to parse: client.optimizedDynamicLock
[21:46:20.249] warn:  Option failed to parse: client.optimizedDynamicLock
[21:46:20.249] warn:  Option failed to parse: client.optimizedDynamicLock
[21:46:20.249] warn:  Option failed to parse: client.optimizedDynamicLock
[21:46:20.249] warn:  Option failed to parse: client.optimizedDynamicLock
[21:46:20.249] warn:  Option failed to parse: client.optimizedDynamicLock
[21:46:20.249] warn:  Option failed to parse: client.optimizedDynamicLock
[21:46:20.249] warn:  Option failed to parse: client.optimizedDynamicLock
[21:46:20.249] warn:  Option failed to parse: client.optimizedDynamicLock
[21:46:20.249] warn:  Option failed to parse: client.optimizedDynamicLock
[21:46:20.249] warn:  Option failed to parse: client.optimizedDynamicLock
[21:46:20.249] warn:  Option failed to parse: client.optimizedDynamicLock
[21:46:20.250] warn:  Option failed to parse: client.optimizedDynamicLock
[21:46:20.250] warn:  Option failed to parse: client.optimizedDynamicLock
[21:46:20.250] warn:  Option failed to parse: client.optimizedDynamicLock
[21:46:20.250] warn:  Option failed to parse: client.optimizedDynamicLock
[21:46:20.250] warn:  Option failed to parse: client.optimizedDynamicLock
[21:46:20.250] warn:  Option failed to parse: client.optimizedDynamicLock
[21:46:20.250] warn:  Option failed to parse: client.optimizedDynamicLock
[21:46:20.250] warn:  Option failed to parse: client.optimizedDynamicLock
[21:46:20.250] warn:  Option failed to parse: client.optimizedDynamicLock
[21:46:20.250] warn:  Option failed to parse: client.optimizedDynamicLock
[21:46:20.250] warn:  Option failed to parse: client.optimizedDynamicLock
[21:46:20.250] warn:  Option failed to parse: client.optimizedDynamicLock
[21:46:20.251] warn:  Option failed to parse: client.optimizedDynamicLock
[21:46:20.251] warn:  Option failed to parse: client.optimizedDynamicLock
[21:46:20.251] warn:  Option failed to parse: client.optimizedDynamicLock
[21:46:20.251] warn:  Option failed to parse: client.optimizedDynamicLock
[21:46:20.251] warn:  Option failed to parse: client.optimizedDynamicLock
[21:46:20.251] warn:  Option failed to parse: client.optimizedDynamicLock
[21:46:20.251] warn:  Option failed to parse: client.optimizedDynamicLock
[21:46:20.251] warn:  Option failed to parse: client.optimizedDynamicLock
[21:46:20.251] warn:  Option failed to parse: client.optimizedDynamicLock
[21:47:13.961] info:  Client window became inactive, disabling timeouts for bridge client...
[21:47:19.066] info:  About to unload bridge client.
[21:47:19.066] info:  Sending Terminate command to server...
[21:47:19.077] info:  Server notified that it has cleanly terminated. Cleaning up.
[21:47:19.480] info:  Most recent Device Queue commands sent from Client
[21:47:19.480] info:  Command sent: Terminate
[21:47:19.480] info:  Command sent: IDirect3DVertexBuffer9_Destroy
[21:47:19.480] info:  Command sent: IDirect3DIndexBuffer9_Destroy
[21:47:19.480] info:  Command sent: IDirect3DVertexBuffer9_Destroy
[21:47:19.480] info:  Command sent: IDirect3DVertexBuffer9_Destroy
[21:47:19.480] info:  Command sent: IDirect3DVertexBuffer9_Destroy
[21:47:19.480] info:  Command sent: IDirect3DVertexBuffer9_Destroy
[21:47:19.480] info:  Command sent: Bridge_UnlinkResource
[21:47:19.480] info:  Command sent: IDirect3DTexture9_Destroy
[21:47:19.481] info:  Command sent: Bridge_UnlinkResource
[21:47:19.481] info:  Most recent Device Queue commands received by Server
[21:47:19.481] info:  Command received: Terminate
[21:47:19.481] info:  Command received: IDirect3DVertexBuffer9_Destroy
[21:47:19.481] info:  Command received: IDirect3DIndexBuffer9_Destroy
[21:47:19.481] info:  Command received: IDirect3DVertexBuffer9_Destroy
[21:47:19.481] info:  Command received: IDirect3DVertexBuffer9_Destroy
[21:47:19.481] info:  Command received: IDirect3DVertexBuffer9_Destroy
[21:47:19.481] info:  Command received: IDirect3DVertexBuffer9_Destroy
[21:47:19.481] info:  Command received: Bridge_UnlinkResource
[21:47:19.481] info:  Command received: IDirect3DTexture9_Destroy
[21:47:19.481] info:  Command received: Bridge_UnlinkResource
[21:47:19.481] info:  Most recent Module Queue commands sent from Client
[21:47:19.481] info:  Command sent: IDirect3D9Ex_EnumAdapterModes
[21:47:19.481] info:  Command sent: IDirect3D9Ex_EnumAdapterModes
[21:47:19.481] info:  Command sent: IDirect3D9Ex_EnumAdapterModes
[21:47:19.481] info:  Command sent: IDirect3D9Ex_EnumAdapterModes
[21:47:19.481] info:  Command sent: IDirect3D9Ex_EnumAdapterModes
[21:47:19.481] info:  Most recent Module Queue commands received by Server
[21:47:19.482] info:  Command received: IDirect3D9Ex_EnumAdapterModes
[21:47:19.482] info:  Command received: IDirect3D9Ex_EnumAdapterModes
[21:47:19.482] info:  Command received: IDirect3D9Ex_EnumAdapterModes
[21:47:19.482] info:  Command received: IDirect3D9Ex_EnumAdapterModes
[21:47:19.482] info:  Command received: IDirect3D9Ex_EnumAdapterModes
[21:47:19.482] info:  Shutdown cleanup successful, exiting now!
[21:47:19.482] warn:  Option failed to parse: client.hookMessagePump
[21:47:19.482] info:  DirectInput8 hook detached.
[21:47:19.482] info:  DirectInput hook detached.
[21:47:19.482] info:  [Uptime]: 871s
