[02:41:07.695] info:  [02:41:07.694] info:  No default config found for: C:\GOG Games\Total Overdose\TOD.exe
[02:41:07.695] info:  [02:41:07.694] info:  Trying to open config file: C:\GOG Games\Total Overdose\.trex\bridge.conf
[02:41:07.695] warn:  [02:41:07.694] warn:  Option failed to parse: moduleClientChannelMemSize
[02:41:07.695] warn:  [02:41:07.694] warn:  Option failed to parse: moduleClientCmdQueueSize
[02:41:07.695] warn:  [02:41:07.694] warn:  Option failed to parse: moduleClientDataQueueSize
[02:41:07.695] warn:  [02:41:07.694] warn:  Option failed to parse: moduleServerChannelMemSize
[02:41:07.695] warn:  [02:41:07.694] warn:  Option failed to parse: moduleServerCmdQueueSize
[02:41:07.695] warn:  [02:41:07.694] warn:  Option failed to parse: moduleServerDataQueueSize
[02:41:07.695] warn:  [02:41:07.694] warn:  Option failed to parse: clientChannelMemSize
[02:41:07.695] warn:  [02:41:07.694] warn:  Option failed to parse: clientCmdQueueSize
[02:41:07.695] warn:  [02:41:07.694] warn:  Option failed to parse: clientDataQueueSize
[02:41:07.695] warn:  [02:41:07.694] warn:  Option failed to parse: serverChannelMemSize
[02:41:07.695] warn:  [02:41:07.694] warn:  Option failed to parse: serverCmdQueueSize
[02:41:07.695] warn:  [02:41:07.694] warn:  Option failed to parse: serverDataQueueSize
[02:41:07.695] warn:  [02:41:07.694] warn:  Option failed to parse: sendReadOnlyCalls
[02:41:07.695] warn:  [02:41:07.694] warn:  Option failed to parse: sendAllServerResponses
[02:41:07.695] warn:  [02:41:07.694] warn:  Option failed to parse: sendCreateFunctionServerResponses
[02:41:07.695] warn:  [02:41:07.694] warn:  Option failed to parse: logApiCalls
[02:41:07.695] warn:  [02:41:07.694] warn:  Option failed to parse: logAllCalls
[02:41:07.695] warn:  [02:41:07.694] warn:  Option failed to parse: logAllCommands
[02:41:07.695] warn:  [02:41:07.694] warn:  Option failed to parse: logServerCommands
[02:41:07.695] warn:  [02:41:07.694] warn:  Option failed to parse: commandTimeout
[02:41:07.695] warn:  [02:41:07.694] warn:  Option failed to parse: startupTimeout
[02:41:07.695] warn:  [02:41:07.694] warn:  Option failed to parse: commandRetries
[02:41:07.695] warn:  [02:41:07.694] warn:  Option failed to parse: ackTimeout
[02:41:07.695] warn:  [02:41:07.694] warn:  Option failed to parse: infiniteRetries
[02:41:07.695] warn:  [02:41:07.694] warn:  Option failed to parse: logLevel
[02:41:07.695] warn:  [02:41:07.694] warn:  Option failed to parse: keyStateCircBufMaxSize
[02:41:07.695] warn:  [02:41:07.694] warn:  Option failed to parse: presentSemaphoreMaxFrames
[02:41:07.695] warn:  [02:41:07.694] warn:  Option failed to parse: presentSemaphoreEnabled
[02:41:07.695] warn:  [02:41:07.694] warn:  Option failed to parse: commandBatchingEnabled
[02:41:07.695] warn:  [02:41:07.694] warn:  Option failed to parse: disableTimeoutsWhenDebugging
[02:41:07.695] warn:  [02:41:07.694] warn:  Option failed to parse: disableTimeouts
[02:41:07.695] warn:  [02:41:07.694] warn:  Option failed to parse: useSharedHeap
[02:41:07.695] warn:  [02:41:07.694] warn:  Option failed to parse: sharedHeapDefaultSegmentSize
[02:41:07.695] warn:  [02:41:07.694] warn:  Option failed to parse: sharedHeapChunkSize
[02:41:07.695] warn:  [02:41:07.694] warn:  Option failed to parse: sharedHeapFreeChunkWaitTimeout
[02:41:07.695] warn:  [02:41:07.694] warn:  Option failed to parse: threadSafetyPolicy
[02:41:07.695] warn:  [02:41:07.694] warn:  Option failed to parse: alwaysCopyEntireStaticBuffer
[02:41:07.695] warn:  [02:41:07.694] warn:  Option failed to parse: exposeRemixApi
[02:41:07.695] warn:  [02:41:07.694] warn:  Option failed to parse: eliminateRedundantSetterCalls
[02:41:07.695] info:  ==================
[02:41:07.695] info:  NVIDIA RTX Remix Bridge Server
[02:41:07.695] info:  ==================
[02:41:07.695] info:  Version: remix-main+cfb6edc9
[02:41:07.695] info:  Running in x64 mode!
[02:41:07.695] info:  Launched server with GUID 1e2ab0e8-fdbb-4b1e-8156-c6abcf2cc287
[02:41:07.696] info:  Server started up, waiting for connection from client...
[02:41:07.696] info:  Registering exit callback in case client exits unexpectedly.
[02:41:07.696] info:  Registering message channel for asynchronous message handling.
[02:41:07.696] info:  Initializing D3D9...
[02:41:07.696] warn:  Option failed to parse: server.useVanillaDxvk
[02:41:07.789] info:  Message channel MessageChannelServer established.
[02:41:07.926] info:  D3D9 interface object creation succeeded!
[02:41:07.926] info:  Loaded D3D9 from C:\GOG Games\Total Overdose\.trex\d3d9.dll
[02:41:07.926] info:  Version of d3d9 loaded is DXVK
[02:41:07.926] info:  Feature version parity confirmed!
[02:41:07.926] info:  Sync request received, sending ACK response...
[02:41:07.926] info:  Done! Now waiting for client to consume the response...
[02:41:07.926] info:  Handshake completed! Now waiting for incoming commands...
[02:41:09.664] info:  Server side D3D9 Device created successfully!
[02:41:22.703] info:  Client window became inactive, disabling timeouts for bridge server...
[02:41:27.773] info:  The module command processing loop was exited unexpectedly, either due to timing out or some other command queue issue.
[02:41:27.773] err:   17 objects discovered in Resource map at Direct3D module eviction:
[02:41:27.773] err:   	4 -> 0000021CCF075DB0
[02:41:27.773] err:   	5 -> 0000021CCF075DB0
[02:41:27.773] err:   	a -> 0000025F87E96C30
[02:41:27.773] err:   	18 -> 0000025F889B3760
[02:41:27.773] err:   	19 -> 0000025F87E967D0
[02:41:27.773] err:   	1a -> 0000025F889B4A20
[02:41:27.773] err:   	1b -> 0000025F87E96A50
[02:41:27.773] err:   	1350 -> 0000025FC791DB70
[02:41:27.773] err:   	1354 -> 0000025FC7920B60
[02:41:27.773] err:   	1358 -> 0000025FC7920750
[02:41:27.773] err:   	1351 -> 0000025FC791DD10
[02:41:27.773] err:   	1355 -> 0000025FC791FCC0
[02:41:27.773] err:   	1359 -> 0000025FC79200D0
[02:41:27.773] err:   	1352 -> 0000025FC791FBF0
[02:41:27.773] err:   	1353 -> 0000025FC79204E0
[02:41:27.773] err:   	1356 -> 0000025FC79208F0
[02:41:27.773] err:   	1357 -> 0000025FC7920C30
[02:41:27.773] err:   1 objects discovered in Swapchain map at Direct3D module eviction:
[02:41:27.773] err:   	3 -> 0000025F0FA12500
[02:41:27.773] err:   1 objects discovered in Device map at Direct3D module eviction:
[02:41:27.773] err:   	2 -> 0000025EFD0FA040
[02:41:27.773] info:  Command processing loop finished, cleaning up and exiting...
[02:41:27.773] info:  Shutdown cleanup successful, exiting now!
[02:41:27.773] info:  [Uptime]: 20s
