[21:32:48.476] info:  Game: TOD.exe
[21:32:48.476] info:  DXVK_Remix: remix-1.4.2+cfb6edc9
[21:32:48.476] info:  System Information Report:
[21:32:48.476] info:    CPU: (AuthenticAMD) AMD Ryzen 5 9600X 6-Core Processor             
[21:32:48.476] info:    Memory: 14.33 GiB / 31.10 GiB physical, 25.47 GiB / 40.60 GiB committed, 4.82 GiB / 128.00 TiB virtual (current process)
[21:32:48.476] info:    OS: Windows 10.0 Build 26200
[21:32:48.476] info:  Initializing RtxOptions...
[21:32:48.476] info:  Initializing RtxOption system layers...
[21:32:48.476] info:  Attempting to parse option layer: dxvk.conf...
[21:32:48.476] info:  Found config file: dxvk.conf
[21:32:48.476] info:  Parsed config file.
[21:32:48.482] info:  Did not find app config for executable: C:\GOG Games\Total Overdose\TOD.exe
[21:32:48.482] info:  Attempting to parse option layer: rtx.conf...
[21:32:48.482] info:  Found config file: rtx.conf
[21:32:48.482] info:  Parsed config file.
[21:32:48.482] info:  Effective Combined Config for DXVK Options configuration:
[21:32:48.482] info:    rtx.autoExposure.enabled = False
[21:32:48.482] info:    rtx.enableRaytracing = True
[21:32:48.482] info:    d3d9.evictManagedOnUnlock = True
[21:32:48.482] info:    rtx.graphicsPreset = 0
[21:32:48.482] info:    rtx.skyAutoDetect = 2
[21:32:48.482] info:    rtx.raytracedRenderTarget.enable = True
[21:32:48.482] info:    rtx.postfx.enable = False
[21:32:48.482] info:    rtx.raytracedRenderTargetTextures = 0x1E604227861E0BCB, 0x261F0A146E18E6FA, 0x4E44041F9E27548B, 0x4E44041F9E27548E, 0x572A88A0A2E43086, 0x609466F92E702865, 0xB566CD7C690A3630, 0xD824D823D9CCF030, 0xF885C65160789A8B
[21:32:48.482] info:    rtx.uiTextures = 0x1D1D8E3DB8CE7310, 0xDDF1BE54CD1936C8, 0xF8A7EB3A1A6FE3FB, 0xA46C307BB6FFCB19, 0xD84E0241FB4E93F6, 0x6D903948AD06648A, 0x2B4816BD87376AA3, 0x192FB0F755F9FB6B, 0x30EA8E3DAB2022B6, 0x1E236CA8E4A0E146, 0x161210380A082CA6, 0x4213AE49667A8570, 0x69E6555960AC4957, 0x005DE970A83F42BC, 0x3DD8EA530868E561, 0xACA2948D1DEE9DA6, 0x341023E50A5AF296, 0x52E28B6A39EBAF18, 0x68053536F4B78B31, 0x382AF0C23A12C318, 0x733D6B444EF44DE1, 0x76CEF1929D90BDC8, 0xBE928CE879426290, 0xA4ADA10820E40A59, 0x8A3BF58236BAB5EE, 0xF56A533A409D3015, 0xD74088F78FFBED17, 0x3F6C008F32FE3D33, 0x093C29F27ECFCF21, -0x51D36BDF7C5C3E9D, -0x6F26C2C14C981112, -0x72EAE28ED2166958, -0x7ECA4C36B688596C
[21:32:48.482] info:    rtx.bloom.enable = False
[21:32:48.482] info:  Attempting to parse option layer: user.conf...
[21:32:48.482] info:  Found config file: user.conf
[21:32:48.483] info:  Parsed config file.
[21:32:48.483] info:  RtxOption system layer initialization complete.
[21:32:48.483] info:  Geometry generation hash rule:
[21:32:48.483] info:  	positions
[21:32:48.483] info:  	indices
[21:32:48.483] info:  	texcoords
[21:32:48.483] info:  	geometrydescriptor
[21:32:48.483] info:  	vertexlayout
[21:32:48.483] info:  	vertexshader
[21:32:48.483] info:  [Migration] Migrating from rtx.dynamicDecalTextures to rtx.decalTextures
[21:32:48.483] info:  [Deprecated Config] rtx.dynamicDecalTextures has been deprecated, we have moved all your textures from this list to rtx.decalTextures, no further action is required from you. Please re-save your rtx config to get rid of this message.
[21:32:48.483] info:  Geometry asset hash rule:
[21:32:48.483] info:  	positions
[21:32:48.483] info:  	indices
[21:32:48.483] info:  	geometrydescriptor
[21:32:48.483] info:  [RTX Neural Radiance Cache] Selected Ultra preset mode.
[21:32:48.483] info:  [Migration] Migrating from rtx.nonOffsetDecalTextures to rtx.decalTextures
[21:32:48.483] info:  [Deprecated Config] rtx.nonOffsetDecalTextures has been deprecated, we have moved all your textures from this list to rtx.decalTextures, no further action is required from you. Please re-save your rtx config to get rid of this message.
[21:32:48.483] info:  [Migration] Migrating from rtx.singleOffsetDecalTextures to rtx.decalTextures
[21:32:48.483] info:  [Deprecated Config] rtx.singleOffsetDecalTextures has been deprecated, we have moved all your textures from this list to rtx.decalTextures, no further action is required from you. Please re-save your rtx config to get rid of this message.
[21:32:48.483] info:  [Migration] Migrating from rtx.particles.globalPreset.maxSpeed to rtx.particles.globalPreset.maxSpawnVelocity
[21:32:48.483] info:  [Migration] Migrating from rtx.particles.globalPreset.maxSpeed to rtx.particles.globalPreset.maxTargetVelocity
[21:32:48.483] info:  [Deprecated Config] rtx.particles.globalPreset.maxSpeed has been migrated to rtx.particles.globalPreset.maxSpawnVelocity and rtx.particles.globalPreset.maxTargetVelocity.Please re-save your config to get rid of this message.
[21:32:48.483] info:  Effective RtxOption values (after all config layers and migrations):
[21:32:48.483] info:    rtx.neuralRadianceCache.trainingMaxPathBounces = 9
[21:32:48.483] info:    rtx.bloom.enable = False
[21:32:48.483] info:    rtx.autoExposure.enabled = False
[21:32:48.483] info:    rtx.graphicsPreset = 0
[21:32:48.483] info:    rtx.postfx.enable = False
[21:32:48.483] info:    rtx.skyAutoDetect = 2
[21:32:48.483] info:    rtx.raytracedRenderTargetTextures = 0x1E604227861E0BCB, 0x261F0A146E18E6FA, 0x4E44041F9E27548B, 0x4E44041F9E27548E, 0x572A88A0A2E43086, 0x609466F92E702865, 0xB566CD7C690A3630, 0xD824D823D9CCF030, 0xF885C65160789A8B
[21:32:48.483] info:    rtx.uiTextures = 0x005DE970A83F42BC, 0x093C29F27ECFCF21, 0x161210380A082CA6, 0x192FB0F755F9FB6B, 0x1D1D8E3DB8CE7310, 0x1E236CA8E4A0E146, 0x2B4816BD87376AA3, 0x30EA8E3DAB2022B6, 0x341023E50A5AF296, 0x382AF0C23A12C318, 0x3DD8EA530868E561, 0x3F6C008F32FE3D33, 0x4213AE49667A8570, 0x52E28B6A39EBAF18, 0x68053536F4B78B31, 0x69E6555960AC4957, 0x6D903948AD06648A, 0x733D6B444EF44DE1, 0x76CEF1929D90BDC8, 0x8A3BF58236BAB5EE, 0xA46C307BB6FFCB19, 0xA4ADA10820E40A59, 0xACA2948D1DEE9DA6, 0xBE928CE879426290, 0xD74088F78FFBED17, 0xD84E0241FB4E93F6, 0xDDF1BE54CD1936C8, 0xF56A533A409D3015, 0xF8A7EB3A1A6FE3FB, -0x51D36BDF7C5C3E9D, -0x6F26C2C14C981112, -0x72EAE28ED2166958, -0x7ECA4C36B688596C
[21:32:48.483] info:  Built-in extension providers:
[21:32:48.483] info:    Win32 WSI
[21:32:48.483] info:    OpenVR
[21:32:48.483] info:    OpenXR
[21:32:48.483] info:  OpenVR: could not open registry key, status 2
[21:32:48.484] info:  OpenVR: Failed to locate module
[21:32:48.569] info:  Enabled instance extensions:
[21:32:48.569] info:    VK_KHR_external_memory_capabilities
[21:32:48.569] info:    VK_KHR_external_semaphore_capabilities
[21:32:48.569] info:    VK_KHR_get_physical_device_properties2
[21:32:48.569] info:    VK_KHR_get_surface_capabilities2
[21:32:48.569] info:    VK_KHR_surface
[21:32:48.569] info:    VK_KHR_win32_surface
[21:32:48.575] info:  Enabled Layer Names:
[21:32:48.638] warn:  Skipping Integrated GPU adapter: AMD Radeon(TM) Graphics
[21:32:48.638] info:  D3D9: VK_FORMAT_D16_UNORM_S8_UINT -> VK_FORMAT_D24_UNORM_S8_UINT
[21:32:48.638] info:  NVIDIA GeForce RTX 5070:
[21:32:48.638] info:    Driver: 610.47.0
[21:32:48.638] info:    Vulkan: 1.4.341
[21:32:48.638] info:    Memory Heap[0]: 
[21:32:48.638] info:      Size: 11943 MiB
[21:32:48.638] info:      Flags: 0x1
[21:32:48.638] info:      Memory Type[1]: Property Flags = 0x1
[21:32:48.638] info:      Memory Type[4]: Property Flags = 0x7
[21:32:48.638] info:    Memory Heap[1]: 
[21:32:48.638] info:      Size: 15924 MiB
[21:32:48.638] info:      Flags: 0x0
[21:32:48.638] info:      Memory Type[0]: Property Flags = 0x0
[21:32:48.638] info:      Memory Type[2]: Property Flags = 0x6
[21:32:48.638] info:      Memory Type[3]: Property Flags = 0xe
[21:32:48.638] info:  Process set as DPI aware
[21:32:48.669] info:  Device properties:
[21:32:48.669] info:    Device name:     : NVIDIA GeForce RTX 5070
[21:32:48.669] info:    Vendor name:     : NVIDIA
[21:32:48.669] info:    Device ID:       : 0x2f04
[21:32:48.669] info:    Vendor ID:       : 0x10de
[21:32:48.669] info:    Driver version   : 610.47.0
[21:32:48.669] info:  Enabled device extensions:
[21:32:48.669] info:    VK_EXT_4444_formats
[21:32:48.669] info:    VK_EXT_calibrated_timestamps
[21:32:48.669] info:    VK_EXT_conservative_rasterization
[21:32:48.669] info:    VK_EXT_custom_border_color
[21:32:48.669] info:    VK_EXT_depth_clip_enable
[21:32:48.669] info:    VK_EXT_extended_dynamic_state
[21:32:48.669] info:    VK_EXT_full_screen_exclusive
[21:32:48.669] info:    VK_EXT_memory_priority
[21:32:48.669] info:    VK_EXT_opacity_micromap
[21:32:48.669] info:    VK_EXT_robustness2
[21:32:48.669] info:    VK_EXT_shader_atomic_float
[21:32:48.669] info:    VK_EXT_shader_demote_to_helper_invocation
[21:32:48.669] info:    VK_EXT_shader_viewport_index_layer
[21:32:48.669] info:    VK_EXT_transform_feedback
[21:32:48.669] info:    VK_EXT_vertex_attribute_divisor
[21:32:48.669] info:    VK_KHR_acceleration_structure
[21:32:48.669] info:    VK_KHR_buffer_device_address
[21:32:48.669] info:    VK_KHR_create_renderpass2
[21:32:48.669] info:    VK_KHR_deferred_host_operations
[21:32:48.669] info:    VK_KHR_depth_stencil_resolve
[21:32:48.669] info:    VK_KHR_draw_indirect_count
[21:32:48.669] info:    VK_KHR_driver_properties
[21:32:48.669] info:    VK_KHR_external_memory
[21:32:48.669] info:    VK_KHR_external_memory_win32
[21:32:48.669] info:    VK_KHR_external_semaphore
[21:32:48.669] info:    VK_KHR_external_semaphore_win32
[21:32:48.669] info:    VK_KHR_image_format_list
[21:32:48.669] info:    VK_KHR_maintenance4
[21:32:48.669] info:    VK_KHR_pipeline_library
[21:32:48.669] info:    VK_KHR_push_descriptor
[21:32:48.669] info:    VK_KHR_ray_query
[21:32:48.669] info:    VK_KHR_ray_tracing_pipeline
[21:32:48.669] info:    VK_KHR_sampler_mirror_clamp_to_edge
[21:32:48.669] info:    VK_KHR_shader_float16_int8
[21:32:48.669] info:    VK_KHR_shader_float_controls
[21:32:48.669] info:    VK_KHR_swapchain
[21:32:48.669] info:    VK_KHR_synchronization2
[21:32:48.669] info:    VK_NVX_binary_import
[21:32:48.669] info:    VK_NVX_image_view_handle
[21:32:48.669] info:    VK_NV_low_latency
[21:32:48.669] info:    VK_NV_present_metering
[21:32:48.669] info:    VK_NV_ray_tracing_invocation_reorder
[21:32:48.669] info:  Device features:
[21:32:48.669] info:    robustBufferAccess                     : 1
[21:32:48.669] info:    fullDrawIndexUint32                    : 1
[21:32:48.669] info:    imageCubeArray                         : 1
[21:32:48.669] info:    independentBlend                       : 1
[21:32:48.669] info:    geometryShader                         : 1
[21:32:48.669] info:    tessellationShader                     : 0
[21:32:48.669] info:    sampleRateShading                      : 1
[21:32:48.669] info:    dualSrcBlend                           : 0
[21:32:48.669] info:    logicOp                                : 0
[21:32:48.669] info:    multiDrawIndirect                      : 0
[21:32:48.669] info:    drawIndirectFirstInstance              : 0
[21:32:48.669] info:    depthClamp                             : 1
[21:32:48.669] info:    depthBiasClamp                         : 1
[21:32:48.669] info:    fillModeNonSolid                       : 1
[21:32:48.669] info:    depthBounds                            : 1
[21:32:48.669] info:    multiViewport                          : 1
[21:32:48.669] info:    samplerAnisotropy                      : 1
[21:32:48.669] info:    textureCompressionBC                   : 1
[21:32:48.669] info:    occlusionQueryPrecise                  : 1
[21:32:48.669] info:    pipelineStatisticsQuery                : 1
[21:32:48.669] info:    vertexPipelineStoresAndAtomics         : 1
[21:32:48.669] info:    fragmentStoresAndAtomics               : 0
[21:32:48.669] info:    shaderImageGatherExtended              : 0
[21:32:48.669] info:    shaderStorageImageExtendedFormats      : 0
[21:32:48.669] info:    shaderStorageImageReadWithoutFormat    : 0
[21:32:48.669] info:    shaderStorageImageWriteWithoutFormat   : 1
[21:32:48.669] info:    shaderClipDistance                     : 1
[21:32:48.669] info:    shaderCullDistance                     : 1
[21:32:48.669] info:    shaderFloat64                          : 0
[21:32:48.669] info:    shaderInt64                            : 0
[21:32:48.669] info:    variableMultisampleRate                : 0
[21:32:48.669] info:    hostQueryReset                         : 1
[21:32:48.669] info:    scalarBlockLayout                      : 1
[21:32:48.669] info:    uniformBufferStandardLayout            : 1
[21:32:48.669] info:  VK_EXT_4444_formats
[21:32:48.669] info:    formatA4R4G4B4                         : 1
[21:32:48.669] info:    formatA4B4G4R4                         : 1
[21:32:48.669] info:  VK_EXT_custom_border_color
[21:32:48.669] info:    customBorderColors                     : 1
[21:32:48.669] info:    customBorderColorWithoutFormat         : 1
[21:32:48.669] info:  VK_EXT_depth_clip_enable
[21:32:48.669] info:    depthClipEnable                        : 1
[21:32:48.669] info:  VK_EXT_extended_dynamic_state
[21:32:48.669] info:    extendedDynamicState                   : 1
[21:32:48.669] info:  VK_EXT_memory_priority
[21:32:48.669] info:    memoryPriority                         : 1
[21:32:48.669] info:  VK_EXT_robustness2
[21:32:48.669] info:    robustBufferAccess2                    : 1
[21:32:48.669] info:    robustImageAccess2                     : 0
[21:32:48.669] info:    nullDescriptor                         : 1
[21:32:48.669] info:  VK_EXT_shader_demote_to_helper_invocation
[21:32:48.669] info:    shaderDemoteToHelperInvocation         : 1
[21:32:48.669] info:  VK_EXT_transform_feedback
[21:32:48.669] info:    transformFeedback                      : 1
[21:32:48.669] info:    geometryStreams                        : 0
[21:32:48.669] info:  VK_EXT_vertex_attribute_divisor
[21:32:48.669] info:    vertexAttributeInstanceRateDivisor     : 1
[21:32:48.669] info:    vertexAttributeInstanceRateZeroDivisor : 1
[21:32:48.669] info:  VK_KHR_buffer_device_address
[21:32:48.669] info:    bufferDeviceAddress                    : 1
[21:32:48.669] info:  Queue families:
[21:32:48.669] info:    Graphics : 0
[21:32:48.669] info:    Transfer : 1
[21:32:48.669] info:    Async Compute : 2
[21:32:48.669] info:    Present : 2
[21:32:48.859] info:  DXVK: Read 834 valid state cache entries
[21:32:48.859] info:  DXVK: Using 7 compiler threads
[21:32:48.861] info:  [RTX info] Neural Radiance Cache: supported
[21:32:50.518] info:  Reflex initialized successfully.
[21:32:50.528] info:  Automatic Raytrace Mode Preset in use (Set rtx.raytraceModePreset to something other than Auto use a non-automatic preset)
[21:32:50.528] info:  NVIDIA architecture detected, setting default raytrace modes to Trace Ray (Indirect Integrate) and Ray Query (GBuffer, Direct Integrate)
[21:32:50.552] info:  [RTX info] Opacity Micromap: supported
[21:32:50.553] info:  [RTX info] Shader Execution Reordering: supported
[21:32:50.553] info:  [RTX info] Shader Execution Reordering: enabled
[21:32:50.553] info:  CPU supports SIMD: AVX2
[21:32:50.558] info:  D3D9DeviceEx::ResetSwapChain:
[21:32:50.558] info:    Requested Presentation Parameters
[21:32:50.558] info:      - Width:              2560
[21:32:50.558] info:      - Height:             1440
[21:32:50.558] info:      - Format:             D3D9Format::X8R8G8B8
[21:32:50.558] info:      - Auto Depth Stencil: false
[21:32:50.558] info:                  ^ Format: D3D9Format::Unknown
[21:32:50.558] info:      - Windowed:           false
[21:32:50.572] info:  Presenter: Actual swap chain properties:
[21:32:50.572] info:    Format:       VK_FORMAT_R8G8B8A8_UNORM
[21:32:50.572] info:    Present mode: VK_PRESENT_MODE_IMMEDIATE_KHR
[21:32:50.572] info:    Buffer size:  2544x1401
[21:32:50.572] info:    Image count:  3
[21:32:50.572] info:    Exclusive FS: 2
[21:32:50.830] info:  Presenter: Actual swap chain properties:
[21:32:50.830] info:    Format:       VK_FORMAT_R8G8B8A8_UNORM
[21:32:50.830] info:    Present mode: VK_PRESENT_MODE_FIFO_KHR
[21:32:50.830] info:    Buffer size:  2544x1401
[21:32:50.830] info:    Image count:  4
[21:32:50.830] info:    Exclusive FS: 2
[21:32:50.892] info:  No winproc detected, initiating bridge message channel for: 0000000000030F1C
[21:32:51.815] warn:  D3D9DeviceEx::SetRenderState: Unhandled render state D3DRS_DITHERENABLE
[21:32:51.816] warn:  D3D9DeviceEx::SetRenderState: Unhandled render state D3DRS_LASTPIXEL
[21:32:51.952] info:  Message channel UWM_REMIX_BRIDGE_REGISTER_THREADPROC_MSG established.
[21:32:51.982] info:  [RTX-Compatibility-Info] Trying to raytrace but not detecting a valid camera.
[21:32:52.003] info:  Presenter: Actual swap chain properties:
[21:32:52.003] info:    Format:       VK_FORMAT_R8G8B8A8_UNORM
[21:32:52.003] info:    Present mode: VK_PRESENT_MODE_FIFO_KHR
[21:32:52.003] info:    Buffer size:  2560x1440
[21:32:52.003] info:    Image count:  4
[21:32:52.003] info:    Exclusive FS: 2
[21:32:52.222] info:  [RTX-Compatibility-Info] Skipped drawcall, using pre-transformed vertices which isn't currently supported.
[21:33:01.157] info:  [RTX-Compatibility-Info] Texture 0 without valid hash detected, skipping drawcall.
[21:33:01.158] info:  [RTX] Opacity Micromap: enabled
[21:33:01.159] info:  RenderPass GBuffer Raytrace Mode: Ray Query (CS)
[21:33:01.159] info:  RenderPass Integrate Direct Raytrace Mode: Ray Query (CS)
[21:33:01.159] info:  RenderPass Integrate Indirect Raytrace Mode: Trace Ray (RGS)
[21:33:01.387] info:  [RTX Neural Radiance Cache] NRC SDK: Loading the default network config data.
[21:33:01.394] info:  [RTX Neural Radiance Cache] NRC v0.13 (22 January 2025) Context successfully initialized. 
[21:33:01.394] info:  [RTX-Compatibility-Info] Volume Froxel Max Distance set to 2000 but current camera frustum allows only a maximum of 999.596
[21:33:01.400] info:  [RTX] Integrate Indirect Mode: Neural Radiance Cache - activated
[21:33:02.799] info:  Presenter: Actual swap chain properties:
[21:33:02.799] info:    Format:       VK_FORMAT_R8G8B8A8_UNORM
[21:33:02.799] info:    Present mode: VK_PRESENT_MODE_IMMEDIATE_KHR
[21:33:02.799] info:    Buffer size:  2560x1440
[21:33:02.799] info:    Image count:  4
[21:33:02.799] info:    Exclusive FS: 2
[21:33:03.659] info:  Camera cut detected on frame 402
[21:33:03.659] info:  [RTX] Opacity Micromap: enabled
[21:33:03.661] info:  [RTX Neural Radiance Cache] NRC SDK: Loading the default network config data.
[21:33:03.663] info:  [RTX Neural Radiance Cache] NRC v0.13 (22 January 2025) Context successfully initialized. 
[21:33:03.748] info:  [RTX Opacity Micromap] Instance has non triangle list topology. This is only partially supported. Falling back to a conservative max value for estimated numTexelsPerMicroTriangle instead.
[21:34:48.598] info:  Camera cut detected on frame 18107
[21:34:48.598] info:  [RTX] Opacity Micromap: enabled
[21:34:48.600] info:  [RTX Neural Radiance Cache] NRC SDK: Loading the default network config data.
[21:34:48.602] info:  [RTX Neural Radiance Cache] NRC v0.13 (22 January 2025) Context successfully initialized. 
[21:34:48.636] info:  Camera cut detected on frame 18108
[21:34:48.636] info:  [RTX] Opacity Micromap: enabled
[21:34:48.638] info:  [RTX Neural Radiance Cache] NRC SDK: Loading the default network config data.
[21:34:48.639] info:  [RTX Neural Radiance Cache] NRC v0.13 (22 January 2025) Context successfully initialized. 
[21:34:48.801] info:  Camera cut detected on frame 18118
[21:34:48.801] info:  [RTX] Opacity Micromap: enabled
[21:34:48.803] info:  [RTX Neural Radiance Cache] NRC SDK: Loading the default network config data.
[21:34:48.805] info:  [RTX Neural Radiance Cache] NRC v0.13 (22 January 2025) Context successfully initialized. 
[21:36:41.904] info:  Camera cut detected on frame 25479
[21:36:41.905] info:  [RTX] Opacity Micromap: enabled
[21:36:41.906] info:  [RTX Neural Radiance Cache] NRC SDK: Loading the default network config data.
[21:36:41.909] info:  [RTX Neural Radiance Cache] NRC v0.13 (22 January 2025) Context successfully initialized. 
[21:36:42.786] info:  Camera cut detected on frame 25531
[21:36:42.786] info:  [RTX] Opacity Micromap: enabled
[21:36:42.787] info:  [RTX Neural Radiance Cache] NRC SDK: Loading the default network config data.
[21:36:42.790] info:  [RTX Neural Radiance Cache] NRC v0.13 (22 January 2025) Context successfully initialized. 
[21:36:42.838] info:  Camera cut detected on frame 25533
[21:36:42.838] info:  [RTX] Opacity Micromap: enabled
[21:36:42.840] info:  [RTX Neural Radiance Cache] NRC SDK: Loading the default network config data.
[21:36:42.842] info:  [RTX Neural Radiance Cache] NRC v0.13 (22 January 2025) Context successfully initialized. 
[21:42:03.505] info:  lightmaptextures - added (positive opinion) 96C40AA9AAE166E5
[21:42:03.524] warn:  Found a null sampler. Fallback to linear-repeat
[21:42:04.501] info:  lightmaptextures - removed (negative opinion) 96C40AA9AAE166E5
[21:42:14.420] info:  skytextures - added (positive opinion) 96C40AA9AAE166E5
[21:42:30.221] info:  Attempting to parse option layer: rtx.conf...
[21:42:30.221] info:  Found config file: rtx.conf
[21:42:30.221] info:  Parsed config file.
[21:42:30.222] info:  [RTX Option]: Reloaded layer config from 'rtx.conf'
[21:42:35.313] info:  particletextures - added (positive opinion) D2B89FD7D6582428
[21:42:35.844] info:  particletextures - removed (negative opinion) D2B89FD7D6582428
[21:42:36.392] info:  ignorelights - added (positive opinion) D2B89FD7D6582428
[21:42:36.897] info:  ignorelights - removed (negative opinion) D2B89FD7D6582428
[21:42:37.383] info:  lightmaptextures - added (positive opinion) D2B89FD7D6582428
[21:42:38.094] info:  lightmaptextures - removed (negative opinion) D2B89FD7D6582428
[21:42:41.061] info:  playermodeltextures - added (positive opinion) D2B89FD7D6582428
[21:42:41.835] info:  playermodeltextures - removed (negative opinion) D2B89FD7D6582428
[21:42:42.590] info:  opacitymicromapignoretextures - added (positive opinion) D2B89FD7D6582428
[21:42:42.991] info:  opacitymicromapignoretextures - removed (negative opinion) D2B89FD7D6582428
[21:42:45.326] info:  ignoretextures - added (positive opinion) D2B89FD7D6582428
[21:42:46.177] info:  ignoretextures - removed (negative opinion) D2B89FD7D6582428
[21:42:46.817] info:  ignoretextures - added (positive opinion) D2B89FD7D6582428
[21:42:47.270] info:  ignoretextures - removed (negative opinion) D2B89FD7D6582428
[21:42:48.702] info:  uitextures - added (positive opinion) D2B89FD7D6582428
[21:42:48.719] err:   Attempted invert a non-invertible matrix.
[21:42:50.162] info:  uitextures - removed (negative opinion) D2B89FD7D6582428
[21:42:51.268] info:  uitextures - added (positive opinion) D2B89FD7D6582428
[21:42:52.869] info:  uitextures - removed (negative opinion) D2B89FD7D6582428
[21:42:53.669] info:  worldspaceuitextures - added (positive opinion) D2B89FD7D6582428
[21:43:14.889] warn:  Found multiple draw calls with the same 'objectPickingValue'. Ignoring further MetaInfo-s, some objects might be not be available through object picking
[21:43:19.071] info:  [RTX Opacity Micromap] Out of memory budget. Requested: 821162 bytes. Free: 555976 bytes, Budget: 1610612736 bytes
[21:43:21.407] info:  Attempting to parse option layer: rtx.conf...
[21:43:21.407] info:  Found config file: rtx.conf
[21:43:21.407] info:  Parsed config file.
[21:43:21.408] info:  [RTX Option]: Reloaded layer config from 'rtx.conf'
[21:43:34.501] info:  worldspaceuitextures - added (positive opinion) D2B89FD7D6582428
[21:43:51.526] info:  Attempting to parse option layer: rtx.conf...
[21:43:51.526] info:  Found config file: rtx.conf
[21:43:51.526] info:  Parsed config file.
[21:43:51.526] info:  [RTX Option]: Reloaded layer config from 'rtx.conf'
[21:46:20.322] info:  Camera cut detected on frame 57273
[21:46:20.322] info:  [RTX] Opacity Micromap: enabled
[21:46:20.324] info:  [RTX Neural Radiance Cache] NRC SDK: Loading the default network config data.
[21:46:20.326] info:  [RTX Neural Radiance Cache] NRC v0.13 (22 January 2025) Context successfully initialized. 
[21:47:19.205] err:   [41] common device objects were not disposed of.
