[20:40:51.782] info:  [20:40:51.781] info:  No default config found for: C:\GOG Games\Total Overdose\TOD.exe
[20:40:51.782] info:  [20:40:51.781] info:  Trying to open config file: C:\GOG Games\Total Overdose\.trex\bridge.conf
[20:40:51.783] warn:  [20:40:51.781] warn:  Option failed to parse: moduleClientChannelMemSize
[20:40:51.783] warn:  [20:40:51.781] warn:  Option failed to parse: moduleClientCmdQueueSize
[20:40:51.783] warn:  [20:40:51.781] warn:  Option failed to parse: moduleClientDataQueueSize
[20:40:51.783] warn:  [20:40:51.781] warn:  Option failed to parse: moduleServerChannelMemSize
[20:40:51.783] warn:  [20:40:51.781] warn:  Option failed to parse: moduleServerCmdQueueSize
[20:40:51.783] warn:  [20:40:51.781] warn:  Option failed to parse: moduleServerDataQueueSize
[20:40:51.783] warn:  [20:40:51.781] warn:  Option failed to parse: clientChannelMemSize
[20:40:51.783] warn:  [20:40:51.781] warn:  Option failed to parse: clientCmdQueueSize
[20:40:51.783] warn:  [20:40:51.781] warn:  Option failed to parse: clientDataQueueSize
[20:40:51.783] warn:  [20:40:51.781] warn:  Option failed to parse: serverChannelMemSize
[20:40:51.783] warn:  [20:40:51.781] warn:  Option failed to parse: serverCmdQueueSize
[20:40:51.783] warn:  [20:40:51.781] warn:  Option failed to parse: serverDataQueueSize
[20:40:51.783] warn:  [20:40:51.781] warn:  Option failed to parse: sendReadOnlyCalls
[20:40:51.783] warn:  [20:40:51.781] warn:  Option failed to parse: sendAllServerResponses
[20:40:51.783] warn:  [20:40:51.781] warn:  Option failed to parse: sendCreateFunctionServerResponses
[20:40:51.783] warn:  [20:40:51.782] warn:  Option failed to parse: logApiCalls
[20:40:51.783] warn:  [20:40:51.782] warn:  Option failed to parse: logAllCalls
[20:40:51.783] warn:  [20:40:51.782] warn:  Option failed to parse: logAllCommands
[20:40:51.783] warn:  [20:40:51.782] warn:  Option failed to parse: logServerCommands
[20:40:51.783] warn:  [20:40:51.782] warn:  Option failed to parse: commandTimeout
[20:40:51.783] warn:  [20:40:51.782] warn:  Option failed to parse: startupTimeout
[20:40:51.783] warn:  [20:40:51.782] warn:  Option failed to parse: commandRetries
[20:40:51.783] warn:  [20:40:51.782] warn:  Option failed to parse: ackTimeout
[20:40:51.783] warn:  [20:40:51.782] warn:  Option failed to parse: infiniteRetries
[20:40:51.783] warn:  [20:40:51.782] warn:  Option failed to parse: logLevel
[20:40:51.783] warn:  [20:40:51.782] warn:  Option failed to parse: keyStateCircBufMaxSize
[20:40:51.783] warn:  [20:40:51.782] warn:  Option failed to parse: presentSemaphoreMaxFrames
[20:40:51.783] warn:  [20:40:51.782] warn:  Option failed to parse: presentSemaphoreEnabled
[20:40:51.783] warn:  [20:40:51.782] warn:  Option failed to parse: commandBatchingEnabled
[20:40:51.783] warn:  [20:40:51.782] warn:  Option failed to parse: disableTimeoutsWhenDebugging
[20:40:51.783] warn:  [20:40:51.782] warn:  Option failed to parse: disableTimeouts
[20:40:51.783] warn:  [20:40:51.782] warn:  Option failed to parse: useSharedHeap
[20:40:51.783] warn:  [20:40:51.782] warn:  Option failed to parse: sharedHeapDefaultSegmentSize
[20:40:51.783] warn:  [20:40:51.782] warn:  Option failed to parse: sharedHeapChunkSize
[20:40:51.783] warn:  [20:40:51.782] warn:  Option failed to parse: sharedHeapFreeChunkWaitTimeout
[20:40:51.783] warn:  [20:40:51.782] warn:  Option failed to parse: threadSafetyPolicy
[20:40:51.783] warn:  [20:40:51.782] warn:  Option failed to parse: alwaysCopyEntireStaticBuffer
[20:40:51.783] warn:  [20:40:51.782] warn:  Option failed to parse: exposeRemixApi
[20:40:51.783] warn:  [20:40:51.782] warn:  Option failed to parse: eliminateRedundantSetterCalls
[20:40:51.785] warn:  Option failed to parse: client.setExceptionHandler
[20:40:51.785] info:  ==================
[20:40:51.785] info:  NVIDIA RTX Remix Bridge Client
[20:40:51.785] info:  ==================
[20:40:51.785] info:  Version: remix-main+cfb6edc9
[20:40:51.785] info:  Loaded d3d9.dll from C
[20:40:51.785] warn:  Option failed to parse: client.hookMessagePump
[20:40:51.785] warn:  Option failed to parse: client.overrideCustomWinHooks
[20:40:51.794] info:  DirectInput8 hook attached.
[20:40:51.801] info:  DirectInput hook attached.
[20:40:51.802] warn:  Option failed to parse: client.DirectInput.forward.mousePolicy
[20:40:51.802] warn:  Option failed to parse: client.DirectInput.forward.keyboardPolicy
[20:40:51.802] info:  Initializing new shared memory object.
[20:40:51.803] info:  Initializing new shared memory object.
[20:40:51.804] info:  Initializing new shared memory object.
[20:40:51.827] info:  Initializing new shared memory object.
[20:40:51.879] warn:  Option failed to parse: client.setExceptionHandler
[20:40:51.879] info:  Launching server with GUID 16ce6927-f308-4f95-89b8-57193b959080
[20:40:51.882] warn:  Option failed to parse: client.enableDpiAwareness
[20:40:51.882] info:  Process set as DPI aware
[20:40:51.883] info:  Sending SYN command, waiting for ACK from server...
[20:40:51.916] warn:  Option failed to parse: client.DirectInput.disableExclusiveInput
[20:40:51.917] warn:  Option failed to parse: client.DirectInput.disableExclusiveInput
[20:40:52.050] warn:  Option failed to parse: client.setExceptionHandler
[20:40:52.129] info:  Ack received! Handshake completed! Telling server to continue waiting for commands...
[20:40:52.146] warn:  Option failed to parse: client.forceWindowed
[20:40:52.146] warn:  Window extent != backbuffer extent in fullscreen mode. Forcing window extent to backbuffer size (2560x1440).
[20:40:52.148] info:  Creating a NON thread-safe D3D9 device.
[20:40:52.148] warn:  Option failed to parse: client.setExceptionHandler
[20:40:54.105] warn:  Option failed to parse: client.forceWindowed
[20:40:54.105] info:  Setting display mode: 2560x1440@60
[20:40:54.585] info:  Window's position is reset. New window's position - Left: 0, Top: 0, Right: 2560, Bottom: 1440
[20:40:54.587] warn:  Option failed to parse: client.optimizedDynamicLock
[20:40:54.587] warn:  Option failed to parse: client.optimizedDynamicLock
[20:40:54.587] warn:  Option failed to parse: client.optimizedDynamicLock
[20:40:54.588] warn:  Option failed to parse: client.optimizedDynamicLock
[20:40:54.588] warn:  Option failed to parse: client.optimizedDynamicLock
[20:40:54.588] warn:  Option failed to parse: client.optimizedDynamicLock
[20:40:54.683] info:  Message channel UWM_REMIX_BRIDGE_REGISTER_THREADPROC_MSG handshake complete.
[20:40:54.685] info:  Remix UI deactivated.
[20:41:01.106] warn:  Option failed to parse: client.optimizedDynamicLock
[20:41:01.106] warn:  Option failed to parse: client.optimizedDynamicLock
[20:41:01.106] warn:  Option failed to parse: client.optimizedDynamicLock
[20:41:01.107] warn:  Option failed to parse: client.optimizedDynamicLock
[20:41:01.107] warn:  Option failed to parse: client.optimizedDynamicLock
[20:41:01.107] warn:  Option failed to parse: client.optimizedDynamicLock
[20:41:01.107] warn:  Option failed to parse: client.optimizedDynamicLock
[20:41:01.107] warn:  Option failed to parse: client.optimizedDynamicLock
[20:41:01.107] warn:  Option failed to parse: client.optimizedDynamicLock
[20:41:01.107] warn:  Option failed to parse: client.optimizedDynamicLock
[20:41:01.107] warn:  Option failed to parse: client.optimizedDynamicLock
[20:41:01.107] warn:  Option failed to parse: client.optimizedDynamicLock
[20:41:01.107] warn:  Option failed to parse: client.optimizedDynamicLock
[20:41:01.107] warn:  Option failed to parse: client.optimizedDynamicLock
[20:41:01.107] warn:  Option failed to parse: client.optimizedDynamicLock
[20:41:01.107] warn:  Option failed to parse: client.optimizedDynamicLock
[20:41:01.107] warn:  Option failed to parse: client.optimizedDynamicLock
[20:41:01.107] warn:  Option failed to parse: client.optimizedDynamicLock
[20:41:01.107] warn:  Option failed to parse: client.optimizedDynamicLock
[20:41:01.107] warn:  Option failed to parse: client.optimizedDynamicLock
[20:41:01.107] warn:  Option failed to parse: client.optimizedDynamicLock
[20:41:01.107] warn:  Option failed to parse: client.optimizedDynamicLock
[20:41:01.107] warn:  Option failed to parse: client.optimizedDynamicLock
[20:41:01.107] warn:  Option failed to parse: client.optimizedDynamicLock
[20:41:01.155] warn:  Option failed to parse: client.optimizedDynamicLock
[20:41:01.155] warn:  Option failed to parse: client.optimizedDynamicLock
[20:41:01.190] warn:  Option failed to parse: client.optimizedDynamicLock
[20:41:01.190] warn:  Option failed to parse: client.optimizedDynamicLock
[20:41:01.190] warn:  Option failed to parse: client.optimizedDynamicLock
[20:41:01.190] warn:  Option failed to parse: client.optimizedDynamicLock
[20:41:01.190] warn:  Option failed to parse: client.optimizedDynamicLock
[20:41:01.190] warn:  Option failed to parse: client.optimizedDynamicLock
[20:41:01.190] warn:  Option failed to parse: client.optimizedDynamicLock
[20:41:01.190] warn:  Option failed to parse: client.optimizedDynamicLock
[20:41:01.190] warn:  Option failed to parse: client.optimizedDynamicLock
[20:41:01.191] warn:  Option failed to parse: client.optimizedDynamicLock
[20:41:01.191] warn:  Option failed to parse: client.optimizedDynamicLock
[20:41:01.191] warn:  Option failed to parse: client.optimizedDynamicLock
[20:41:01.191] warn:  Option failed to parse: client.optimizedDynamicLock
[20:41:01.191] warn:  Option failed to parse: client.optimizedDynamicLock
[20:41:01.191] warn:  Option failed to parse: client.optimizedDynamicLock
[20:41:01.191] warn:  Option failed to parse: client.optimizedDynamicLock
[20:41:01.191] warn:  Option failed to parse: client.optimizedDynamicLock
[20:41:01.191] warn:  Option failed to parse: client.optimizedDynamicLock
[20:41:01.191] warn:  Option failed to parse: client.optimizedDynamicLock
[20:41:01.191] warn:  Option failed to parse: client.optimizedDynamicLock
[20:41:01.191] warn:  Option failed to parse: client.optimizedDynamicLock
[20:41:01.191] warn:  Option failed to parse: client.optimizedDynamicLock
[20:41:01.191] warn:  Option failed to parse: client.optimizedDynamicLock
[20:41:01.191] warn:  Option failed to parse: client.optimizedDynamicLock
[20:41:01.191] warn:  Option failed to parse: client.optimizedDynamicLock
[20:41:01.191] warn:  Option failed to parse: client.optimizedDynamicLock
[20:41:01.192] warn:  Option failed to parse: client.optimizedDynamicLock
[20:41:01.192] warn:  Option failed to parse: client.optimizedDynamicLock
[20:41:01.192] warn:  Option failed to parse: client.optimizedDynamicLock
[20:41:01.192] warn:  Option failed to parse: client.optimizedDynamicLock
[20:41:01.269] warn:  Option failed to parse: client.optimizedDynamicLock
[20:41:01.269] warn:  Option failed to parse: client.optimizedDynamicLock
[20:41:01.269] warn:  Option failed to parse: client.optimizedDynamicLock
[20:41:01.270] warn:  Option failed to parse: client.optimizedDynamicLock
[20:41:01.270] warn:  Option failed to parse: client.optimizedDynamicLock
[20:41:01.270] warn:  Option failed to parse: client.optimizedDynamicLock
[20:41:01.270] warn:  Option failed to parse: client.optimizedDynamicLock
[20:41:01.270] warn:  Option failed to parse: client.optimizedDynamicLock
[20:41:01.270] warn:  Option failed to parse: client.optimizedDynamicLock
[20:41:01.270] warn:  Option failed to parse: client.optimizedDynamicLock
[20:41:01.270] warn:  Option failed to parse: client.optimizedDynamicLock
[20:41:01.270] warn:  Option failed to parse: client.optimizedDynamicLock
[20:41:01.270] warn:  Option failed to parse: client.optimizedDynamicLock
[20:41:01.270] warn:  Option failed to parse: client.optimizedDynamicLock
[20:41:01.270] warn:  Option failed to parse: client.optimizedDynamicLock
[20:41:01.270] warn:  Option failed to parse: client.optimizedDynamicLock
[20:41:01.270] warn:  Option failed to parse: client.optimizedDynamicLock
[20:41:01.271] warn:  Option failed to parse: client.optimizedDynamicLock
[20:41:01.271] warn:  Option failed to parse: client.optimizedDynamicLock
[20:41:01.271] warn:  Option failed to parse: client.optimizedDynamicLock
[20:41:01.271] warn:  Option failed to parse: client.optimizedDynamicLock
[20:41:01.271] warn:  Option failed to parse: client.optimizedDynamicLock
[20:41:01.271] warn:  Option failed to parse: client.optimizedDynamicLock
[20:41:01.271] warn:  Option failed to parse: client.optimizedDynamicLock
[20:41:01.271] warn:  Option failed to parse: client.optimizedDynamicLock
[20:41:01.271] warn:  Option failed to parse: client.optimizedDynamicLock
[20:41:01.271] warn:  Option failed to parse: client.optimizedDynamicLock
[20:41:01.271] warn:  Option failed to parse: client.optimizedDynamicLock
[20:41:01.271] warn:  Option failed to parse: client.optimizedDynamicLock
[20:41:01.271] warn:  Option failed to parse: client.optimizedDynamicLock
[20:41:02.624] warn:  DirectInput: unable to translate VSC: 208
[20:41:02.625] warn:  DirectInput: unable to translate VSC: 208
[20:41:02.625] warn:  DirectInput: unable to translate VSC: 208
[20:41:02.673] warn:  DirectInput: unable to translate VSC: 208
[20:41:02.673] warn:  DirectInput: unable to translate VSC: 208
[20:41:02.674] warn:  DirectInput: unable to translate VSC: 208
[20:41:02.723] warn:  DirectInput: unable to translate VSC: 208
[20:41:02.724] warn:  DirectInput: unable to translate VSC: 208
[20:41:02.724] warn:  DirectInput: unable to translate VSC: 208
[20:41:05.787] warn:  Option failed to parse: client.optimizedDynamicLock
[20:41:05.787] warn:  Option failed to parse: client.optimizedDynamicLock
[20:41:05.787] warn:  Option failed to parse: client.optimizedDynamicLock
[20:41:05.787] warn:  Option failed to parse: client.optimizedDynamicLock
[20:41:05.787] warn:  Option failed to parse: client.optimizedDynamicLock
[20:41:05.787] warn:  Option failed to parse: client.optimizedDynamicLock
[20:41:05.788] warn:  Option failed to parse: client.optimizedDynamicLock
[20:41:05.788] warn:  Option failed to parse: client.optimizedDynamicLock
[20:41:05.788] warn:  Option failed to parse: client.optimizedDynamicLock
[20:41:05.788] warn:  Option failed to parse: client.optimizedDynamicLock
[20:41:05.788] warn:  Option failed to parse: client.optimizedDynamicLock
[20:41:05.788] warn:  Option failed to parse: client.optimizedDynamicLock
[20:41:05.788] warn:  Option failed to parse: client.optimizedDynamicLock
[20:41:05.788] warn:  Option failed to parse: client.optimizedDynamicLock
[20:41:05.788] warn:  Option failed to parse: client.optimizedDynamicLock
[20:41:05.788] warn:  Option failed to parse: client.optimizedDynamicLock
[20:41:05.788] warn:  Option failed to parse: client.optimizedDynamicLock
[20:41:05.788] warn:  Option failed to parse: client.optimizedDynamicLock
[20:41:05.788] warn:  Option failed to parse: client.optimizedDynamicLock
[20:41:05.788] warn:  Option failed to parse: client.optimizedDynamicLock
[20:41:05.789] warn:  Option failed to parse: client.optimizedDynamicLock
[20:41:05.789] warn:  Option failed to parse: client.optimizedDynamicLock
[20:41:05.789] warn:  Option failed to parse: client.optimizedDynamicLock
[20:41:05.789] warn:  Option failed to parse: client.optimizedDynamicLock
[20:41:05.789] warn:  Option failed to parse: client.optimizedDynamicLock
[20:41:05.789] warn:  Option failed to parse: client.optimizedDynamicLock
[20:41:05.789] warn:  Option failed to parse: client.optimizedDynamicLock
[20:41:05.789] warn:  Option failed to parse: client.optimizedDynamicLock
[20:41:05.789] warn:  Option failed to parse: client.optimizedDynamicLock
[20:41:05.789] warn:  Option failed to parse: client.optimizedDynamicLock
[20:41:05.799] warn:  Option failed to parse: client.optimizedDynamicLock
[20:41:05.799] warn:  Option failed to parse: client.optimizedDynamicLock
[20:41:05.799] warn:  Option failed to parse: client.optimizedDynamicLock
[20:41:05.799] warn:  Option failed to parse: client.optimizedDynamicLock
[20:41:05.799] warn:  Option failed to parse: client.optimizedDynamicLock
[20:41:05.799] warn:  Option failed to parse: client.optimizedDynamicLock
[20:41:05.799] warn:  Option failed to parse: client.optimizedDynamicLock
[20:41:05.799] warn:  Option failed to parse: client.optimizedDynamicLock
[20:41:05.799] warn:  Option failed to parse: client.optimizedDynamicLock
[20:41:05.800] warn:  Option failed to parse: client.optimizedDynamicLock
[20:41:05.800] warn:  Option failed to parse: client.optimizedDynamicLock
[20:41:05.800] warn:  Option failed to parse: client.optimizedDynamicLock
[20:41:05.800] warn:  Option failed to parse: client.optimizedDynamicLock
[20:41:05.800] warn:  Option failed to parse: client.optimizedDynamicLock
[20:41:05.800] warn:  Option failed to parse: client.optimizedDynamicLock
[20:41:05.800] warn:  Option failed to parse: client.optimizedDynamicLock
[20:41:05.800] warn:  Option failed to parse: client.optimizedDynamicLock
[20:41:05.800] warn:  Option failed to parse: client.optimizedDynamicLock
[20:41:05.800] warn:  Option failed to parse: client.optimizedDynamicLock
[20:41:05.800] warn:  Option failed to parse: client.optimizedDynamicLock
[20:41:05.800] warn:  Option failed to parse: client.optimizedDynamicLock
[20:41:05.801] warn:  Option failed to parse: client.optimizedDynamicLock
[20:41:05.801] warn:  Option failed to parse: client.optimizedDynamicLock
[20:41:05.801] warn:  Option failed to parse: client.optimizedDynamicLock
[20:41:05.801] warn:  Option failed to parse: client.optimizedDynamicLock
[20:41:05.801] warn:  Option failed to parse: client.optimizedDynamicLock
[20:41:05.801] warn:  Option failed to parse: client.optimizedDynamicLock
[20:41:05.801] warn:  Option failed to parse: client.optimizedDynamicLock
[20:41:05.801] warn:  Option failed to parse: client.optimizedDynamicLock
[20:41:05.801] warn:  Option failed to parse: client.optimizedDynamicLock
[20:41:07.402] warn:  Option failed to parse: client.optimizedDynamicLock
[20:41:07.403] warn:  Option failed to parse: client.optimizedDynamicLock
[20:41:07.403] warn:  Option failed to parse: client.optimizedDynamicLock
[20:41:07.403] warn:  Option failed to parse: client.optimizedDynamicLock
[20:41:07.403] warn:  Option failed to parse: client.optimizedDynamicLock
[20:41:07.403] warn:  Option failed to parse: client.optimizedDynamicLock
[20:41:07.403] warn:  Option failed to parse: client.optimizedDynamicLock
[20:41:07.403] warn:  Option failed to parse: client.optimizedDynamicLock
[20:41:07.403] warn:  Option failed to parse: client.optimizedDynamicLock
[20:41:07.403] warn:  Option failed to parse: client.optimizedDynamicLock
[20:41:07.403] warn:  Option failed to parse: client.optimizedDynamicLock
[20:41:07.403] warn:  Option failed to parse: client.optimizedDynamicLock
[20:41:07.403] warn:  Option failed to parse: client.optimizedDynamicLock
[20:41:07.403] warn:  Option failed to parse: client.optimizedDynamicLock
[20:41:07.403] warn:  Option failed to parse: client.optimizedDynamicLock
[20:41:07.403] warn:  Option failed to parse: client.optimizedDynamicLock
[20:41:07.404] warn:  Option failed to parse: client.optimizedDynamicLock
[20:41:07.404] warn:  Option failed to parse: client.optimizedDynamicLock
[20:41:07.404] warn:  Option failed to parse: client.optimizedDynamicLock
[20:41:07.404] warn:  Option failed to parse: client.optimizedDynamicLock
[20:41:07.404] warn:  Option failed to parse: client.optimizedDynamicLock
[20:41:07.404] warn:  Option failed to parse: client.optimizedDynamicLock
[20:41:07.404] warn:  Option failed to parse: client.optimizedDynamicLock
[20:41:07.404] warn:  Option failed to parse: client.optimizedDynamicLock
[20:41:07.405] warn:  Option failed to parse: client.optimizedDynamicLock
[20:41:07.405] warn:  Option failed to parse: client.optimizedDynamicLock
[20:41:07.405] warn:  Option failed to parse: client.optimizedDynamicLock
[20:41:07.405] warn:  Option failed to parse: client.optimizedDynamicLock
[20:41:07.405] warn:  Option failed to parse: client.optimizedDynamicLock
[20:41:07.405] warn:  Option failed to parse: client.optimizedDynamicLock
[20:41:07.497] warn:  Option failed to parse: client.optimizedDynamicLock
[20:41:07.497] warn:  Option failed to parse: client.optimizedDynamicLock
[20:41:07.515] warn:  Option failed to parse: client.optimizedDynamicLock
[20:41:07.515] warn:  Option failed to parse: client.optimizedDynamicLock
[20:41:07.516] warn:  Option failed to parse: client.optimizedDynamicLock
[20:41:07.516] warn:  Option failed to parse: client.optimizedDynamicLock
[20:41:07.516] warn:  Option failed to parse: client.optimizedDynamicLock
[20:41:07.516] warn:  Option failed to parse: client.optimizedDynamicLock
[20:41:07.524] warn:  Option failed to parse: client.optimizedDynamicLock
[20:41:07.524] warn:  Option failed to parse: client.optimizedDynamicLock
[20:41:07.524] warn:  Option failed to parse: client.optimizedDynamicLock
[20:41:07.524] warn:  Option failed to parse: client.optimizedDynamicLock
[20:41:07.524] warn:  Option failed to parse: client.optimizedDynamicLock
[20:41:07.524] warn:  Option failed to parse: client.optimizedDynamicLock
[20:41:07.524] warn:  Option failed to parse: client.optimizedDynamicLock
[20:41:07.525] warn:  Option failed to parse: client.optimizedDynamicLock
[20:41:07.525] warn:  Option failed to parse: client.optimizedDynamicLock
[20:41:07.525] warn:  Option failed to parse: client.optimizedDynamicLock
[20:41:07.525] warn:  Option failed to parse: client.optimizedDynamicLock
[20:41:07.525] warn:  Option failed to parse: client.optimizedDynamicLock
[20:41:07.525] warn:  Option failed to parse: client.optimizedDynamicLock
[20:41:07.525] warn:  Option failed to parse: client.optimizedDynamicLock
[20:41:07.525] warn:  Option failed to parse: client.optimizedDynamicLock
[20:41:07.525] warn:  Option failed to parse: client.optimizedDynamicLock
[20:41:07.525] warn:  Option failed to parse: client.optimizedDynamicLock
[20:41:07.525] warn:  Option failed to parse: client.optimizedDynamicLock
[20:41:07.525] warn:  Option failed to parse: client.optimizedDynamicLock
[20:41:07.526] warn:  Option failed to parse: client.optimizedDynamicLock
[20:41:07.526] warn:  Option failed to parse: client.optimizedDynamicLock
[20:41:07.526] warn:  Option failed to parse: client.optimizedDynamicLock
[20:41:07.526] warn:  Option failed to parse: client.optimizedDynamicLock
[20:41:07.526] warn:  Option failed to parse: client.optimizedDynamicLock
[20:41:07.526] warn:  Option failed to parse: client.optimizedDynamicLock
[20:41:07.526] warn:  Option failed to parse: client.optimizedDynamicLock
[20:41:07.526] warn:  Option failed to parse: client.optimizedDynamicLock
[20:41:07.526] warn:  Option failed to parse: client.optimizedDynamicLock
[20:41:07.526] warn:  Option failed to parse: client.optimizedDynamicLock
[20:41:07.526] warn:  Option failed to parse: client.optimizedDynamicLock
[20:41:07.526] warn:  Option failed to parse: client.optimizedDynamicLock
[20:41:07.526] warn:  Option failed to parse: client.optimizedDynamicLock
[20:41:07.526] warn:  Option failed to parse: client.optimizedDynamicLock
[20:41:07.526] warn:  Option failed to parse: client.optimizedDynamicLock
[20:41:07.527] warn:  Option failed to parse: client.optimizedDynamicLock
[20:41:07.527] warn:  Option failed to parse: client.optimizedDynamicLock
[20:43:55.896] info:  Client window became inactive, disabling timeouts for bridge client...
[20:43:59.769] info:  Window's position is reset. Left: 0, Top: 0, Width: 2560, Height: 1440
[20:43:59.775] info:  Client window became active, reenabling timeouts for bridge client...
[20:47:07.670] info:  Client window became inactive, disabling timeouts for bridge client...
[20:47:12.797] info:  About to unload bridge client.
[20:47:12.797] info:  Sending Terminate command to server...
[20:47:12.804] info:  Server notified that it has cleanly terminated. Cleaning up.
[20:47:13.189] info:  Most recent Device Queue commands sent from Client
[20:47:13.190] info:  Command sent: Terminate
[20:47:13.190] info:  Command sent: IDirect3DVertexBuffer9_Destroy
[20:47:13.190] info:  Command sent: IDirect3DIndexBuffer9_Destroy
[20:47:13.190] info:  Command sent: IDirect3DVertexBuffer9_Destroy
[20:47:13.190] info:  Command sent: IDirect3DVertexBuffer9_Destroy
[20:47:13.190] info:  Command sent: IDirect3DVertexBuffer9_Destroy
[20:47:13.190] info:  Command sent: IDirect3DVertexBuffer9_Destroy
[20:47:13.190] info:  Command sent: Bridge_UnlinkResource
[20:47:13.190] info:  Command sent: IDirect3DTexture9_Destroy
[20:47:13.190] info:  Command sent: Bridge_UnlinkResource
[20:47:13.191] info:  Most recent Device Queue commands received by Server
[20:47:13.191] info:  Command received: Terminate
[20:47:13.191] info:  Command received: IDirect3DVertexBuffer9_Destroy
[20:47:13.191] info:  Command received: IDirect3DIndexBuffer9_Destroy
[20:47:13.191] info:  Command received: IDirect3DVertexBuffer9_Destroy
[20:47:13.191] info:  Command received: IDirect3DVertexBuffer9_Destroy
[20:47:13.191] info:  Command received: IDirect3DVertexBuffer9_Destroy
[20:47:13.191] info:  Command received: IDirect3DVertexBuffer9_Destroy
[20:47:13.191] info:  Command received: Bridge_UnlinkResource
[20:47:13.191] info:  Command received: IDirect3DTexture9_Destroy
[20:47:13.191] info:  Command received: Bridge_UnlinkResource
[20:47:13.191] info:  Most recent Module Queue commands sent from Client
[20:47:13.191] info:  Command sent: IDirect3D9Ex_EnumAdapterModes
[20:47:13.191] info:  Command sent: IDirect3D9Ex_EnumAdapterModes
[20:47:13.191] info:  Command sent: IDirect3D9Ex_EnumAdapterModes
[20:47:13.191] info:  Command sent: IDirect3D9Ex_EnumAdapterModes
[20:47:13.191] info:  Command sent: IDirect3D9Ex_EnumAdapterModes
[20:47:13.191] info:  Most recent Module Queue commands received by Server
[20:47:13.191] info:  Command received: IDirect3D9Ex_EnumAdapterModes
[20:47:13.192] info:  Command received: IDirect3D9Ex_EnumAdapterModes
[20:47:13.192] info:  Command received: IDirect3D9Ex_EnumAdapterModes
[20:47:13.192] info:  Command received: IDirect3D9Ex_EnumAdapterModes
[20:47:13.192] info:  Command received: IDirect3D9Ex_EnumAdapterModes
[20:47:13.192] info:  Shutdown cleanup successful, exiting now!
[20:47:13.192] warn:  Option failed to parse: client.hookMessagePump
[20:47:13.192] info:  DirectInput8 hook detached.
[20:47:13.192] info:  DirectInput hook detached.
[20:47:13.192] info:  [Uptime]: 381s
